BL51 BANKED LINKER/LOCATER V6.22.2.0                                                    06/18/2021  17:32:22  PAGE 1


BL51 BANKED LINKER/LOCATER V6.22.2.0, INVOKED BY:
C:\KEIL_V5\C51\BIN\BL51.EXE .\OBJ\STARTUP.obj, .\OBJ\UART.obj, .\OBJ\BusCtrl.obj, .\OBJ\CommandShell.obj, .\OBJ\Main.obj
>> , .\OBJ\OSD_Graph.obj, .\OBJ\OSDAction.obj, .\OBJ\OSDCtrl.obj, .\OBJ\Timer.obj, .\OBJ\TW28xx_Audio.obj, .\OBJ\TW28xx_
>> Video.obj, .\OBJ\TW2835_Init.obj, .\OBJ\monitor.obj, .\OBJ\Printf.obj TO .\OBJ\TW2835 PRINT (.\OBJ\TW2835.m51) RAMSIZ
>> E (256)


MEMORY MODEL: LARGE


INPUT MODULES INCLUDED:
  .\OBJ\STARTUP.obj (?C_STARTUP)
  .\OBJ\UART.obj (UART)
  .\OBJ\BusCtrl.obj (BUSCTRL)
  .\OBJ\CommandShell.obj (COMMANDSHELL)
  .\OBJ\Main.obj (MAIN)
  .\OBJ\OSD_Graph.obj (OSD_GRAPH)
  .\OBJ\OSDAction.obj (OSDACTION)
  .\OBJ\OSDCtrl.obj (OSDCTRL)
  .\OBJ\Timer.obj (TIMER)
  .\OBJ\TW28xx_Audio.obj (TW28XX_AUDIO)
  .\OBJ\TW28xx_Video.obj (TW28XX_VIDEO)
  .\OBJ\TW2835_Init.obj (TW2835_INIT)
  .\OBJ\monitor.obj (MONITOR)
  .\OBJ\Printf.obj (PRINTF)
  C:\KEIL_V5\C51\LIB\C51L.LIB (?C_INIT)
  C:\KEIL_V5\C51\LIB\C51L.LIB (?C?CLDPTR)
  C:\KEIL_V5\C51\LIB\C51L.LIB (?C?CLDOPTR)
  C:\KEIL_V5\C51\LIB\C51L.LIB (?C?CSTPTR)
  C:\KEIL_V5\C51\LIB\C51L.LIB (?C?IMUL)
  C:\KEIL_V5\C51\LIB\C51L.LIB (?C?IILDX)
  C:\KEIL_V5\C51\LIB\C51L.LIB (?C?ILDIX)
  C:\KEIL_V5\C51\LIB\C51L.LIB (?C?ILDPTR)
  C:\KEIL_V5\C51\LIB\C51L.LIB (?C?IILDOPTR)
  C:\KEIL_V5\C51\LIB\C51L.LIB (?C?LMUL)
  C:\KEIL_V5\C51\LIB\C51L.LIB (?C?ULDIV)
  C:\KEIL_V5\C51\LIB\C51L.LIB (?C?ULCMP)
  C:\KEIL_V5\C51\LIB\C51L.LIB (?C?SLSHR)
  C:\KEIL_V5\C51\LIB\C51L.LIB (?C?LLDPTR)
  C:\KEIL_V5\C51\LIB\C51L.LIB (?C?LSTXDATA)
  C:\KEIL_V5\C51\LIB\C51L.LIB (?C?LSTKXDATA)
  C:\KEIL_V5\C51\LIB\C51L.LIB (?C?PLDPTR)
  C:\KEIL_V5\C51\LIB\C51L.LIB (?C?PSTPTR)
  C:\KEIL_V5\C51\LIB\C51L.LIB (?C?CCASE)
  C:\KEIL_V5\C51\LIB\C51L.LIB (SCANF)
  C:\KEIL_V5\C51\LIB\C51L.LIB (?C?STRCMP)
  C:\KEIL_V5\C51\LIB\C51L.LIB (STRLEN)
  C:\KEIL_V5\C51\LIB\C51L.LIB (ATOI)
  C:\KEIL_V5\C51\LIB\C51L.LIB (?C?ISTPTR)
  C:\KEIL_V5\C51\LIB\C51L.LIB (?C?LNEG)
  C:\KEIL_V5\C51\LIB\C51L.LIB (?C?LSTPTR)
  C:\KEIL_V5\C51\LIB\C51L.LIB (?C?LLDIDATA)
  C:\KEIL_V5\C51\LIB\C51L.LIB (?C?LLDXDATA)
  C:\KEIL_V5\C51\LIB\C51L.LIB (?C?LLDPDATA)
  C:\KEIL_V5\C51\LIB\C51L.LIB (?C?LLDCODE)
  C:\KEIL_V5\C51\LIB\C51L.LIB (?C?PLDIDATA)
  C:\KEIL_V5\C51\LIB\C51L.LIB (?C?PSTIDATA)
  C:\KEIL_V5\C51\LIB\C51L.LIB (?C?PLDXDATA)
BL51 BANKED LINKER/LOCATER V6.22.2.0                                                  06/18/2021  17:32:22  PAGE 2


  C:\KEIL_V5\C51\LIB\C51L.LIB (?C?PLDIXDATA)
  C:\KEIL_V5\C51\LIB\C51L.LIB (?C?PILDXDATA)
  C:\KEIL_V5\C51\LIB\C51L.LIB (?C?PSTXDATA)
  C:\KEIL_V5\C51\LIB\C51L.LIB (?C?PLDPDATA)
  C:\KEIL_V5\C51\LIB\C51L.LIB (?C?PSTPDATA)
  C:\KEIL_V5\C51\LIB\C51L.LIB (?C?PLDCODE)
  C:\KEIL_V5\C51\LIB\C51L.LIB (GETCHAR)
  C:\KEIL_V5\C51\LIB\C51L.LIB (UNGETC)
  C:\KEIL_V5\C51\LIB\C51L.LIB (ISDIGIT)
  C:\KEIL_V5\C51\LIB\C51L.LIB (ISSPACE)
  C:\KEIL_V5\C51\LIB\C51L.LIB (?C?LSTIDATA)
  C:\KEIL_V5\C51\LIB\C51L.LIB (?C?LSTPDATA)
  C:\KEIL_V5\C51\LIB\C51L.LIB (PUTCHAR)
  C:\KEIL_V5\C51\LIB\C51L.LIB (_GETKEY)


LINK MAP OF MODULE:  .\OBJ\TW2835 (?C_STARTUP)


            TYPE    BASE      LENGTH    RELOCATION   SEGMENT NAME
            -----------------------------------------------------

            * * * * * * *   D A T A   M E M O R Y   * * * * * * *
            REG     0000H     0008H     ABSOLUTE     "REG BANK 0"
            REG     0008H     0008H     ABSOLUTE     "REG BANK 1"
            DATA    0010H     0006H     UNIT         ?DT?TIMER
            DATA    0016H     0002H     UNIT         ?DT?OSDCTRL
                    0018H     0008H                  *** GAP ***
            DATA    0020H     0001H     BIT_ADDR     ?BA?MAIN
            DATA    0021H     0001H     BIT_ADDR     ?BA?OSDACTION
            DATA    0022H     0001H     BIT_ADDR     ?BA?OSDCTRL
            BIT     0023H.0   0000H.6   UNIT         _BIT_GROUP_
            BIT     0023H.6   0000H.5   UNIT         ?BI?MONITOR
            BIT     0024H.3   0000H.1   UNIT         ?BI?MAIN
            BIT     0024H.4   0000H.1   UNIT         ?BI?GETCHAR
                    0024H.5   0000H.3                *** GAP ***
            DATA    0025H     0011H     UNIT         _DATA_GROUP_
            IDATA   0036H     0001H     UNIT         ?STACK

            * * * * * * *  X D A T A   M E M O R Y  * * * * * * *
            XDATA   0000H     0092H     UNIT         ?XD?MONITOR
            XDATA   0092H     004FH     UNIT         _XDATA_GROUP_
            XDATA   00E1H     002EH     UNIT         ?XD?MAIN
            XDATA   010FH     002EH     UNIT         ?XD?_DEBUG_MESSAGE?PRINTF
            XDATA   013DH     0029H     UNIT         ?XD?PRINTF
            XDATA   0166H     001AH     UNIT         ?XD?COMMANDSHELL
            XDATA   0180H     0008H     UNIT         ?XD?_A2I?MONITOR
            XDATA   0188H     0005H     UNIT         ?XD?_DUMP_REG?MONITOR
            XDATA   018DH     0002H     UNIT         ?XD?UART
            XDATA   018FH     0001H     UNIT         ?XD?OSD_GRAPH
            XDATA   0190H     0001H     UNIT         ?XD?OSDACTION
            XDATA   0191H     0001H     UNIT         ?XD?RS2_RX?MONITOR
            XDATA   0192H     0001H     UNIT         ?XD?GETCHAR

            * * * * * * *   C O D E   M E M O R Y   * * * * * * *
            CODE    0000H     0003H     ABSOLUTE     
            CODE    0003H     0008H     UNIT         ?PR?_RS_TX?UART
BL51 BANKED LINKER/LOCATER V6.22.2.0                                                  06/18/2021  17:32:22  PAGE 3


            CODE    000BH     0003H     ABSOLUTE     
            CODE    000EH     0015H     UNIT         ?PR?_STRLEN?STRLEN
            CODE    0023H     0003H     ABSOLUTE     
            CODE    0026H     24E6H     UNIT         ?CO?OSD_GRAPH
            CODE    250CH     0EA0H     UNIT         ?CO?OSDCTRL
            CODE    33ACH     05E0H     UNIT         ?C?LIB_CODE
            CODE    398CH     0510H     UNIT         ?CO?TW2835_INIT
            CODE    3E9CH     04F5H     UNIT         ?PR?_PCT_SHOWMIRRORICON?OSDACTION
            CODE    4391H     04D8H     UNIT         ?PR?_PCT_SHOWSPEAKICON?OSDACTION
            CODE    4869H     0453H     UNIT         ?CO?TW28XX_VIDEO
            CODE    4CBCH     0438H     UNIT         ?CO?MONITOR
            CODE    50F4H     039AH     UNIT         ?PR?_PCT_OSD_ACTIONPTHX?OSDACTION
            CODE    548EH     037DH     UNIT         ?PR?_PCT_SETVIDEOHDELAY?TW28XX_VIDEO
            CODE    580BH     0363H     UNIT         ?PR?MONITOR?MONITOR
            CODE    5B6EH     0354H     UNIT         ?PR?_DOPRINT?PRINTF
            CODE    5EC2H     0322H     UNIT         ?PR?SCANF?SCANF
            CODE    61E4H     02F5H     UNIT         ?CO?COMMANDSHELL
            CODE    64D9H     02B0H     UNIT         ?PR?_PCT_RUNCOMMSHELL?COMMANDSHELL
            CODE    6789H     02AEH     UNIT         ?PR?_PCT_SHOWINDICATEICON?OSDACTION
            CODE    6A37H     0217H     UNIT         ?PR?_MONIVIDEOMIXATTR?COMMANDSHELL
            CODE    6C4EH     0216H     UNIT         ?PR?COMMANDSHELL
            CODE    6E64H     01D9H     UNIT         ?PR?PCT_AUDIOREGLIST?TW28XX_AUDIO
            CODE    703DH     01CAH     UNIT         ?PR?MONGETCOMMAND?MONITOR
            CODE    7207H     01A2H     UNIT         ?PR?_PCT_OSD16X16GRAPHX?OSD_GRAPH
            CODE    73A9H     0197H     UNIT         ?PR?_PCT_SETXVIDEOMIXING?TW28XX_VIDEO
            CODE    7540H     0191H     UNIT         ?PR?_MONIAUDIOMIXING?COMMANDSHELL
            CODE    76D1H     017CH     UNIT         ?PR?_PCT_WRITEOSDDATABUFFERX?OSDCTRL
            CODE    784DH     0173H     UNIT         ?PR?OSDCTRL
            CODE    79C0H     016FH     UNIT         ?PR?PCT_TW2835_INITIAL?TW2835_INIT
            CODE    7B2FH     0154H     UNIT         ?PR?_MONIHSCOMM?COMMANDSHELL
            CODE    7C83H     0147H     UNIT         ?PR?_PCT_RECOMPENSEYHDELAY?TW28XX_VIDEO
            CODE    7DCAH     0144H     UNIT         ?PR?_MONIAUDIOGAIN?COMMANDSHELL
            CODE    7F0EH     013AH     UNIT         ?PR?PCT_INITOSDCOLOR?OSDCTRL
            CODE    8048H     012CH     UNIT         ?PR?_PCT_WRITEOSDFNTX?OSDCTRL
            CODE    8174H     0124H     UNIT         ?PR?_PCT_WRITEOSDDATABUFFERY?OSDCTRL
            CODE    8298H     011DH     UNIT         ?PR?_MONISETVIDEOFORMAT?COMMANDSHELL
            CODE    83B5H     010AH     UNIT         ?PR?TW28XX_VIDEO
            CODE    84BFH     0104H     UNIT         ?PR?MONITOR
            CODE    85C3H     00FDH     UNIT         ?PR?_DUMP_REG?MONITOR
            CODE    86C0H     00FAH     UNIT         ?PR?_PCT_WRITEOSDFNTY?OSDCTRL
            CODE    87BAH     00E5H     UNIT         ?PR?OSDACTION
            CODE    889FH     00DBH     UNIT         ?PR?_ATOI?ATOI
            CODE    897AH     00C1H     UNIT         ?PR?MAIN?MAIN
            CODE    8A3BH     00B6H     UNIT         ?PR?_PCT_CLEARWORDSPATHX?OSDCTRL
            CODE    8AF1H     00AAH     UNIT         ?PR?_PCT_FULLCOLORONOSD?OSDCTRL
            CODE    8B9BH     009EH     UNIT         ?PR?PRINTF
            CODE    8C39H     009DH     UNIT         ?PR?_PCT_SETCHANELSCALE?TW28XX_VIDEO
            CODE    8CD6H     0099H     UNIT         ?PR?_A2I?MONITOR
            CODE    8D6FH     008CH     UNIT         ?C_C51STARTUP
            CODE    8DFBH     0078H     UNIT         ?PR?_PCT_WRITEASICTABLE?BUSCTRL
            CODE    8E73H     0075H     UNIT         ?C_INITSEG
            CODE    8EE8H     0071H     UNIT         ?PR?PCT_CHECKSYSTEM?COMMANDSHELL
            CODE    8F59H     0071H     UNIT         ?PR?_PCT_AUDIOMIXCTRL?TW28XX_AUDIO
            CODE    8FCAH     0070H     UNIT         ?PR?_PCT_GETFIRSTSTR?COMMANDSHELL
            CODE    903AH     006CH     UNIT         ?PR?_MONINCDECI2C?MONITOR
            CODE    90A6H     006CH     UNIT         ?PR?MONHELP?MONITOR
            CODE    9112H     006BH     UNIT         ?PR?_PCT_AUDIOGAINCTRL?TW28XX_AUDIO
BL51 BANKED LINKER/LOCATER V6.22.2.0                                                  06/18/2021  17:32:22  PAGE 4


            CODE    917DH     0067H     UNIT         ?PR?_PCT_SHOWGRAPHSTRING?OSD_GRAPH
            CODE    91E4H     0064H     UNIT         ?PR?_PCT_SHOWOSDSTRING?OSDCTRL
            CODE    9248H     0064H     UNIT         ?PR?_PCT_CHANGESYSTEMTYPE?TW2835_INIT
            CODE    92ACH     0061H     UNIT         ?PR?_MONISHOWSODSTR?COMMANDSHELL
            CODE    930DH     005CH     UNIT         ?PR?_PCT_SETOSDCOLOR?OSDCTRL
            CODE    9369H     0056H     UNIT         ?PR?_MONIVIDEOMIXWIN?COMMANDSHELL
            CODE    93BFH     0054H     UNIT         ?PR?TIMER0_INTERRUPT?TIMER
            CODE    9413H     0052H     UNIT         ?PR?_PCT_WRITESTABLE?BUSCTRL
            CODE    9465H     0052H     UNIT         ?PR?PCT_INITIALOSD?OSDACTION
            CODE    94B7H     0051H     UNIT         ?PR?MONIREGISTERDUMP?COMMANDSHELL
            CODE    9508H     0050H     UNIT         ?PR?_WAIT_MS?MAIN
            CODE    9558H     0050H     UNIT         ?PR?_PCT_DETECTVIDEOFORMAT?TW28XX_VIDEO
            CODE    95A8H     004FH     UNIT         ?PR?COMMANDSHELL?MAIN
            CODE    95F7H     004DH     UNIT         ?PR?_MONIWRITEASICBYTE?COMMANDSHELL
            CODE    9644H     004DH     UNIT         ?PR?PCT_AUDIOACTIONFORHS?COMMANDSHELL
            CODE    9691H     0048H     UNIT         ?PR?_PCT_CHECKVMIXTYPE?COMMANDSHELL
            CODE    96D9H     0048H     UNIT         ?PR?_MONIREADASICBYTE?COMMANDSHELL
            CODE    9721H     0048H     UNIT         ?PR?_STRICMP?MONITOR
            CODE    9769H     0047H     UNIT         ?PR?_MONIREADPAGEBUFFER?COMMANDSHELL
            CODE    97B0H     0045H     UNIT         ?PR?PCT_SHOWMODEICON?OSDACTION
            CODE    97F5H     0044H     UNIT         ?PR?_PCT_WINATTRCLEAR?TW28XX_VIDEO
            CODE    9839H     0044H     UNIT         ?PR?PCT_INITIALTW2835?TW2835_INIT
            CODE    987DH     0041H     UNIT         ?PR?OSD_GRAPH
            CODE    98BEH     0040H     UNIT         ?CO?TW28XX_AUDIO
            CODE    98FEH     003DH     UNIT         ?PR?_PCT_STRTOCOMMCODE?COMMANDSHELL
            CODE    993BH     003DH     UNIT         ?CO?PRINTF
            CODE    9978H     003CH     UNIT         ?PR?RS_INTERRUPT?UART
            CODE    99B4H     003CH     UNIT         ?PR?_PCT_WINATTRCTRLY?TW28XX_VIDEO
            CODE    99F0H     003AH     UNIT         ?PR?MONIVIDEOAUTODETECT?COMMANDSHELL
            CODE    9A2AH     003AH     UNIT         ?PR?PCT_GETVIDEOSIGNALSTATUS?OSDACTION
            CODE    9A64H     0037H     UNIT         ?PR?_MONIREADONEBUFFER?COMMANDSHELL
            CODE    9A9BH     0037H     UNIT         ?PR?_PCT_AUDIOMIXMUTE?TW28XX_AUDIO
            CODE    9AD2H     0037H     UNIT         ?PR?TW28XX_AUDIO
            CODE    9B09H     0037H     UNIT         ?PR?_ASC1BIN?MONITOR
            CODE    9B40H     0036H     UNIT         ?PR?_PCT_ENSHOWOSDPAGE?OSDCTRL
            CODE    9B76H     0036H     UNIT         ?PR?_GRAPHICSPRINT?PRINTF
            CODE    9BACH     0035H     UNIT         ?PR?_PUTSP?MAIN
            CODE    9BE1H     0035H     UNIT         ?PR?_PCT_WINATTRCTRL?TW28XX_VIDEO
            CODE    9C16H     0034H     UNIT         ?PR?_MONIWRITEONEBUFFER?COMMANDSHELL
            CODE    9C4AH     0034H     UNIT         ?PR?_PCT_DISSHOWOSDPAGE?OSDCTRL
            CODE    9C7EH     0033H     UNIT         ?PR?_ASC2BIN?MONITOR
            CODE    9CB1H     0030H     UNIT         ?PR?_CHKSTARTCOMMSHELL?MAIN
            CODE    9CE1H     002FH     UNIT         ?PR?BUSCTRL
            CODE    9D10H     002EH     UNIT         ?PR?_PRINTF?PRINTF
            CODE    9D3EH     002EH     UNIT         ?PR?_DEBUG_MESSAGE?PRINTF
            CODE    9D6CH     002DH     UNIT         ?PR?_PCT_AUDIOSELLIVE?TW28XX_AUDIO
            CODE    9D99H     002BH     UNIT         ?PR?MONIHSCOMMVERSION?COMMANDSHELL
            CODE    9DC4H     002AH     UNIT         ?PR?_PCT_SETVIDEOFORMAT?TW28XX_VIDEO
            CODE    9DEEH     0029H     UNIT         ?PR?PCT_OSDACTIONFORHS?OSDACTION
            CODE    9E17H     0027H     UNIT         ?PR?PUTCHAR?PUTCHAR
            CODE    9E3EH     0026H     UNIT         ?PR?RS_RX?UART
            CODE    9E64H     0026H     UNIT         ?PR?_SETASICFLGTYPE?BUSCTRL
            CODE    9E8AH     0026H     UNIT         ?PR?INITIALTIMER0?TIMER
            CODE    9EB0H     0025H     UNIT         ?CO?OSDACTION
            CODE    9ED5H     0023H     UNIT         ?PR?_PCT_READASICBYTE?BUSCTRL
            CODE    9EF8H     0023H     UNIT         ?PR?INITIALMPU?MAIN
            CODE    9F1BH     0023H     UNIT         ?PR?_HS_TOUPPER?MONITOR
BL51 BANKED LINKER/LOCATER V6.22.2.0                                                  06/18/2021  17:32:22  PAGE 5


            CODE    9F3EH     0022H     UNIT         ?PR?_PUTS?PRINTF
            CODE    9F60H     0021H     UNIT         ?PR?_PCT_WRITEASICBYTE?BUSCTRL
            CODE    9F81H     001FH     UNIT         ?PR?_PCT_SETOSDDRAWPAGE?OSDCTRL
            CODE    9FA0H     001DH     UNIT         ?PR?_PCT_PAGECHANGE?BUSCTRL
            CODE    9FBDH     001AH     UNIT         ?PR?_PCT_CLEAROSDPAGEX?OSDCTRL
            CODE    9FD7H     0019H     UNIT         ?PR?TW2835_INIT
            CODE    9FF0H     0018H     UNIT         ?PR?RESETCOMMSELL?MAIN
            CODE    A008H     0018H     UNIT         ?PR?RS2_RX?MONITOR
            CODE    A020H     0017H     UNIT         ?CO?MAIN
            CODE    A037H     0016H     UNIT         ?PR?_MONIHSCOMMSJMODE?COMMANDSHELL
            CODE    A04DH     0014H     UNIT         ?PR?_MONIAUDIOLIVE?COMMANDSHELL
            CODE    A061H     0014H     UNIT         ?PR?_PCT_SETYVIDEOMIXING?TW28XX_VIDEO
            CODE    A075H     0014H     UNIT         ?PR?GETCHAR?GETCHAR
            CODE    A089H     0014H     UNIT         ?PR?_ISSPACE?ISSPACE
            CODE    A09DH     0013H     UNIT         ?PR?PCT_TW2835RESETN?TW2835_INIT
            CODE    A0B0H     0012H     UNIT         ?PR?_MONIYVIDEOMIX?COMMANDSHELL
            CODE    A0C2H     0012H     UNIT         ?PR?RS_READY?MONITOR
            CODE    A0D4H     0012H     UNIT         ?PR?RS2_READY?MONITOR
            CODE    A0E6H     0011H     UNIT         ?PR?INITIALUART?UART
            CODE    A0F7H     0010H     UNIT         ?PR?RS_RXREADY?UART
            CODE    A107H     000FH     UNIT         ?PR?PCT_SENDACK?COMMANDSHELL
            CODE    A116H     000FH     UNIT         ?PR?MONIAUDIOMUTE?COMMANDSHELL
            CODE    A125H     000FH     UNIT         ?PR?PROMPT?MONITOR
            CODE    A134H     000FH     UNIT         ?PR?_ISDIGIT?ISDIGIT
            CODE    A143H     000EH     UNIT         ?PR?MAIN
            CODE    A151H     000CH     UNIT         ?PR?INITIALCOMMSHELL?MAIN
            CODE    A15DH     000AH     UNIT         ?PR?_GETKEY?_GETKEY
            CODE    A167H     0009H     UNIT         ?PR?NEWLINE?MAIN
            CODE    A170H     0009H     UNIT         ?PR?_PCT_FLASHOSDCTRL?MAIN
            CODE    A179H     0008H     UNIT         ?PR?PCT_ENFALSHVLOSS?OSDACTION
            CODE    A181H     0008H     UNIT         ?PR?GETCHAR?UNGETCHAR
            CODE    A189H     0006H     UNIT         ?PR?PCT_CLEARGRAPHATTR?OSD_GRAPH
            CODE    A18FH     0005H     UNIT         ?PR?MONIHSCOMMDISSCROLL?COMMANDSHELL
            CODE    A194H     0003H     UNIT         ?PR?_PCT_PRESETFOREGROUNDCOLOR?OSDCTRL
            CODE    A197H     0003H     UNIT         ?PR?_PCT_PRESETBACKGROUNDCOLOR?OSDCTRL
            CODE    A19AH     0003H     UNIT         ?PR?_MON_TX?MONITOR
            CODE    A19DH     0001H     UNIT         ?PR?PTC_SWITCHTOI2CMODE?BUSCTRL
            CODE    A19EH     0001H     UNIT         ?PR?_RS2_TX?MONITOR
            CODE    A19FH     0001H     UNIT         ?PR?MONREADI2C?MONITOR
            CODE    A1A0H     0001H     UNIT         ?PR?MONWRITEI2C?MONITOR
            CODE    A1A1H     0001H     UNIT         ?PR?MONDUMPI2C?MONITOR
            CODE    A1A2H     0001H     UNIT         ?PR?MONNEWREADI2C?MONITOR
            CODE    A1A3H     0001H     UNIT         ?PR?MONNEWWRITEI2C?MONITOR
            CODE    A1A4H     0001H     UNIT         ?PR?MONNEWDUMPI2C?MONITOR
            CODE    A1A5H     0001H     UNIT         ?PR?MONWRITEBIT?MONITOR
            CODE    A1A6H     0001H     UNIT         ?PR?MONTXDUMP?MONITOR



OVERLAY MAP OF MODULE:   .\OBJ\TW2835 (?C_STARTUP)


SEGMENT                                            BIT_GROUP          DATA_GROUP          XDATA_GROUP
  +--> CALLED SEGMENT                           START    LENGTH     START    LENGTH     START    LENGTH
-------------------------------------------------------------------------------------------------------
?C_C51STARTUP                                   -----    -----      -----    -----      -----    -----
  +--> ?PR?MAIN?MAIN
BL51 BANKED LINKER/LOCATER V6.22.2.0                                                  06/18/2021  17:32:22  PAGE 6


  +--> ?C_INITSEG

?PR?MAIN?MAIN                                   -----    -----      -----    -----      0092H    0003H
  +--> ?PR?INITIALMPU?MAIN
  +--> ?PR?INITIALCOMMSHELL?MAIN
  +--> ?PR?PTC_SWITCHTOI2CMODE?BUSCTRL
  +--> ?PR?PCT_INITIALTW2835?TW2835_INIT
  +--> ?PR?RESETCOMMSELL?MAIN
  +--> ?PR?_PCT_WRITEASICBYTE?BUSCTRL
  +--> ?PR?_SETASICFLGTYPE?BUSCTRL
  +--> ?PR?COMMANDSHELL?MAIN
  +--> ?PR?_PCT_RUNCOMMSHELL?COMMANDSHELL
  +--> ?PR?RS_READY?MONITOR
  +--> ?PR?MONITOR?MONITOR
  +--> ?PR?PCT_CHECKSYSTEM?COMMANDSHELL
  +--> ?PR?RS_RXREADY?UART
  +--> ?PR?PCT_GETVIDEOSIGNALSTATUS?OSDACTION

?PR?INITIALMPU?MAIN                             -----    -----      -----    -----      -----    -----
  +--> ?PR?INITIALUART?UART
  +--> ?PR?INITIALTIMER0?TIMER

?PR?PCT_INITIALTW2835?TW2835_INIT               -----    -----      -----    -----      -----    -----
  +--> ?PR?PCT_TW2835RESETN?TW2835_INIT
  +--> ?PR?_PCT_READASICBYTE?BUSCTRL
  +--> ?PR?_PCT_DETECTVIDEOFORMAT?TW28XX_VIDEO
  +--> ?PR?_WAIT_MS?MAIN
  +--> ?PR?PCT_TW2835_INITIAL?TW2835_INIT
  +--> ?PR?PCT_INITIALOSD?OSDACTION

?PR?_PCT_READASICBYTE?BUSCTRL                   -----    -----      -----    -----      -----    -----
  +--> ?PR?_PCT_PAGECHANGE?BUSCTRL
  +--> ?PR?BUSCTRL

?PR?_PCT_PAGECHANGE?BUSCTRL                     -----    -----      -----    -----      00CFH    0001H
  +--> ?PR?BUSCTRL

?PR?_PCT_DETECTVIDEOFORMAT?TW28XX_VIDEO         -----    -----      -----    -----      009BH    0002H
  +--> ?PR?_PCT_READASICBYTE?BUSCTRL

?PR?_WAIT_MS?MAIN                               -----    -----      -----    -----      009BH    0004H

?PR?PCT_TW2835_INITIAL?TW2835_INIT              -----    -----      -----    -----      009BH    0002H
  +--> ?PR?TW2835_INIT
  +--> ?CO?TW2835_INIT
  +--> ?PR?_PCT_WRITEASICTABLE?BUSCTRL
  +--> ?PR?_PCT_WRITEASICBYTE?BUSCTRL

?PR?TW2835_INIT                                 -----    -----      -----    -----      -----    -----
  +--> ?CO?TW2835_INIT

?PR?_PCT_WRITEASICTABLE?BUSCTRL                 -----    -----      -----    -----      009DH    0007H
  +--> ?PR?_PCT_PAGECHANGE?BUSCTRL
  +--> ?PR?BUSCTRL

?PR?_PCT_WRITEASICBYTE?BUSCTRL                  -----    -----      -----    -----      00CBH    0004H
  +--> ?PR?_PCT_PAGECHANGE?BUSCTRL
BL51 BANKED LINKER/LOCATER V6.22.2.0                                                  06/18/2021  17:32:22  PAGE 7


  +--> ?PR?BUSCTRL

?PR?PCT_INITIALOSD?OSDACTION                    -----    -----      0027H    0001H      -----    -----
  +--> ?PR?PCT_INITOSDCOLOR?OSDCTRL
  +--> ?PR?PCT_CLEARGRAPHATTR?OSD_GRAPH
  +--> ?PR?_PCT_PRESETFOREGROUNDCOLOR?OSDCTRL
  +--> ?PR?_PCT_PRESETBACKGROUNDCOLOR?OSDCTRL
  +--> ?PR?_PCT_ENSHOWOSDPAGE?OSDCTRL
  +--> ?PR?_PCT_SETOSDDRAWPAGE?OSDCTRL
  +--> ?PR?_PCT_FULLCOLORONOSD?OSDCTRL

?PR?PCT_INITOSDCOLOR?OSDCTRL                    -----    -----      -----    -----      -----    -----
  +--> ?PR?_PCT_WRITEASICBYTE?BUSCTRL
  +--> ?PR?OSDCTRL
  +--> ?PR?_PCT_SETOSDCOLOR?OSDCTRL

?PR?OSDCTRL                                     -----    -----      -----    -----      -----    -----
  +--> ?CO?OSDCTRL

?PR?_PCT_SETOSDCOLOR?OSDCTRL                    -----    -----      -----    -----      009BH    0005H
  +--> ?PR?_PCT_WRITEASICBYTE?BUSCTRL

?PR?_PCT_ENSHOWOSDPAGE?OSDCTRL                  -----    -----      -----    -----      00A1H    0001H
  +--> ?PR?OSDCTRL
  +--> ?PR?_PCT_WRITEASICBYTE?BUSCTRL
  +--> ?PR?_PCT_READASICBYTE?BUSCTRL

?PR?_PCT_SETOSDDRAWPAGE?OSDCTRL                 -----    -----      -----    -----      00A1H    0001H
  +--> ?PR?OSDCTRL
  +--> ?PR?_PCT_READASICBYTE?BUSCTRL
  +--> ?PR?_PCT_WRITEASICBYTE?BUSCTRL

?PR?_PCT_FULLCOLORONOSD?OSDCTRL                 -----    -----      -----    -----      009BH    0006H
  +--> ?PR?OSDCTRL
  +--> ?PR?_PCT_WRITEASICBYTE?BUSCTRL
  +--> ?PR?_PCT_READASICBYTE?BUSCTRL

?PR?RESETCOMMSELL?MAIN                          -----    -----      -----    -----      -----    -----
  +--> ?CO?MAIN
  +--> ?PR?_PUTSP?MAIN

?PR?_PUTSP?MAIN                                 -----    -----      0025H    0001H      0095H    0003H
  +--> ?PR?_RS_TX?UART

?PR?_SETASICFLGTYPE?BUSCTRL                     -----    -----      -----    -----      0095H    0005H
  +--> ?PR?_PCT_READASICBYTE?BUSCTRL
  +--> ?PR?_PCT_WRITEASICBYTE?BUSCTRL

?PR?COMMANDSHELL?MAIN                           -----    -----      0025H    0001H      -----    -----
  +--> ?PR?RS_READY?MONITOR
  +--> ?PR?RS_RX?UART
  +--> ?PR?_RS_TX?UART
  +--> ?PR?MAIN
  +--> ?PR?_CHKSTARTCOMMSHELL?MAIN
  +--> ?PR?NEWLINE?MAIN

?PR?_CHKSTARTCOMMSHELL?MAIN                     -----    -----      -----    -----      0095H    0003H
BL51 BANKED LINKER/LOCATER V6.22.2.0                                                  06/18/2021  17:32:22  PAGE 8


  +--> ?CO?MAIN

?PR?NEWLINE?MAIN                                -----    -----      -----    -----      -----    -----
  +--> ?CO?MAIN
  +--> ?PR?_PUTS?PRINTF

?PR?_PUTS?PRINTF                                -----    -----      -----    -----      0095H    0003H
  +--> ?PR?PRINTF
  +--> ?PR?_RS_TX?UART

?PR?_PCT_RUNCOMMSHELL?COMMANDSHELL              -----    -----      0025H    0002H      0095H    0006H
  +--> ?PR?COMMANDSHELL
  +--> ?PR?_PCT_GETFIRSTSTR?COMMANDSHELL
  +--> ?PR?_PCT_STRTOCOMMCODE?COMMANDSHELL
  +--> ?CO?COMMANDSHELL
  +--> ?PR?_MONIREADPAGEBUFFER?COMMANDSHELL
  +--> ?PR?_MONIREADONEBUFFER?COMMANDSHELL
  +--> ?PR?_MONIWRITEONEBUFFER?COMMANDSHELL
  +--> ?PR?_MONIWRITEASICBYTE?COMMANDSHELL
  +--> ?PR?_MONIREADASICBYTE?COMMANDSHELL
  +--> ?PR?_MONIAUDIOMIXING?COMMANDSHELL
  +--> ?PR?MONIAUDIOMUTE?COMMANDSHELL
  +--> ?PR?PCT_AUDIOREGLIST?TW28XX_AUDIO
  +--> ?PR?_MONIAUDIOGAIN?COMMANDSHELL
  +--> ?PR?_MONIAUDIOLIVE?COMMANDSHELL
  +--> ?PR?MONIREGISTERDUMP?COMMANDSHELL
  +--> ?PR?_PCT_WINATTRCLEAR?TW28XX_VIDEO
  +--> ?PR?_MONIVIDEOMIXWIN?COMMANDSHELL
  +--> ?PR?PCT_SENDACK?COMMANDSHELL
  +--> ?PR?_MONIVIDEOMIXATTR?COMMANDSHELL
  +--> ?PR?_MONIYVIDEOMIX?COMMANDSHELL
  +--> ?PR?PCT_INITIALTW2835?TW2835_INIT
  +--> ?PR?MONIVIDEOAUTODETECT?COMMANDSHELL
  +--> ?PR?_MONISETVIDEOFORMAT?COMMANDSHELL
  +--> ?PR?_MONISHOWSODSTR?COMMANDSHELL
  +--> ?PR?_MONIHSCOMM?COMMANDSHELL
  +--> ?PR?PCT_AUDIOACTIONFORHS?COMMANDSHELL
  +--> ?PR?PCT_OSDACTIONFORHS?OSDACTION
  +--> ?PR?_PCT_FLASHOSDCTRL?MAIN
  +--> ?PR?_MONIHSCOMMSJMODE?COMMANDSHELL
  +--> ?PR?MONIHSCOMMDISSCROLL?COMMANDSHELL
  +--> ?PR?MONIHSCOMMVERSION?COMMANDSHELL
  +--> ?PR?_PRINTF?PRINTF

?PR?COMMANDSHELL                                -----    -----      -----    -----      -----    -----
  +--> ?CO?COMMANDSHELL

?PR?_PCT_GETFIRSTSTR?COMMANDSHELL               -----    -----      -----    -----      00A1H    0006H
  +--> ?PR?COMMANDSHELL

?PR?_PCT_STRTOCOMMCODE?COMMANDSHELL             -----    -----      0031H    0002H      00A1H    0003H
  +--> ?PR?COMMANDSHELL

?PR?_MONIREADPAGEBUFFER?COMMANDSHELL            -----    -----      0027H    0003H      -----    -----
  +--> ?PR?COMMANDSHELL
  +--> ?CO?COMMANDSHELL
  +--> ?PR?SCANF?SCANF
BL51 BANKED LINKER/LOCATER V6.22.2.0                                                  06/18/2021  17:32:22  PAGE 9


  +--> ?PR?_PCT_READASICBYTE?BUSCTRL
  +--> ?PR?_PRINTF?PRINTF

?PR?SCANF?SCANF                                 0023H.0  0000H.6    0031H    0005H      00A1H    002EH
  +--> ?PR?GETCHAR?UNGETCHAR
  +--> ?PR?_ISSPACE?ISSPACE
  +--> ?PR?GETCHAR?GETCHAR

?PR?GETCHAR?GETCHAR                             -----    -----      -----    -----      -----    -----
  +--> ?PR?_GETKEY?_GETKEY
  +--> ?PR?PUTCHAR?PUTCHAR

?PR?_PRINTF?PRINTF                              -----    -----      -----    -----      009EH    002EH
  +--> ?PR?PRINTF
  +--> ?PR?_DOPRINT?PRINTF

?PR?_DOPRINT?PRINTF                             0023H.0  0000H.1    -----    -----      00CCH    0015H
  +--> ?PR?PRINTF
  +--> ?PR?_RS_TX?UART

?PR?_MONIREADONEBUFFER?COMMANDSHELL             -----    -----      0027H    0002H      -----    -----
  +--> ?PR?COMMANDSHELL
  +--> ?CO?COMMANDSHELL
  +--> ?PR?SCANF?SCANF
  +--> ?PR?_PCT_READASICBYTE?BUSCTRL
  +--> ?PR?_PRINTF?PRINTF

?PR?_MONIWRITEONEBUFFER?COMMANDSHELL            -----    -----      0027H    0003H      -----    -----
  +--> ?PR?COMMANDSHELL
  +--> ?CO?COMMANDSHELL
  +--> ?PR?SCANF?SCANF
  +--> ?PR?_PCT_WRITEASICBYTE?BUSCTRL

?PR?_MONIWRITEASICBYTE?COMMANDSHELL             -----    -----      0027H    0004H      -----    -----
  +--> ?PR?COMMANDSHELL
  +--> ?CO?COMMANDSHELL
  +--> ?PR?SCANF?SCANF
  +--> ?PR?_PCT_WRITEASICBYTE?BUSCTRL

?PR?_MONIREADASICBYTE?COMMANDSHELL              -----    -----      0027H    0004H      -----    -----
  +--> ?PR?COMMANDSHELL
  +--> ?CO?COMMANDSHELL
  +--> ?PR?SCANF?SCANF
  +--> ?PR?_PCT_READASICBYTE?BUSCTRL
  +--> ?PR?_PRINTF?PRINTF

?PR?_MONIAUDIOMIXING?COMMANDSHELL               -----    -----      0027H    000AH      009BH    0006H
  +--> ?PR?COMMANDSHELL
  +--> ?PR?_PCT_GETFIRSTSTR?COMMANDSHELL
  +--> ?PR?_PCT_AUDIOMIXMUTE?TW28XX_AUDIO
  +--> ?PR?_ATOI?ATOI
  +--> ?PR?SCANF?SCANF
  +--> ?PR?_PCT_AUDIOMIXCTRL?TW28XX_AUDIO
  +--> ?CO?COMMANDSHELL

?PR?_PCT_AUDIOMIXMUTE?TW28XX_AUDIO              -----    -----      0031H    0001H      00A1H    0002H
  +--> ?PR?_PCT_READASICBYTE?BUSCTRL
BL51 BANKED LINKER/LOCATER V6.22.2.0                                                  06/18/2021  17:32:22  PAGE 10


  +--> ?PR?_PCT_WRITEASICBYTE?BUSCTRL

?PR?_ATOI?ATOI                                  0023H.0  0000H.1    -----    -----      00A1H    0005H
  +--> ?PR?_ISSPACE?ISSPACE
  +--> ?PR?_ISDIGIT?ISDIGIT

?PR?_PCT_AUDIOMIXCTRL?TW28XX_AUDIO              -----    -----      -----    -----      00A1H    0004H
  +--> ?PR?TW28XX_AUDIO
  +--> ?PR?_PCT_READASICBYTE?BUSCTRL
  +--> ?CO?TW28XX_AUDIO
  +--> ?PR?_PCT_WRITEASICBYTE?BUSCTRL
  +--> ?PR?_PCT_AUDIOSELLIVE?TW28XX_AUDIO

?PR?TW28XX_AUDIO                                -----    -----      -----    -----      -----    -----
  +--> ?CO?TW28XX_AUDIO

?PR?_PCT_AUDIOSELLIVE?TW28XX_AUDIO              -----    -----      -----    -----      00A5H    0001H
  +--> ?PR?_PCT_WRITEASICBYTE?BUSCTRL

?PR?MONIAUDIOMUTE?COMMANDSHELL                  -----    -----      -----    -----      -----    -----
  +--> ?PR?_PCT_AUDIOMIXMUTE?TW28XX_AUDIO
  +--> ?PR?_PCT_AUDIOSELLIVE?TW28XX_AUDIO

?PR?PCT_AUDIOREGLIST?TW28XX_AUDIO               -----    -----      -----    -----      -----    -----
  +--> ?PR?_PRINTF?PRINTF
  +--> ?PR?_PCT_READASICBYTE?BUSCTRL
  +--> ?CO?TW28XX_AUDIO

?PR?_MONIAUDIOGAIN?COMMANDSHELL                 -----    -----      0027H    000AH      009BH    0006H
  +--> ?PR?COMMANDSHELL
  +--> ?PR?_PCT_GETFIRSTSTR?COMMANDSHELL
  +--> ?PR?_ATOI?ATOI
  +--> ?PR?SCANF?SCANF
  +--> ?CO?COMMANDSHELL
  +--> ?PR?_PCT_AUDIOGAINCTRL?TW28XX_AUDIO

?PR?_PCT_AUDIOGAINCTRL?TW28XX_AUDIO             -----    -----      -----    -----      00A1H    0003H
  +--> ?PR?TW28XX_AUDIO
  +--> ?PR?_PCT_READASICBYTE?BUSCTRL
  +--> ?CO?TW28XX_AUDIO
  +--> ?PR?_PCT_WRITEASICBYTE?BUSCTRL

?PR?_MONIAUDIOLIVE?COMMANDSHELL                 -----    -----      0027H    0001H      -----    -----
  +--> ?PR?COMMANDSHELL
  +--> ?PR?SCANF?SCANF
  +--> ?PR?_PCT_AUDIOSELLIVE?TW28XX_AUDIO

?PR?MONIREGISTERDUMP?COMMANDSHELL               -----    -----      0027H    0002H      -----    -----
  +--> ?CO?COMMANDSHELL
  +--> ?PR?_PRINTF?PRINTF
  +--> ?PR?_PCT_READASICBYTE?BUSCTRL

?PR?_PCT_WINATTRCLEAR?TW28XX_VIDEO              -----    -----      -----    -----      009BH    0003H
  +--> ?PR?TW28XX_VIDEO
  +--> ?PR?_PCT_READASICBYTE?BUSCTRL
  +--> ?PR?_PCT_WRITEASICBYTE?BUSCTRL

BL51 BANKED LINKER/LOCATER V6.22.2.0                                                  06/18/2021  17:32:22  PAGE 11


?PR?TW28XX_VIDEO                                -----    -----      -----    -----      -----    -----
  +--> ?CO?TW28XX_VIDEO

?PR?_MONIVIDEOMIXWIN?COMMANDSHELL               -----    -----      0027H    0002H      -----    -----
  +--> ?PR?COMMANDSHELL
  +--> ?CO?COMMANDSHELL
  +--> ?PR?SCANF?SCANF
  +--> ?PR?_PCT_SETXVIDEOMIXING?TW28XX_VIDEO

?PR?_PCT_SETXVIDEOMIXING?TW28XX_VIDEO           -----    -----      -----    -----      009BH    0007H
  +--> ?PR?TW28XX_VIDEO
  +--> ?PR?_PCT_WRITEASICBYTE?BUSCTRL
  +--> ?CO?TW28XX_VIDEO
  +--> ?PR?_PCT_SETCHANELSCALE?TW28XX_VIDEO
  +--> ?PR?_PCT_WRITESTABLE?BUSCTRL

?PR?_PCT_SETCHANELSCALE?TW28XX_VIDEO            -----    -----      -----    -----      00A2H    0008H
  +--> ?PR?TW28XX_VIDEO
  +--> ?CO?TW28XX_VIDEO
  +--> ?PR?_PCT_WRITEASICBYTE?BUSCTRL

?PR?_PCT_WRITESTABLE?BUSCTRL                    -----    -----      -----    -----      00A2H    0003H
  +--> ?PR?BUSCTRL
  +--> ?PR?_PCT_READASICBYTE?BUSCTRL
  +--> ?PR?_PCT_WRITEASICBYTE?BUSCTRL

?PR?PCT_SENDACK?COMMANDSHELL                    -----    -----      -----    -----      -----    -----
  +--> ?PR?_RS_TX?UART

?PR?_MONIVIDEOMIXATTR?COMMANDSHELL              -----    -----      0027H    000AH      009BH    0006H
  +--> ?PR?COMMANDSHELL
  +--> ?PR?_PCT_GETFIRSTSTR?COMMANDSHELL
  +--> ?PR?_ATOI?ATOI
  +--> ?PR?_PCT_STRTOCOMMCODE?COMMANDSHELL
  +--> ?CO?COMMANDSHELL
  +--> ?PR?_PCT_WINATTRCTRL?TW28XX_VIDEO

?PR?_PCT_WINATTRCTRL?TW28XX_VIDEO               -----    -----      -----    -----      00A1H    0003H
  +--> ?PR?TW28XX_VIDEO
  +--> ?PR?_PCT_READASICBYTE?BUSCTRL
  +--> ?PR?_PCT_WRITEASICBYTE?BUSCTRL

?PR?_MONIYVIDEOMIX?COMMANDSHELL                 -----    -----      0027H    0001H      -----    -----
  +--> ?PR?COMMANDSHELL
  +--> ?PR?SCANF?SCANF
  +--> ?PR?_PCT_SETYVIDEOMIXING?TW28XX_VIDEO

?PR?_PCT_SETYVIDEOMIXING?TW28XX_VIDEO           -----    -----      -----    -----      -----    -----
  +--> ?CO?TW28XX_VIDEO
  +--> ?PR?_PCT_WRITESTABLE?BUSCTRL

?PR?MONIVIDEOAUTODETECT?COMMANDSHELL            -----    -----      -----    -----      -----    -----
  +--> ?PR?_PCT_DETECTVIDEOFORMAT?TW28XX_VIDEO
  +--> ?CO?COMMANDSHELL
  +--> ?PR?_PRINTF?PRINTF

?PR?_MONISETVIDEOFORMAT?COMMANDSHELL            -----    -----      0027H    0008H      009BH    0006H
BL51 BANKED LINKER/LOCATER V6.22.2.0                                                  06/18/2021  17:32:22  PAGE 12


  +--> ?PR?COMMANDSHELL
  +--> ?PR?_PCT_GETFIRSTSTR?COMMANDSHELL
  +--> ?PR?_ATOI?ATOI
  +--> ?CO?COMMANDSHELL
  +--> ?PR?_PCT_SETVIDEOFORMAT?TW28XX_VIDEO
  +--> ?PR?SCANF?SCANF

?PR?_PCT_SETVIDEOFORMAT?TW28XX_VIDEO            -----    -----      -----    -----      00A1H    0002H
  +--> ?PR?_PCT_READASICBYTE?BUSCTRL
  +--> ?PR?TW28XX_VIDEO
  +--> ?PR?_PCT_WRITEASICBYTE?BUSCTRL

?PR?_MONISHOWSODSTR?COMMANDSHELL                -----    -----      0027H    0002H      009BH    0006H
  +--> ?PR?COMMANDSHELL
  +--> ?PR?_ATOI?ATOI
  +--> ?PR?_PCT_PRESETFOREGROUNDCOLOR?OSDCTRL
  +--> ?PR?_PCT_PRESETBACKGROUNDCOLOR?OSDCTRL
  +--> ?PR?_PCT_SETOSDDRAWPAGE?OSDCTRL
  +--> ?PR?_PCT_SHOWOSDSTRING?OSDCTRL
  +--> ?PR?_PCT_ENSHOWOSDPAGE?OSDCTRL
  +--> ?PR?_PCT_GETFIRSTSTR?COMMANDSHELL

?PR?_PCT_SHOWOSDSTRING?OSDCTRL                  -----    -----      -----    -----      00A1H    0007H
  +--> ?PR?OSDCTRL
  +--> ?PR?_STRLEN?STRLEN
  +--> ?PR?_PCT_WRITEOSDFNTX?OSDCTRL
  +--> ?PR?_PCT_WRITEOSDFNTY?OSDCTRL
  +--> ?PR?PTC_SWITCHTOI2CMODE?BUSCTRL

?PR?_PCT_WRITEOSDFNTX?OSDCTRL                   -----    -----      0029H    0003H      00A8H    0013H
  +--> ?PR?OSDCTRL
  +--> ?PR?_PCT_WRITEOSDDATABUFFERX?OSDCTRL
  +--> ?PR?_PCT_WRITEASICBYTE?BUSCTRL
  +--> ?PR?_PCT_READASICBYTE?BUSCTRL

?PR?_PCT_WRITEOSDDATABUFFERX?OSDCTRL            -----    -----      -----    -----      00BBH    0004H
  +--> ?PR?OSDCTRL
  +--> ?PR?_PCT_WRITEASICBYTE?BUSCTRL

?PR?_PCT_WRITEOSDFNTY?OSDCTRL                   -----    -----      0029H    0002H      00A8H    001FH
  +--> ?PR?OSDCTRL
  +--> ?PR?_PCT_WRITEOSDDATABUFFERY?OSDCTRL
  +--> ?PR?_PCT_WRITEASICBYTE?BUSCTRL
  +--> ?PR?_PCT_READASICBYTE?BUSCTRL

?PR?_PCT_WRITEOSDDATABUFFERY?OSDCTRL            -----    -----      -----    -----      00C7H    0004H
  +--> ?PR?OSDCTRL
  +--> ?PR?_PCT_WRITEASICBYTE?BUSCTRL

?PR?_MONIHSCOMM?COMMANDSHELL                    -----    -----      0027H    0003H      -----    -----
  +--> ?PR?COMMANDSHELL
  +--> ?CO?COMMANDSHELL
  +--> ?PR?SCANF?SCANF
  +--> ?PR?_PCT_WINATTRCTRLY?TW28XX_VIDEO
  +--> ?PR?_PCT_RECOMPENSEYHDELAY?TW28XX_VIDEO
  +--> ?PR?_PCT_SETVIDEOHDELAY?TW28XX_VIDEO
  +--> ?PR?_PCT_SETXVIDEOMIXING?TW28XX_VIDEO
BL51 BANKED LINKER/LOCATER V6.22.2.0                                                  06/18/2021  17:32:22  PAGE 13


  +--> ?PR?_PCT_WINATTRCTRL?TW28XX_VIDEO
  +--> ?PR?_PCT_FLASHOSDCTRL?MAIN
  +--> ?PR?_PCT_CHECKVMIXTYPE?COMMANDSHELL
  +--> ?PR?_PCT_DISSHOWOSDPAGE?OSDCTRL
  +--> ?PR?_PCT_CLEAROSDPAGEX?OSDCTRL
  +--> ?PR?PCT_SHOWMODEICON?OSDACTION
  +--> ?PR?_PCT_OSD_ACTIONPTHX?OSDACTION

?PR?_PCT_WINATTRCTRLY?TW28XX_VIDEO              -----    -----      -----    -----      009BH    0003H
  +--> ?PR?TW28XX_VIDEO
  +--> ?PR?_PCT_READASICBYTE?BUSCTRL
  +--> ?PR?_PCT_WRITEASICBYTE?BUSCTRL

?PR?_PCT_RECOMPENSEYHDELAY?TW28XX_VIDEO         -----    -----      -----    -----      009BH    0003H
  +--> ?PR?TW28XX_VIDEO
  +--> ?PR?_PCT_READASICBYTE?BUSCTRL
  +--> ?CO?TW28XX_VIDEO
  +--> ?PR?_PCT_WRITEASICBYTE?BUSCTRL

?PR?_PCT_SETVIDEOHDELAY?TW28XX_VIDEO            -----    -----      -----    -----      009BH    0008H
  +--> ?PR?TW28XX_VIDEO
  +--> ?PR?_PCT_WRITEASICBYTE?BUSCTRL
  +--> ?PR?_PCT_READASICBYTE?BUSCTRL
  +--> ?CO?TW28XX_VIDEO

?PR?_PCT_CHECKVMIXTYPE?COMMANDSHELL             -----    -----      002AH    0001H      -----    -----
  +--> ?PR?COMMANDSHELL

?PR?_PCT_DISSHOWOSDPAGE?OSDCTRL                 -----    -----      -----    -----      009BH    0003H
  +--> ?PR?OSDCTRL
  +--> ?PR?_PCT_READASICBYTE?BUSCTRL
  +--> ?PR?_PCT_WRITEASICBYTE?BUSCTRL

?PR?_PCT_CLEAROSDPAGEX?OSDCTRL                  -----    -----      -----    -----      -----    -----
  +--> ?PR?_PCT_SETOSDDRAWPAGE?OSDCTRL
  +--> ?PR?_PCT_PRESETBACKGROUNDCOLOR?OSDCTRL
  +--> ?PR?_PCT_FULLCOLORONOSD?OSDCTRL

?PR?PCT_SHOWMODEICON?OSDACTION                  -----    -----      -----    -----      -----    -----
  +--> ?PR?_PCT_SETOSDDRAWPAGE?OSDCTRL
  +--> ?PR?OSDACTION
  +--> ?CO?OSDACTION
  +--> ?PR?_PCT_SHOWGRAPHSTRING?OSD_GRAPH
  +--> ?PR?_PCT_PRESETBACKGROUNDCOLOR?OSDCTRL
  +--> ?PR?_PCT_PRESETFOREGROUNDCOLOR?OSDCTRL

?PR?OSDACTION                                   -----    -----      -----    -----      -----    -----
  +--> ?CO?OSDACTION

?PR?_PCT_SHOWGRAPHSTRING?OSD_GRAPH              -----    -----      -----    -----      009EH    0007H
  +--> ?PR?OSD_GRAPH
  +--> ?PR?_STRLEN?STRLEN
  +--> ?PR?_PCT_OSD16X16GRAPHX?OSD_GRAPH
  +--> ?PR?PTC_SWITCHTOI2CMODE?BUSCTRL

?PR?_PCT_OSD16X16GRAPHX?OSD_GRAPH               -----    -----      -----    -----      00A5H    000BH
  +--> ?CO?OSD_GRAPH
BL51 BANKED LINKER/LOCATER V6.22.2.0                                                  06/18/2021  17:32:22  PAGE 14


  +--> ?PR?OSD_GRAPH
  +--> ?PR?_PCT_WRITEASICBYTE?BUSCTRL
  +--> ?PR?_PCT_READASICBYTE?BUSCTRL

?PR?_PCT_OSD_ACTIONPTHX?OSDACTION               -----    -----      -----    -----      009BH    0003H
  +--> ?PR?OSDACTION
  +--> ?PR?_PCT_PRESETFOREGROUNDCOLOR?OSDCTRL
  +--> ?PR?_PCT_PRESETBACKGROUNDCOLOR?OSDCTRL
  +--> ?PR?_PCT_SHOWGRAPHSTRING?OSD_GRAPH

?PR?PCT_AUDIOACTIONFORHS?COMMANDSHELL           -----    -----      0027H    0002H      -----    -----
  +--> ?PR?_PCT_AUDIOSELLIVE?TW28XX_AUDIO
  +--> ?PR?_PCT_AUDIOMIXMUTE?TW28XX_AUDIO

?PR?PCT_OSDACTIONFORHS?OSDACTION                -----    -----      -----    -----      -----    -----
  +--> ?PR?_PCT_SETOSDDRAWPAGE?OSDCTRL
  +--> ?PR?OSDACTION
  +--> ?PR?_PCT_SHOWMIRRORICON?OSDACTION
  +--> ?PR?_PCT_SHOWSPEAKICON?OSDACTION
  +--> ?PR?_PCT_SHOWINDICATEICON?OSDACTION
  +--> ?PR?PCT_ENFALSHVLOSS?OSDACTION
  +--> ?PR?_PCT_ENSHOWOSDPAGE?OSDCTRL

?PR?_PCT_SHOWMIRRORICON?OSDACTION               -----    -----      -----    -----      009BH    0003H
  +--> ?PR?OSDACTION
  +--> ?PR?_PCT_PRESETFOREGROUNDCOLOR?OSDCTRL
  +--> ?PR?_PCT_CLEARWORDSPATHX?OSDCTRL
  +--> ?PR?_PCT_SHOWGRAPHSTRING?OSD_GRAPH

?PR?_PCT_CLEARWORDSPATHX?OSDCTRL                -----    -----      -----    -----      009EH    0007H
  +--> ?PR?OSDCTRL
  +--> ?PR?_PCT_WRITEASICBYTE?BUSCTRL
  +--> ?PR?_PCT_READASICBYTE?BUSCTRL

?PR?_PCT_SHOWSPEAKICON?OSDACTION                -----    -----      -----    -----      009BH    0003H
  +--> ?PR?OSDACTION
  +--> ?PR?_PCT_PRESETFOREGROUNDCOLOR?OSDCTRL
  +--> ?PR?_PCT_CLEARWORDSPATHX?OSDCTRL
  +--> ?PR?_PCT_SHOWGRAPHSTRING?OSD_GRAPH
  +--> ?CO?OSDACTION

?PR?_PCT_SHOWINDICATEICON?OSDACTION             -----    -----      0027H    0001H      009BH    0003H
  +--> ?PR?OSDACTION
  +--> ?PR?_PCT_PRESETFOREGROUNDCOLOR?OSDCTRL
  +--> ?PR?_PCT_SHOWGRAPHSTRING?OSD_GRAPH
  +--> ?PR?_PCT_CLEARWORDSPATHX?OSDCTRL
  +--> ?CO?OSDACTION

?PR?_MONIHSCOMMSJMODE?COMMANDSHELL              -----    -----      -----    -----      -----    -----
  +--> ?PR?COMMANDSHELL
  +--> ?CO?COMMANDSHELL
  +--> ?PR?SCANF?SCANF

?PR?MONIHSCOMMDISSCROLL?COMMANDSHELL            -----    -----      -----    -----      -----    -----
  +--> ?PR?_PCT_ENSHOWOSDPAGE?OSDCTRL

?PR?MONIHSCOMMVERSION?COMMANDSHELL              -----    -----      -----    -----      009BH    0001H
BL51 BANKED LINKER/LOCATER V6.22.2.0                                                  06/18/2021  17:32:22  PAGE 15


  +--> ?PR?_RS_TX?UART
  +--> ?CO?COMMANDSHELL

?PR?MONITOR?MONITOR                             -----    -----      -----    -----      0095H    0006H
  +--> ?PR?MONGETCOMMAND?MONITOR
  +--> ?PR?MONITOR
  +--> ?CO?MONITOR
  +--> ?PR?_STRICMP?MONITOR
  +--> ?PR?_PCT_WRITEASICBYTE?BUSCTRL
  +--> ?PR?_ASC2BIN?MONITOR
  +--> ?PR?MONHELP?MONITOR
  +--> ?PR?_GRAPHICSPRINT?PRINTF
  +--> ?PR?_PRINTF?PRINTF
  +--> ?PR?_PCT_READASICBYTE?BUSCTRL
  +--> ?PR?PROMPT?MONITOR

?PR?MONGETCOMMAND?MONITOR                       -----    -----      -----    -----      009BH    0003H
  +--> ?PR?RS_READY?MONITOR
  +--> ?PR?RS_RX?UART
  +--> ?PR?_MON_TX?MONITOR
  +--> ?PR?PROMPT?MONITOR
  +--> ?PR?MONITOR
  +--> ?PR?_MONINCDECI2C?MONITOR

?PR?_MON_TX?MONITOR                             -----    -----      -----    -----      -----    -----
  +--> ?PR?_RS_TX?UART

?PR?PROMPT?MONITOR                              -----    -----      -----    -----      -----    -----
  +--> ?CO?MONITOR
  +--> ?PR?MONITOR
  +--> ?PR?_PRINTF?PRINTF

?PR?MONITOR                                     -----    -----      -----    -----      -----    -----
  +--> ?CO?MONITOR
  +--> ?PR?_ASC2BIN?MONITOR

?PR?_ASC2BIN?MONITOR                            -----    -----      -----    -----      -----    -----
  +--> ?PR?_ASC1BIN?MONITOR

?PR?_MONINCDECI2C?MONITOR                       -----    -----      -----    -----      -----    -----
  +--> ?PR?MONITOR
  +--> ?PR?_PCT_WRITEASICBYTE?BUSCTRL
  +--> ?PR?_PCT_READASICBYTE?BUSCTRL
  +--> ?CO?MONITOR
  +--> ?PR?_PRINTF?PRINTF
  +--> ?PR?PROMPT?MONITOR

?PR?_STRICMP?MONITOR                            -----    -----      -----    -----      009BH    0008H
  +--> ?PR?MONITOR
  +--> ?PR?_HS_TOUPPER?MONITOR

?PR?MONHELP?MONITOR                             -----    -----      -----    -----      -----    -----
  +--> ?CO?MONITOR
  +--> ?PR?_PRINTF?PRINTF

?PR?_GRAPHICSPRINT?PRINTF                       -----    -----      -----    -----      009BH    002FH
  +--> ?PR?PRINTF
BL51 BANKED LINKER/LOCATER V6.22.2.0                                                  06/18/2021  17:32:22  PAGE 16


  +--> ?PR?_DOPRINT?PRINTF

?PR?PCT_CHECKSYSTEM?COMMANDSHELL                -----    -----      -----    -----      -----    -----
  +--> ?PR?_PCT_DETECTVIDEOFORMAT?TW28XX_VIDEO
  +--> ?PR?_PCT_ENSHOWOSDPAGE?OSDCTRL
  +--> ?PR?_PCT_CHANGESYSTEMTYPE?TW2835_INIT
  +--> ?PR?_PCT_RECOMPENSEYHDELAY?TW28XX_VIDEO
  +--> ?PR?COMMANDSHELL
  +--> ?PR?_PCT_SETVIDEOHDELAY?TW28XX_VIDEO
  +--> ?PR?_PCT_SETXVIDEOMIXING?TW28XX_VIDEO
  +--> ?PR?_PCT_CLEAROSDPAGEX?OSDCTRL
  +--> ?PR?PCT_SHOWMODEICON?OSDACTION
  +--> ?PR?_PCT_OSD_ACTIONPTHX?OSDACTION
  +--> ?PR?PCT_OSDACTIONFORHS?OSDACTION

?PR?_PCT_CHANGESYSTEMTYPE?TW2835_INIT           -----    -----      -----    -----      0095H    0002H
  +--> ?PR?TW2835_INIT
  +--> ?CO?TW2835_INIT
  +--> ?PR?_PCT_WRITEASICTABLE?BUSCTRL

?PR?PCT_GETVIDEOSIGNALSTATUS?OSDACTION          -----    -----      -----    -----      -----    -----
  +--> ?PR?_PCT_READASICBYTE?BUSCTRL
  +--> ?PR?_PCT_WRITEASICBYTE?BUSCTRL

?C_INITSEG                                      -----    -----      -----    -----      -----    -----
  +--> ?CO?PRINTF



SYMBOL TABLE OF MODULE:  .\OBJ\TW2835 (?C_STARTUP)

  VALUE           TYPE          NAME
  ----------------------------------

  -------         MODULE        ?C_STARTUP
  C:8D6FH         SEGMENT       ?C_C51STARTUP
  I:0036H         SEGMENT       ?STACK
  C:0000H         PUBLIC        ?C_STARTUP
  D:00E0H         SYMBOL        ACC
  D:00F0H         SYMBOL        B
  D:0083H         SYMBOL        DPH
  D:0082H         SYMBOL        DPL
  N:0000H         SYMBOL        IBPSTACK
  N:0100H         SYMBOL        IBPSTACKTOP
  N:0080H         SYMBOL        IDATALEN
  C:8D72H         SYMBOL        IDATALOOP
  N:0000H         SYMBOL        PBPSTACK
  N:0100H         SYMBOL        PBPSTACKTOP
  N:0000H         SYMBOL        PDATALEN
  N:0000H         SYMBOL        PDATASTART
  N:0000H         SYMBOL        PPAGE
  N:0000H         SYMBOL        PPAGEENABLE
  D:00A0H         SYMBOL        PPAGE_SFR
  D:0081H         SYMBOL        SP
  C:8D6FH         SYMBOL        STARTUP1
  N:0000H         SYMBOL        XBPSTACK
  N:0000H         SYMBOL        XBPSTACKTOP
BL51 BANKED LINKER/LOCATER V6.22.2.0                                                  06/18/2021  17:32:22  PAGE 17


  N:0000H         SYMBOL        XDATALEN
  N:0000H         SYMBOL        XDATASTART
  C:0000H         LINE#         126
  C:8D6FH         LINE#         133
  C:8D71H         LINE#         134
  C:8D72H         LINE#         135
  C:8D73H         LINE#         136
  C:8D75H         LINE#         185
  C:8D78H         LINE#         196
  -------         ENDMOD        ?C_STARTUP

  -------         MODULE        UART
  C:0000H         SYMBOL        _ICE_DUMMY_
  D:0090H         PUBLIC        P1
  D:00B0H         PUBLIC        P3
  C:A0E6H         PUBLIC        InitialUART
  D:00A8H         PUBLIC        IE
  B:00A8H.4       PUBLIC        ES
  D:00B8H         PUBLIC        IP
  B:0098H.0       PUBLIC        RI
  B:0098H.1       PUBLIC        TI
  B:00B8H.4       PUBLIC        PS
  D:00D8H         PUBLIC        CCON
  D:0099H         PUBLIC        SBUF
  D:00C0H         PUBLIC        WDTC
  D:0098H         PUBLIC        SCON
  D:0088H         PUBLIC        TCON
  C:A0F7H         PUBLIC        RS_RxReady
  D:008DH         PUBLIC        TH1
  D:00E8H         PUBLIC        IEA
  X:018DH         PUBLIC        RsRxRp
  B:0088H.6       PUBLIC        TR1
  X:018EH         PUBLIC        RsRxWp
  D:00F8H         PUBLIC        IPA
  D:00C8H         PUBLIC        T2CON
  C:9E3EH         PUBLIC        RS_rx
  C:0003H         PUBLIC        _RS_tx
  C:9978H         PUBLIC        RS_interrupt
  D:00D0H         PUBLIC        PSW
  -------         PROC          INITIALUART
  C:A0E6H         LINE#         69
  C:A0E6H         LINE#         70
  C:A0E6H         LINE#         72
  C:A0E8H         LINE#         73
  C:A0EAH         LINE#         80
  C:A0EDH         LINE#         87
  C:A0EFH         LINE#         89
  C:A0F4H         LINE#         90
  C:A0F6H         LINE#         91
  -------         ENDPROC       INITIALUART
  -------         PROC          RS_RXREADY
  C:A0F7H         LINE#         97
  C:A0F7H         LINE#         98
  C:A0F7H         LINE#         99
  C:A104H         LINE#         100
  C:A106H         LINE#         101
  -------         ENDPROC       RS_RXREADY
BL51 BANKED LINKER/LOCATER V6.22.2.0                                                  06/18/2021  17:32:22  PAGE 18


  -------         PROC          RS_RX
  -------         DO            
  D:0007H         SYMBOL        ret
  -------         ENDDO         
  C:9E3EH         LINE#         107
  C:9E3EH         LINE#         108
  C:9E3EH         LINE#         111
  C:9E40H         LINE#         121
  C:9E4FH         LINE#         123
  C:9E55H         LINE#         124
  C:9E5FH         LINE#         125
  C:9E61H         LINE#         127
  C:9E63H         LINE#         129
  C:9E63H         LINE#         130
  -------         ENDPROC       RS_RX
  -------         PROC          _RS_TX
  D:0007H         SYMBOL        tx_buf
  C:0003H         LINE#         136
  C:0003H         LINE#         137
  C:0003H         LINE#         138
  C:0003H         LINE#         139
  C:0006H         LINE#         140
  C:0008H         LINE#         141
  C:000AH         LINE#         142
  C:000AH         LINE#         143
  C:000AH         LINE#         144
  C:000AH         LINE#         145
  -------         ENDPROC       _RS_TX
  -------         PROC          RS_INTERRUPT
  C:9978H         LINE#         151
  C:9983H         LINE#         153
  C:9986H         LINE#         154
  C:9988H         LINE#         162
  C:999CH         LINE#         163
  C:99ABH         LINE#         176
  C:99ABH         LINE#         177
  -------         ENDPROC       RS_INTERRUPT
  -------         ENDMOD        UART

  -------         MODULE        BUSCTRL
  C:0000H         SYMBOL        _ICE_DUMMY_
  D:0080H         PUBLIC        P0
  D:0090H         PUBLIC        P1
  D:00B0H         PUBLIC        P3
  B:00A8H.7       PUBLIC        EA
  D:00A8H         PUBLIC        IE
  C:9FA0H         PUBLIC        _PCT_PageChange
  C:9413H         PUBLIC        _PCT_WriteSTable
  D:00B8H         PUBLIC        IP
  B:0090H.3       PUBLIC        HALE
  B:0090H.2       PUBLIC        HRDB
  D:00D8H         PUBLIC        CCON
  D:00C0H         PUBLIC        WDTC
  B:0090H.1       PUBLIC        HWRB
  D:0098H         PUBLIC        SCON
  D:0088H         PUBLIC        TCON
  C:8DFBH         PUBLIC        _PCT_WriteAsicTable
BL51 BANKED LINKER/LOCATER V6.22.2.0                                                  06/18/2021  17:32:22  PAGE 19


  C:A19DH         PUBLIC        PTC_SwitchToI2CMode
  D:00E8H         PUBLIC        IEA
  B:00B0H.6       PUBLIC        HCSB0
  B:00B0H.7       PUBLIC        HCSB1
  D:00F8H         PUBLIC        IPA
  C:9ED5H         PUBLIC        _PCT_ReadAsicByte
  D:00C8H         PUBLIC        T2CON
  C:9E64H         PUBLIC        _SetAsicFlgType
  C:9F60H         PUBLIC        _PCT_WriteAsicByte
  D:00D0H         PUBLIC        PSW
  C:9CE1H         SYMBOL        Com001B
  C:9CE1H         SYMBOL        L?0028
  C:9CE5H         SYMBOL        L?0029
  C:9CEDH         SYMBOL        L?0030
  C:9CEDH         SYMBOL        L?0031
  C:9CF5H         SYMBOL        L?0032
  C:9CF5H         SYMBOL        L?0033
  C:9CFDH         SYMBOL        L?0034
  C:9D09H         SYMBOL        L?0035
  C:9D09H         SYMBOL        L?0036
  -------         PROC          COM001B
  -------         ENDPROC       COM001B
  -------         PROC          _PCT_PAGECHANGE
  D:0007H         SYMBOL        _pg
  -------         DO            
  X:00CFH         SYMBOL        _dvc
  D:0006H         SYMBOL        _addr
  -------         ENDDO         
  C:9FA0H         LINE#         65
  C:9FA0H         LINE#         66
  C:9FA0H         LINE#         67
  C:9FA5H         LINE#         68
  C:9FA7H         LINE#         70
  C:9FA9H         LINE#         72
  C:9FA9H         LINE#         76
  C:9FA9H         LINE#         77
  C:9FACH         LINE#         79
  C:9FAEH         LINE#         80
  C:9FB0H         LINE#         81
  C:9FB2H         LINE#         82
  C:9FB4H         LINE#         83
  C:9FB4H         LINE#         84
  C:9FB4H         LINE#         86
  C:9FB4H         LINE#         87
  C:9FB4H         LINE#         88
  C:9FB7H         LINE#         89
  C:9FBAH         LINE#         90
  C:9FBCH         LINE#         91
  -------         ENDPROC       _PCT_PAGECHANGE
  -------         PROC          _PCT_WRITEASICBYTE
  D:0007H         SYMBOL        _dvc
  D:0005H         SYMBOL        _pg
  D:0003H         SYMBOL        _addr
  X:00CEH         SYMBOL        _wdat
  C:9F60H         LINE#         93
  C:9F60H         LINE#         94
  C:9F60H         LINE#         95
BL51 BANKED LINKER/LOCATER V6.22.2.0                                                  06/18/2021  17:32:22  PAGE 20


  C:9F60H         LINE#         97
  C:9F62H         LINE#         101
  C:9F67H         LINE#         104
  C:9F67H         LINE#         106
  C:9F67H         LINE#         107
  C:9F6AH         LINE#         115
  C:9F6EH         LINE#         116
  C:9F70H         LINE#         117
  C:9F72H         LINE#         118
  C:9F78H         LINE#         119
  C:9F78H         LINE#         120
  C:9F78H         LINE#         122
  C:9F78H         LINE#         124
  C:9F78H         LINE#         125
  C:9F7BH         LINE#         130
  C:9F7EH         LINE#         131
  C:9F80H         LINE#         132
  -------         ENDPROC       _PCT_WRITEASICBYTE
  -------         PROC          _PCT_WRITEASICTABLE
  D:0007H         SYMBOL        _dvc
  D:0005H         SYMBOL        _pg
  D:0004H         SYMBOL        _addr
  X:00A0H         SYMBOL        _tbl_ptr
  X:00A3H         SYMBOL        _tbl_cnt
  C:8DFBH         LINE#         144
  C:8DFDH         LINE#         145
  C:8DFDH         LINE#         146
  C:8DFDH         LINE#         148
  C:8DFFH         LINE#         153
  C:8E04H         LINE#         159
  C:8E04H         LINE#         163
  C:8E04H         LINE#         164
  C:8E07H         LINE#         174
  C:8E1AH         LINE#         177
  C:8E1AH         LINE#         178
  C:8E1FH         LINE#         180
  C:8E21H         LINE#         183
  C:8E34H         LINE#         186
  C:8E36H         LINE#         188
  C:8E4BH         LINE#         189
  C:8E4DH         LINE#         192
  C:8E60H         LINE#         195
  C:8E62H         LINE#         196
  C:8E6AH         LINE#         202
  C:8E6AH         LINE#         205
  C:8E6AH         LINE#         206
  C:8E6DH         LINE#         211
  C:8E70H         LINE#         213
  C:8E72H         LINE#         214
  -------         ENDPROC       _PCT_WRITEASICTABLE
  -------         PROC          _PCT_READASICBYTE
  D:0004H         SYMBOL        _dvc
  D:0005H         SYMBOL        _pg
  D:0003H         SYMBOL        _addr
  -------         DO            
  D:0007H         SYMBOL        _rdat_
  -------         ENDDO         
BL51 BANKED LINKER/LOCATER V6.22.2.0                                                  06/18/2021  17:32:22  PAGE 21


  C:9ED5H         LINE#         251
  C:9ED7H         LINE#         252
  C:9ED7H         LINE#         255
  C:9ED9H         LINE#         257
  C:9EDEH         LINE#         261
  C:9EDEH         LINE#         263
  C:9EDEH         LINE#         265
  C:9EDEH         LINE#         266
  C:9EE1H         LINE#         273
  C:9EE5H         LINE#         274
  C:9EE7H         LINE#         275
  C:9EE9H         LINE#         276
  C:9EECH         LINE#         277
  C:9EEEH         LINE#         278
  C:9EF0H         LINE#         279
  C:9EF2H         LINE#         281
  C:9EF2H         LINE#         283
  C:9EF2H         LINE#         284
  C:9EF5H         LINE#         289
  C:9EF7H         LINE#         290
  C:9EF7H         LINE#         291
  -------         ENDPROC       _PCT_READASICBYTE
  -------         PROC          _PCT_WRITESTABLE
  D:0007H         SYMBOL        _dvc
  X:00A2H         SYMBOL        _tbl_ptr
  C:9413H         LINE#         298
  C:941EH         LINE#         299
  C:941EH         LINE#         303
  C:941EH         LINE#         304
  C:942CH         LINE#         305
  C:9446H         LINE#         306
  C:9446H         LINE#         307
  C:9458H         LINE#         308
  C:9458H         LINE#         309
  C:9462H         LINE#         310
  C:9464H         LINE#         311
  -------         ENDPROC       _PCT_WRITESTABLE
  -------         PROC          PTC_SWITCHTOI2CMODE
  C:A19DH         LINE#         317
  C:A19DH         LINE#         318
  C:A19DH         LINE#         328
  -------         ENDPROC       PTC_SWITCHTOI2CMODE
  -------         PROC          _SETASICFLGTYPE
  X:0095H         SYMBOL        _dvc
  D:0001H         SYMBOL        _pg
  D:0002H         SYMBOL        _addr
  X:0098H         SYMBOL        _flg
  X:0099H         SYMBOL        _data
  -------         DO            
  D:0006H         SYMBOL        _t1_
  -------         ENDDO         
  C:9E64H         LINE#         330
  C:9E6DH         LINE#         331
  C:9E6DH         LINE#         334
  C:9E72H         LINE#         335
  C:9E7DH         LINE#         336
  -------         ENDPROC       _SETASICFLGTYPE
BL51 BANKED LINKER/LOCATER V6.22.2.0                                                  06/18/2021  17:32:22  PAGE 22


  -------         ENDMOD        BUSCTRL

  -------         MODULE        COMMANDSHELL
  C:0000H         SYMBOL        _ICE_DUMMY_
  D:0090H         PUBLIC        P1
  D:00B0H         PUBLIC        P3
  C:A037H         PUBLIC        _MoniHSCommSJmode
  C:99F0H         PUBLIC        MoniVideoAutoDetect
  C:64D9H         PUBLIC        _PCT_RunCommShell
  C:7DCAH         PUBLIC        _MoniAudioGain
  D:00A8H         PUBLIC        IE
  C:9A64H         PUBLIC        _MoniReadOneBuffer
  D:00B8H         PUBLIC        IP
  C:A0B0H         PUBLIC        _MoniYVideoMix
  X:0166H         PUBLIC        sysdat
  C:A04DH         PUBLIC        _MoniAudioLive
  D:00D8H         PUBLIC        CCON
  C:A107H         PUBLIC        PCT_SendACK
  C:9C16H         PUBLIC        _MoniWriteOneBuffer
  C:A116H         PUBLIC        MoniAudioMute
  C:9D99H         PUBLIC        MoniHSCommVersion
  C:8298H         PUBLIC        _MoniSetVideoFormat
  C:96D9H         PUBLIC        _MoniReadAsicByte
  C:8FCAH         PUBLIC        _PCT_GetFirstStr
  C:8EE8H         PUBLIC        PCT_CheckSystem
  D:00C0H         PUBLIC        WDTC
  D:0098H         PUBLIC        SCON
  D:0088H         PUBLIC        TCON
  C:95F7H         PUBLIC        _MoniWriteAsicByte
  C:7B2FH         PUBLIC        _MoniHSComm
  X:0177H         PUBLIC        msg
  D:00E8H         PUBLIC        IEA
  C:98FEH         PUBLIC        _PCT_StrToCommCode
  C:9691H         PUBLIC        _PCT_CheckVMixType
  C:A18FH         PUBLIC        MoniHSCommDisScroll
  D:00F8H         PUBLIC        IPA
  C:92ACH         PUBLIC        _MoniShowSODStr
  C:6A37H         PUBLIC        _MoniVideoMixAttr
  C:9644H         PUBLIC        PCT_AudioActionForHS
  D:00C8H         PUBLIC        T2CON
  C:9369H         PUBLIC        _MoniVideoMixWin
  C:9769H         PUBLIC        _MoniReadPageBuffer
  X:017FH         PUBLIC        Original_selwintype
  C:94B7H         PUBLIC        MoniRegisterDump
  D:00D0H         PUBLIC        PSW
  C:7540H         PUBLIC        _MoniAudioMixing
  C:6C4EH         SYMBOL        Com00E8
  C:6C4EH         SYMBOL        L?0233
  C:6C4FH         SYMBOL        L?0234
  C:6C85H         SYMBOL        L?0235
  C:6C8CH         SYMBOL        L?0236
  C:6C8DH         SYMBOL        L?0237
  C:6CC3H         SYMBOL        L?0238
  C:6CCAH         SYMBOL        L?0239
  C:6CCAH         SYMBOL        L?0240
  C:6CCDH         SYMBOL        L?0241
  C:6CD6H         SYMBOL        L?0242
BL51 BANKED LINKER/LOCATER V6.22.2.0                                                  06/18/2021  17:32:22  PAGE 23


  C:6CD7H         SYMBOL        L?0243
  C:6CF7H         SYMBOL        L?0244
  C:6CFEH         SYMBOL        L?0245
  C:6CFEH         SYMBOL        L?0246
  C:6D0AH         SYMBOL        L?0247
  C:6D11H         SYMBOL        L?0248
  C:6D21H         SYMBOL        L?0249
  C:6D28H         SYMBOL        L?0250
  C:6D38H         SYMBOL        L?0251
  C:6D3FH         SYMBOL        L?0252
  C:6D4FH         SYMBOL        L?0253
  C:6D56H         SYMBOL        L?0254
  C:6D62H         SYMBOL        L?0255
  C:6D69H         SYMBOL        L?0256
  C:6D75H         SYMBOL        L?0257
  C:6D7CH         SYMBOL        L?0258
  C:6D81H         SYMBOL        L?0259
  C:6D88H         SYMBOL        L?0260
  C:6D8DH         SYMBOL        L?0261
  C:6D94H         SYMBOL        L?0263
  C:6D94H         SYMBOL        L?0264
  C:6D9CH         SYMBOL        L?0265
  C:6D9CH         SYMBOL        L?0266
  C:6DA4H         SYMBOL        L?0267
  C:6DACH         SYMBOL        L?0268
  C:6DB8H         SYMBOL        L?0269
  C:6DB9H         SYMBOL        L?0270
  C:6DC0H         SYMBOL        L?0272
  C:6DC7H         SYMBOL        L?0276
  C:6DCEH         SYMBOL        L?0280
  C:6DD5H         SYMBOL        L?0283
  C:6DDCH         SYMBOL        L?0288
  C:6DE3H         SYMBOL        L?0289
  C:6DE4H         SYMBOL        L?0290
  C:6DF1H         SYMBOL        L?0292
  C:6E01H         SYMBOL        L?0293
  C:6E08H         SYMBOL        L?0295
  C:6E0FH         SYMBOL        L?0298
  C:6E16H         SYMBOL        L?0303
  C:6E16H         SYMBOL        L?0304
  C:6E17H         SYMBOL        L?0305
  C:6E1FH         SYMBOL        L?0306
  C:6E1FH         SYMBOL        L?0307
  C:6E29H         SYMBOL        L?0308
  C:6E34H         SYMBOL        L?0310
  C:6E3BH         SYMBOL        L?0311
  C:6E3BH         SYMBOL        L?0312
  C:6E42H         SYMBOL        L?0314
  C:6E42H         SYMBOL        L?0315
  C:6E4BH         SYMBOL        L?0318
  C:6E57H         SYMBOL        L?0320
  C:6E57H         SYMBOL        L?0321
  C:6E5DH         SYMBOL        L?0322
  -------         PROC          COM00E8
  -------         ENDPROC       COM00E8
  -------         PROC          _PCT_GETFIRSTSTR
  X:00A1H         SYMBOL        tagStr
BL51 BANKED LINKER/LOCATER V6.22.2.0                                                  06/18/2021  17:32:22  PAGE 24


  X:00A4H         SYMBOL        sourceStr
  C:8FCAH         LINE#         107
  C:8FD0H         LINE#         108
  C:8FD0H         LINE#         109
  C:8FDBH         LINE#         110
  C:8FF2H         LINE#         111
  C:900AH         LINE#         112
  C:900CH         LINE#         113
  C:900CH         LINE#         114
  C:9019H         LINE#         115
  C:901DH         LINE#         116
  C:9026H         LINE#         117
  C:9029H         LINE#         118
  C:902CH         LINE#         119
  C:902FH         LINE#         120
  C:9038H         LINE#         121
  -------         ENDPROC       _PCT_GETFIRSTSTR
  -------         PROC          _PCT_STRTOCOMMCODE
  X:00A1H         SYMBOL        Str
  -------         DO            
  D:0031H         SYMBOL        ret
  -------         ENDDO         
  C:98FEH         LINE#         128
  C:9904H         LINE#         129
  C:9904H         LINE#         130
  C:9909H         LINE#         132
  C:9936H         LINE#         133
  C:993AH         LINE#         134
  -------         ENDPROC       _PCT_STRTOCOMMCODE
  -------         PROC          PCT_SENDACK
  C:A107H         LINE#         140
  C:A107H         LINE#         141
  C:A107H         LINE#         142
  C:A10CH         LINE#         143
  C:A111H         LINE#         144
  -------         ENDPROC       PCT_SENDACK
  -------         PROC          _PCT_CHECKVMIXTYPE
  D:0007H         SYMBOL        _typ
  -------         DO            
  D:002AH         SYMBOL        tmplktp
  -------         ENDDO         
  C:9691H         LINE#         151
  C:9691H         LINE#         152
  C:9691H         LINE#         153
  C:9694H         LINE#         155
  C:969AH         LINE#         156
  C:96A1H         LINE#         157
  C:96A7H         LINE#         158
  C:96B3H         LINE#         160
  C:96C1H         LINE#         161
  C:96C7H         LINE#         163
  C:96C7H         LINE#         164
  C:96CDH         LINE#         165
  C:96D3H         LINE#         166
  C:96D8H         LINE#         167
  -------         ENDPROC       _PCT_CHECKVMIXTYPE
  -------         PROC          _MONIREADPAGEBUFFER
BL51 BANKED LINKER/LOCATER V6.22.2.0                                                  06/18/2021  17:32:22  PAGE 25


  D:0001H         SYMBOL        szParam
  -------         DO            
  D:0027H         SYMBOL        page
  D:0028H         SYMBOL        start
  D:0029H         SYMBOL        end
  -------         ENDDO         
  C:9769H         LINE#         177
  C:9769H         LINE#         178
  C:9769H         LINE#         181
  C:978EH         LINE#         183
  C:978EH         LINE#         184
  C:97A8H         LINE#         185
  C:97AAH         LINE#         186
  C:97AFH         LINE#         187
  -------         ENDPROC       _MONIREADPAGEBUFFER
  -------         PROC          _MONIREADONEBUFFER
  D:0001H         SYMBOL        szParam
  -------         DO            
  D:0027H         SYMBOL        page
  D:0028H         SYMBOL        addr
  -------         ENDDO         
  C:9A64H         LINE#         193
  C:9A64H         LINE#         194
  C:9A64H         LINE#         197
  C:9A81H         LINE#         199
  -------         ENDPROC       _MONIREADONEBUFFER
  -------         PROC          _MONIWRITEONEBUFFER
  D:0001H         SYMBOL        szParam
  -------         DO            
  D:0027H         SYMBOL        page
  D:0028H         SYMBOL        addr
  D:0029H         SYMBOL        dat
  -------         ENDDO         
  C:9C16H         LINE#         206
  C:9C16H         LINE#         207
  C:9C16H         LINE#         210
  C:9C3BH         LINE#         211
  -------         ENDPROC       _MONIWRITEONEBUFFER
  -------         PROC          _MONIWRITEASICBYTE
  D:0001H         SYMBOL        szParam
  -------         DO            
  D:0027H         SYMBOL        _dev
  D:0028H         SYMBOL        _pg
  D:0029H         SYMBOL        _addr
  D:002AH         SYMBOL        _wdat
  -------         ENDDO         
  C:95F7H         LINE#         218
  C:95F7H         LINE#         219
  C:95F7H         LINE#         220
  C:95FAH         LINE#         221
  C:95FCH         LINE#         222
  C:95FEH         LINE#         223
  C:9600H         LINE#         225
  C:9635H         LINE#         226
  -------         ENDPROC       _MONIWRITEASICBYTE
  -------         PROC          _MONIREADASICBYTE
  D:0001H         SYMBOL        szParam
BL51 BANKED LINKER/LOCATER V6.22.2.0                                                  06/18/2021  17:32:22  PAGE 26


  -------         DO            
  D:0027H         SYMBOL        _dev
  D:0028H         SYMBOL        _pg
  D:0029H         SYMBOL        _addr
  D:002AH         SYMBOL        _rdat
  -------         ENDDO         
  C:96D9H         LINE#         233
  C:96D9H         LINE#         234
  C:96D9H         LINE#         235
  C:96DCH         LINE#         236
  C:96DEH         LINE#         237
  C:96E0H         LINE#         238
  C:96E2H         LINE#         240
  C:9707H         LINE#         241
  C:9712H         LINE#         242
  -------         ENDPROC       _MONIREADASICBYTE
  C:7682H         SYMBOL        L?0273
  C:7698H         SYMBOL        L?0284
  C:76AEH         SYMBOL        L?0287
  -------         PROC          _MONIAUDIOMIXING
  X:009BH         SYMBOL        szParam
  -------         DO            
  D:0027H         SYMBOL        selch0
  D:0028H         SYMBOL        selch1
  D:0029H         SYMBOL        selch2
  D:002AH         SYMBOL        selch3
  D:002BH         SYMBOL        selch4
  D:002CH         SYMBOL        valch0
  D:002DH         SYMBOL        valch1
  D:002EH         SYMBOL        valch2
  D:002FH         SYMBOL        valch3
  D:0030H         SYMBOL        valch4
  X:009EH         SYMBOL        getStr
  C:64D4H         SYMBOL        chaddr
  -------         ENDDO         
  C:7540H         LINE#         250
  C:7543H         LINE#         251
  C:7543H         LINE#         262
  C:7556H         LINE#         264
  C:755EH         LINE#         270
  C:7588H         LINE#         271
  C:7588H         LINE#         272
  C:759EH         LINE#         273
  C:75A7H         LINE#         274
  C:75ADH         LINE#         275
  C:75B0H         LINE#         277
  C:75B0H         LINE#         278
  C:75D3H         LINE#         280
  C:75D3H         LINE#         281
  C:75D6H         LINE#         282
  C:75D9H         LINE#         283
  C:75DCH         LINE#         285
  C:75DCH         LINE#         286
  C:75F4H         LINE#         288
  C:75F4H         LINE#         289
  C:75F7H         LINE#         290
  C:75FBH         LINE#         291
BL51 BANKED LINKER/LOCATER V6.22.2.0                                                  06/18/2021  17:32:22  PAGE 27


  C:75FEH         LINE#         292
  C:7601H         LINE#         294
  C:7601H         LINE#         295
  C:761CH         LINE#         297
  C:761CH         LINE#         298
  C:761CH         LINE#         299
  C:761CH         LINE#         300
  C:761FH         LINE#         302
  C:7627H         LINE#         303
  C:762AH         LINE#         305
  C:762AH         LINE#         306
  C:7656H         LINE#         308
  C:7656H         LINE#         309
  C:7656H         LINE#         310
  C:7656H         LINE#         311
  C:765EH         LINE#         312
  C:7667H         LINE#         314
  C:7681H         LINE#         315
  C:7681H         LINE#         317
  C:7681H         LINE#         318
  C:7681H         LINE#         319
  C:7681H         LINE#         320
  -------         ENDPROC       _MONIAUDIOMIXING
  -------         PROC          MONIAUDIOMUTE
  C:A116H         LINE#         327
  C:A116H         LINE#         328
  C:A116H         LINE#         329
  C:A11EH         LINE#         334
  -------         ENDPROC       MONIAUDIOMUTE
  C:7ED9H         SYMBOL        L?0279
  C:7EF3H         SYMBOL        L?0309
  C:7F04H         SYMBOL        L?0323
  -------         PROC          _MONIAUDIOGAIN
  X:009BH         SYMBOL        szParam
  -------         DO            
  D:0027H         SYMBOL        selch0
  D:0028H         SYMBOL        selch1
  D:0029H         SYMBOL        selch2
  D:002AH         SYMBOL        selch3
  D:002BH         SYMBOL        selch4
  D:002CH         SYMBOL        ch0val
  D:002DH         SYMBOL        ch1val
  D:002EH         SYMBOL        ch2val
  D:002FH         SYMBOL        ch3val
  D:0030H         SYMBOL        ch4val
  X:009EH         SYMBOL        getStr
  -------         ENDDO         
  C:7DCAH         LINE#         342
  C:7DCDH         LINE#         343
  C:7DCDH         LINE#         348
  C:7DE0H         LINE#         350
  C:7E07H         LINE#         351
  C:7E07H         LINE#         352
  C:7E1DH         LINE#         353
  C:7E21H         LINE#         354
  C:7E24H         LINE#         356
  C:7E24H         LINE#         357
BL51 BANKED LINKER/LOCATER V6.22.2.0                                                  06/18/2021  17:32:22  PAGE 28


  C:7E47H         LINE#         359
  C:7E47H         LINE#         360
  C:7E4AH         LINE#         361
  C:7E4DH         LINE#         363
  C:7E4DH         LINE#         364
  C:7E65H         LINE#         366
  C:7E65H         LINE#         367
  C:7E65H         LINE#         368
  C:7E68H         LINE#         369
  C:7E6BH         LINE#         371
  C:7E6BH         LINE#         372
  C:7E86H         LINE#         374
  C:7E86H         LINE#         375
  C:7E86H         LINE#         376
  C:7E89H         LINE#         377
  C:7E8CH         LINE#         378
  C:7E8FH         LINE#         380
  C:7E8FH         LINE#         381
  C:7EBBH         LINE#         383
  C:7EBBH         LINE#         384
  C:7EC3H         LINE#         385
  C:7EC7H         LINE#         386
  C:7ECFH         LINE#         387
  C:7ED8H         LINE#         388
  C:7ED8H         LINE#         390
  C:7ED8H         LINE#         391
  C:7ED8H         LINE#         392
  C:7ED8H         LINE#         393
  -------         ENDPROC       _MONIAUDIOGAIN
  -------         PROC          _MONIAUDIOLIVE
  D:0001H         SYMBOL        szParam
  -------         DO            
  D:0027H         SYMBOL        chan
  -------         ENDDO         
  C:A04DH         LINE#         400
  C:A04DH         LINE#         401
  C:A04DH         LINE#         404
  C:A05AH         LINE#         406
  -------         ENDPROC       _MONIAUDIOLIVE
  -------         PROC          MONIREGISTERDUMP
  -------         DO            
  D:0027H         SYMBOL        addr
  D:0028H         SYMBOL        page
  -------         ENDDO         
  C:94B7H         LINE#         413
  C:94B7H         LINE#         414
  C:94B7H         LINE#         418
  C:94C5H         LINE#         419
  C:94D4H         LINE#         420
  C:94D7H         LINE#         421
  C:94D7H         LINE#         422
  C:94EEH         LINE#         423
  C:94F0H         LINE#         424
  C:94FFH         LINE#         425
  C:9503H         LINE#         426
  C:9507H         LINE#         427
  -------         ENDPROC       MONIREGISTERDUMP
BL51 BANKED LINKER/LOCATER V6.22.2.0                                                  06/18/2021  17:32:22  PAGE 29


  -------         PROC          _MONIVIDEOMIXWIN
  D:0001H         SYMBOL        szParam
  -------         DO            
  D:0027H         SYMBOL        chose
  D:0028H         SYMBOL        wintp
  -------         ENDDO         
  C:9369H         LINE#         433
  C:9369H         LINE#         434
  C:9369H         LINE#         437
  C:93ABH         LINE#         439
  C:93B8H         LINE#         440
  -------         ENDPROC       _MONIVIDEOMIXWIN
  C:6C0CH         SYMBOL        L?0278
  C:6C13H         SYMBOL        L?0282
  C:6C1AH         SYMBOL        L?0286
  C:6C21H         SYMBOL        L?0294
  C:6C28H         SYMBOL        L?0297
  C:6C2FH         SYMBOL        L?0300
  C:6C40H         SYMBOL        L?0302
  C:6C47H         SYMBOL        L?0316
  -------         PROC          _MONIVIDEOMIXATTR
  X:009BH         SYMBOL        szParam
  -------         DO            
  D:0027H         SYMBOL        chose
  D:0029H         SYMBOL        attrsel
  D:002AH         SYMBOL        setval
  D:002BH         SYMBOL        winNm
  D:002FH         SYMBOL        wincnt
  D:0030H         SYMBOL        division
  X:009EH         SYMBOL        getStr
  -------         ENDDO         
  C:6A37H         LINE#         447
  C:6A3DH         LINE#         448
  C:6A3DH         LINE#         451
  C:6A40H         LINE#         455
  C:6A56H         LINE#         456
  C:6A61H         LINE#         458
  C:6A67H         LINE#         459
  C:6A74H         LINE#         461
  C:6A82H         LINE#         462
  C:6A85H         LINE#         463
  C:6A85H         LINE#         464
  C:6A96H         LINE#         465
  C:6A99H         LINE#         466
  C:6A99H         LINE#         467
  C:6AAAH         LINE#         468
  C:6AADH         LINE#         469
  C:6AADH         LINE#         470
  C:6ABDH         LINE#         471
  C:6AC0H         LINE#         472
  C:6AC0H         LINE#         473
  C:6AD0H         LINE#         474
  C:6AD3H         LINE#         475
  C:6AD3H         LINE#         476
  C:6AE3H         LINE#         477
  C:6AE6H         LINE#         478
  C:6AE6H         LINE#         479
BL51 BANKED LINKER/LOCATER V6.22.2.0                                                  06/18/2021  17:32:22  PAGE 30


  C:6AF6H         LINE#         480
  C:6AF9H         LINE#         481
  C:6AF9H         LINE#         482
  C:6B09H         LINE#         483
  C:6B0CH         LINE#         484
  C:6B0FH         LINE#         485
  C:6B20H         LINE#         486
  C:6B23H         LINE#         487
  C:6B23H         LINE#         488
  C:6B34H         LINE#         489
  C:6B37H         LINE#         490
  C:6B37H         LINE#         491
  C:6B47H         LINE#         492
  C:6B4AH         LINE#         493
  C:6B4AH         LINE#         494
  C:6B5AH         LINE#         495
  C:6B5DH         LINE#         496
  C:6B5DH         LINE#         497
  C:6B6DH         LINE#         498
  C:6B70H         LINE#         499
  C:6B70H         LINE#         500
  C:6B80H         LINE#         501
  C:6B83H         LINE#         502
  C:6B83H         LINE#         503
  C:6B96H         LINE#         504
  C:6B99H         LINE#         505
  C:6B9CH         LINE#         506
  C:6BB1H         LINE#         507
  C:6BB4H         LINE#         508
  C:6BB6H         LINE#         509
  C:6BB6H         LINE#         511
  C:6BB6H         LINE#         513
  C:6BBFH         LINE#         514
  C:6BDDH         LINE#         515
  C:6BDDH         LINE#         516
  C:6BEEH         LINE#         517
  C:6BF0H         LINE#         518
  C:6BF0H         LINE#         519
  C:6BF2H         LINE#         520
  C:6BF6H         LINE#         521
  C:6C00H         LINE#         522
  C:6C07H         LINE#         523
  C:6C07H         LINE#         524
  C:6C0BH         LINE#         525
  -------         ENDPROC       _MONIVIDEOMIXATTR
  -------         PROC          _MONIYVIDEOMIX
  D:0001H         SYMBOL        szParam
  -------         DO            
  D:0027H         SYMBOL        chan
  -------         ENDDO         
  C:A0B0H         LINE#         532
  C:A0B0H         LINE#         533
  C:A0B0H         LINE#         536
  C:A0BDH         LINE#         537
  -------         ENDPROC       _MONIYVIDEOMIX
  -------         PROC          MONIVIDEOAUTODETECT
  C:99F0H         LINE#         544
BL51 BANKED LINKER/LOCATER V6.22.2.0                                                  06/18/2021  17:32:22  PAGE 31


  C:99F0H         LINE#         545
  C:99F0H         LINE#         546
  -------         ENDPROC       MONIVIDEOAUTODETECT
  C:838BH         SYMBOL        L?0275
  C:83A9H         SYMBOL        L?0319
  -------         PROC          _MONISETVIDEOFORMAT
  X:009BH         SYMBOL        szParam
  -------         DO            
  D:0027H         SYMBOL        selch0
  D:0028H         SYMBOL        selch1
  D:0029H         SYMBOL        selch2
  D:002AH         SYMBOL        selch3
  D:002BH         SYMBOL        valch0
  D:002CH         SYMBOL        valch1
  D:002DH         SYMBOL        valch2
  D:002EH         SYMBOL        valch3
  X:009EH         SYMBOL        getStr
  -------         ENDDO         
  C:8298H         LINE#         558
  C:829BH         LINE#         559
  C:829BH         LINE#         564
  C:82AEH         LINE#         566
  C:82CFH         LINE#         567
  C:82CFH         LINE#         568
  C:82E7H         LINE#         569
  C:82EAH         LINE#         570
  C:82EDH         LINE#         572
  C:82EDH         LINE#         573
  C:8305H         LINE#         575
  C:830DH         LINE#         576
  C:8315H         LINE#         577
  C:8318H         LINE#         579
  C:8318H         LINE#         580
  C:8333H         LINE#         582
  C:8333H         LINE#         583
  C:8336H         LINE#         584
  C:833EH         LINE#         585
  C:8341H         LINE#         587
  C:8341H         LINE#         588
  C:836DH         LINE#         590
  C:836DH         LINE#         591
  C:8370H         LINE#         592
  C:837DH         LINE#         593
  C:838AH         LINE#         594
  C:838AH         LINE#         596
  C:838AH         LINE#         597
  C:838AH         LINE#         598
  C:838AH         LINE#         599
  -------         ENDPROC       _MONISETVIDEOFORMAT
  C:92F9H         SYMBOL        L?0301
  -------         PROC          _MONISHOWSODSTR
  X:009BH         SYMBOL        szParam
  -------         DO            
  D:0027H         SYMBOL        addrx
  D:0028H         SYMBOL        addry
  X:009EH         SYMBOL        getStr
  -------         ENDDO         
BL51 BANKED LINKER/LOCATER V6.22.2.0                                                  06/18/2021  17:32:22  PAGE 32


  C:92ACH         LINE#         605
  C:92AFH         LINE#         606
  C:92AFH         LINE#         610
  C:92B2H         LINE#         611
  C:92BDH         LINE#         612
  C:92C0H         LINE#         613
  C:92CBH         LINE#         615
  C:92D0H         LINE#         616
  C:92D5H         LINE#         617
  C:92DAH         LINE#         618
  C:92F4H         LINE#         619
  C:92F9H         LINE#         620
  -------         ENDPROC       _MONISHOWSODSTR
  -------         PROC          PCT_AUDIOACTIONFORHS
  -------         DO            
  D:0027H         SYMBOL        winid
  D:0028H         SYMBOL        muteFlage
  -------         ENDDO         
  C:9644H         LINE#         626
  C:9644H         LINE#         627
  C:9644H         LINE#         629
  C:9647H         LINE#         632
  C:9655H         LINE#         633
  C:9664H         LINE#         634
  C:9676H         LINE#         635
  C:9679H         LINE#         636
  C:9679H         LINE#         637
  C:967DH         LINE#         639
[...]
  C:5923H         LINE#         1023
  C:5923H         LINE#         1024
  C:5926H         LINE#         1025
  C:5926H         LINE#         1039
  C:5929H         LINE#         1040
  C:593CH         LINE#         1042
  C:594AH         LINE#         1043
  C:5958H         LINE#         1045
  C:595BH         LINE#         1046
  C:596EH         LINE#         1047
  C:5976H         LINE#         1048
  C:5976H         LINE#         1049
  C:5977H         LINE#         1050
  C:597DH         LINE#         1051
  C:5980H         LINE#         1053
  C:5980H         LINE#         1054
BL51 BANKED LINKER/LOCATER V6.22.2.0                                                  06/18/2021  17:32:22  PAGE 86


  C:5986H         LINE#         1055
  C:598CH         LINE#         1056
  C:598CH         LINE#         1057
  C:598FH         LINE#         1172
  C:59C8H         LINE#         1173
  C:59CBH         LINE#         1174
  C:59CEH         LINE#         1175
  C:59E4H         LINE#         1177
  C:59E8H         LINE#         1178
  C:59EBH         LINE#         1179
  C:59EEH         LINE#         1180
  C:59FCH         LINE#         1182
  C:5A05H         LINE#         1183
  C:5A07H         LINE#         1185
  C:5A0DH         LINE#         1186
  C:5A12H         LINE#         1187
  C:5A17H         LINE#         1188
  C:5A1CH         LINE#         1189
  C:5A21H         LINE#         1190
  C:5A29H         LINE#         1192
  C:5A31H         LINE#         1193
  C:5A31H         LINE#         1194
  C:5A3AH         LINE#         1195
  C:5A42H         LINE#         1196
  C:5A4DH         LINE#         1197
  C:5A58H         LINE#         1198
  C:5A5AH         LINE#         1200
  C:5A5AH         LINE#         1201
  C:5A61H         LINE#         1203
  C:5A61H         LINE#         1218
  C:5A7BH         LINE#         1220
  C:5A88H         LINE#         1221
  C:5A88H         LINE#         1222
  C:5A8EH         LINE#         1223
  C:5A8EH         LINE#         1226
  C:5A9DH         LINE#         1227
  C:5AABH         LINE#         1229
  C:5AAEH         LINE#         1230
  C:5AC3H         LINE#         1231
  C:5AC3H         LINE#         1232
  C:5ACCH         LINE#         1233
  C:5AD1H         LINE#         1235
  C:5AE4H         LINE#         1236
  C:5AE4H         LINE#         1237
  C:5AE6H         LINE#         1276
  C:5AE6H         LINE#         1277
  C:5AECH         LINE#         1278
  C:5AECH         LINE#         1279
  C:5AFDH         LINE#         1280
  C:5B08H         LINE#         1282
  C:5B0AH         LINE#         1283
  C:5B1DH         LINE#         1285
  C:5B2BH         LINE#         1287
  C:5B34H         LINE#         1288
  C:5B36H         LINE#         2025
  C:5B36H         LINE#         2026
  C:5B3FH         LINE#         2027
BL51 BANKED LINKER/LOCATER V6.22.2.0                                                  06/18/2021  17:32:22  PAGE 87


  C:5B3FH         LINE#         2030
  C:5B42H         LINE#         2033
  -------         ENDPROC       MONITOR
  -------         ENDMOD        MONITOR

  -------         MODULE        PRINTF
  C:0000H         SYMBOL        _ICE_DUMMY_
  D:0090H         PUBLIC        P1
  D:00B0H         PUBLIC        P3
  D:00A8H         PUBLIC        IE
  D:00B8H         PUBLIC        IP
  D:00D8H         PUBLIC        CCON
  X:013DH         PUBLIC        Hex
  C:9F3EH         PUBLIC        _Puts
  D:00C0H         PUBLIC        WDTC
  D:0098H         PUBLIC        SCON
  D:0088H         PUBLIC        TCON
  C:5B6EH         PUBLIC        _DoPrint
  C:9B76H         PUBLIC        _GraphicsPrint
  D:00E8H         PUBLIC        IEA
  C:9D3EH         PUBLIC        _DEBUG_MESSAGE
  D:00F8H         PUBLIC        IPA
  D:00C8H         PUBLIC        T2CON
  X:014EH         SYMBOL        _PrintColor
  C:9D10H         PUBLIC        _Printf
  D:00D0H         PUBLIC        PSW
  C:8B9BH         SYMBOL        Com004A
  C:8B9BH         SYMBOL        L?0075
  C:8B9FH         SYMBOL        L?0076
  C:8BA4H         SYMBOL        L?0077
  C:8BA7H         SYMBOL        L?0078
  C:8BA9H         SYMBOL        L?0079
  C:8BB0H         SYMBOL        L?0081
  C:8BBEH         SYMBOL        L?0082
  C:8BC4H         SYMBOL        L?0083
  C:8BCCH         SYMBOL        L?0084
  C:8BCCH         SYMBOL        L?0085
  C:8BCFH         SYMBOL        L?0086
  C:8BDBH         SYMBOL        L?0087
  C:8BDBH         SYMBOL        L?0088
  C:8BDFH         SYMBOL        L?0089
  C:8BE7H         SYMBOL        L?0090
  C:8BE7H         SYMBOL        L?0091
  C:8BEAH         SYMBOL        L?0092
  C:8BF2H         SYMBOL        L?0093
  C:8BF2H         SYMBOL        L?0094
  C:8BFFH         SYMBOL        L?0095
  C:8BFFH         SYMBOL        L?0096
  C:8C08H         SYMBOL        L?0097
  C:8C08H         SYMBOL        L?0098
  C:8C10H         SYMBOL        L?0099
  C:8C10H         SYMBOL        L?0100
  C:8C16H         SYMBOL        L?0101
  C:8C16H         SYMBOL        L?0102
  C:8C20H         SYMBOL        L?0103
  C:8C24H         SYMBOL        L?0104
  C:8C2AH         SYMBOL        L?0105
BL51 BANKED LINKER/LOCATER V6.22.2.0                                                  06/18/2021  17:32:22  PAGE 88


  C:8C2AH         SYMBOL        L?0106
  C:8C32H         SYMBOL        L?0107
  C:8C32H         SYMBOL        L?0108
  -------         PROC          COM004A
  -------         ENDPROC       COM004A
  C:5EB0H         SYMBOL        L?0080
  -------         PROC          _DOPRINT
  X:00CCH         SYMBOL        fmt
  X:00CFH         SYMBOL        ap
  -------         DO            
  X:00D2H         SYMBOL        ch
  X:00D3H         SYMBOL        i
  X:00D4H         SYMBOL        value
  B:0023H.0       SYMBOL        fl_zero
  X:00D8H         SYMBOL        fl_len
  X:00D9H         SYMBOL        cnt
  X:00DAH         SYMBOL        mask
  X:00DEH         SYMBOL        ptr
  -------         ENDDO         
  C:5B6EH         LINE#         68
  C:5B75H         LINE#         69
  C:5B75H         LINE#         72
  C:5B7FH         LINE#         77
  C:5B89H         LINE#         83
  C:5B89H         LINE#         87
  C:5B98H         LINE#         88
  C:5B98H         LINE#         89
  C:5BA4H         LINE#         90
  C:5BAEH         LINE#         91
  C:5BB1H         LINE#         92
  C:5BB4H         LINE#         93
  C:5BB4H         LINE#         97
  C:5BB6H         LINE#         99
  C:5BB7H         LINE#         101
  C:5BBDH         LINE#         103
  C:5BC2H         LINE#         104
  C:5BC4H         LINE#         105
  C:5BCAH         LINE#         106
  C:5BCAH         LINE#         107
  C:5BCAH         LINE#         108
  C:5BCCH         LINE#         109
  C:5BE8H         LINE#         110
  C:5BEEH         LINE#         111
  C:5BF4H         LINE#         112
  C:5BF4H         LINE#         116
  C:5BFAH         LINE#         118
  C:5C0EH         LINE#         119
  C:5C0EH         LINE#         120
  C:5C1CH         LINE#         121
  C:5C1CH         LINE#         122
  C:5C28H         LINE#         123
  C:5C28H         LINE#         127
  C:5C54H         LINE#         129
  C:5C54H         LINE#         130
  C:5C54H         LINE#         132
  C:5C64H         LINE#         133
  C:5C64H         LINE#         135
BL51 BANKED LINKER/LOCATER V6.22.2.0                                                  06/18/2021  17:32:22  PAGE 89


  C:5C65H         LINE#         136
  C:5C73H         LINE#         142
  C:5C75H         LINE#         144
  C:5C75H         LINE#         145
  C:5C8AH         LINE#         146
  C:5C93H         LINE#         147
  C:5C95H         LINE#         149
  C:5C95H         LINE#         150
  C:5C99H         LINE#         151
  C:5CA8H         LINE#         152
  C:5CA8H         LINE#         153
  C:5CA8H         LINE#         155
  C:5CB2H         LINE#         156
  C:5CB4H         LINE#         157
  C:5CC3H         LINE#         158
  C:5CC3H         LINE#         160
  C:5CC9H         LINE#         161
  C:5CDAH         LINE#         163
  C:5CF4H         LINE#         164
  C:5D06H         LINE#         165
  C:5D0FH         LINE#         166
  C:5D17H         LINE#         167
  C:5D17H         LINE#         169
  C:5D5AH         LINE#         171
  C:5D5AH         LINE#         172
  C:5D69H         LINE#         173
  C:5D87H         LINE#         174
  C:5D89H         LINE#         175
  C:5D8EH         LINE#         177
  C:5DA3H         LINE#         178
  C:5DB2H         LINE#         180
  C:5DC1H         LINE#         181
  C:5DC4H         LINE#         182
  C:5DC4H         LINE#         183
  C:5DC4H         LINE#         185
  C:5DC4H         LINE#         186
  C:5DC4H         LINE#         188
  C:5DD4H         LINE#         190
  C:5DDFH         LINE#         194
  C:5DEAH         LINE#         195
  C:5DF9H         LINE#         196
  C:5DF9H         LINE#         198
  C:5E07H         LINE#         200
  C:5E29H         LINE#         201
  C:5E4EH         LINE#         202
  C:5E56H         LINE#         203
  C:5E56H         LINE#         205
  C:5E56H         LINE#         216
  C:5E69H         LINE#         217
  C:5E77H         LINE#         218
  C:5E86H         LINE#         219
  C:5E86H         LINE#         224
  C:5E86H         LINE#         225
  C:5E92H         LINE#         226
  C:5E9DH         LINE#         227
  C:5EA0H         LINE#         229
  C:5EA0H         LINE#         230
BL51 BANKED LINKER/LOCATER V6.22.2.0                                                  06/18/2021  17:32:22  PAGE 90


  C:5EACH         LINE#         231
  C:5EAFH         LINE#         232
  C:5EAFH         LINE#         233
  C:5EAFH         LINE#         234
  -------         ENDPROC       _DOPRINT
  -------         PROC          _PRINTF
  X:009EH         SYMBOL        fmt
  -------         DO            
  X:00A1H         SYMBOL        ellipsis_40
  X:00C9H         SYMBOL        ap
  -------         ENDDO         
  C:9D10H         LINE#         241
  C:9D17H         LINE#         242
  C:9D17H         LINE#         245
  C:9D25H         LINE#         246
  C:9D37H         LINE#         247
  C:9D3DH         LINE#         248
  -------         ENDPROC       _PRINTF
  -------         PROC          _DEBUG_MESSAGE
  X:010FH         SYMBOL        fmt
  -------         DO            
  X:0112H         SYMBOL        ellipsis_40
  X:013AH         SYMBOL        ap
  -------         ENDDO         
  C:9D3EH         LINE#         250
  C:9D45H         LINE#         251
  C:9D45H         LINE#         253
  C:9D53H         LINE#         255
  C:9D65H         LINE#         257
  C:9D6BH         LINE#         259
  -------         ENDPROC       _DEBUG_MESSAGE
  -------         PROC          _PUTS
  X:0095H         SYMBOL        ptr
  C:9F3EH         LINE#         261
  C:9F45H         LINE#         262
  C:9F45H         LINE#         263
  C:9F50H         LINE#         264
  C:9F5FH         LINE#         265
  -------         ENDPROC       _PUTS
  -------         PROC          _GRAPHICSPRINT
  X:009BH         SYMBOL        mode
  X:009CH         SYMBOL        Message
  -------         DO            
  X:009FH         SYMBOL        ellipsis_40
  X:00C7H         SYMBOL        ap
  -------         ENDDO         
  C:9B76H         LINE#         344
  C:9B80H         LINE#         345
  C:9B80H         LINE#         366
  C:9B8EH         LINE#         367
  C:9BA0H         LINE#         368
  C:9BA6H         LINE#         369
  C:9BABH         LINE#         373
  -------         ENDPROC       _GRAPHICSPRINT
  -------         ENDMOD        PRINTF

  -------         MODULE        ?C?CLDPTR
BL51 BANKED LINKER/LOCATER V6.22.2.0                                                  06/18/2021  17:32:22  PAGE 91


  C:33ACH         PUBLIC        ?C?CLDPTR
  -------         ENDMOD        ?C?CLDPTR

  -------         MODULE        ?C?CLDOPTR
  C:33C5H         PUBLIC        ?C?CLDOPTR
  -------         ENDMOD        ?C?CLDOPTR

  -------         MODULE        ?C?CSTPTR
  C:33F2H         PUBLIC        ?C?CSTPTR
  -------         ENDMOD        ?C?CSTPTR

  -------         MODULE        ?C?IMUL
  C:3404H         PUBLIC        ?C?IMUL
  -------         ENDMOD        ?C?IMUL

  -------         MODULE        ?C?IILDX
  C:3416H         PUBLIC        ?C?IILDX
  -------         ENDMOD        ?C?IILDX

  -------         MODULE        ?C?ILDIX
  C:342CH         PUBLIC        ?C?ILDIX
  -------         ENDMOD        ?C?ILDIX

  -------         MODULE        ?C?ILDPTR
  C:3442H         PUBLIC        ?C?ILDPTR
  -------         ENDMOD        ?C?ILDPTR

  -------         MODULE        ?C?IILDOPTR
  C:346DH         PUBLIC        ?C?IILDOPTR
  -------         ENDMOD        ?C?IILDOPTR

  -------         MODULE        ?C?LMUL
  C:34BAH         PUBLIC        ?C?LMUL
  -------         ENDMOD        ?C?LMUL

  -------         MODULE        ?C?ULDIV
  C:3545H         PUBLIC        ?C?ULDIV
  -------         ENDMOD        ?C?ULDIV

  -------         MODULE        ?C?ULCMP
  C:35D7H         PUBLIC        ?C?ULCMP
  -------         ENDMOD        ?C?ULCMP

  -------         MODULE        ?C?SLSHR
  C:35E8H         PUBLIC        ?C?SLSHR
  -------         ENDMOD        ?C?SLSHR

  -------         MODULE        ?C?LLDPTR
  C:35FCH         PUBLIC        ?C?LLDPTR
  -------         ENDMOD        ?C?LLDPTR

  -------         MODULE        ?C?LSTXDATA
  C:361CH         PUBLIC        ?C?LSTXDATA
  -------         ENDMOD        ?C?LSTXDATA

  -------         MODULE        ?C?LSTKXDATA
  C:3628H         PUBLIC        ?C?LSTKXDATA
BL51 BANKED LINKER/LOCATER V6.22.2.0                                                  06/18/2021  17:32:22  PAGE 92


  -------         ENDMOD        ?C?LSTKXDATA

  -------         MODULE        ?C?PLDPTR
  C:3659H         PUBLIC        ?C?PLDPTR
  -------         ENDMOD        ?C?PLDPTR

  -------         MODULE        ?C?PSTPTR
  C:3679H         PUBLIC        ?C?PSTPTR
  -------         ENDMOD        ?C?PSTPTR

  -------         MODULE        ?C?CCASE
  C:36C8H         PUBLIC        ?C?CCASE
  -------         ENDMOD        ?C?CCASE

  -------         MODULE        SCANF
  X:00A1H         PUBLIC        ?_SCANF517?BYTE
  X:00A1H         PUBLIC        ?_SCANF?BYTE
  X:00A1H         PUBLIC        ?_SSCANF517?BYTE
  X:00A1H         PUBLIC        ?_SSCANF?BYTE
  C:5F4FH         PUBLIC        _SCANF
  C:5F4FH         PUBLIC        _SCANF517
  C:5F4BH         PUBLIC        _SSCANF
  C:5F4BH         PUBLIC        _SSCANF517
  -------         ENDMOD        SCANF

  -------         MODULE        ?C?STRCMP
  C:386CH         PUBLIC        ?C?STRCMP
  -------         ENDMOD        ?C?STRCMP

  -------         MODULE        STRLEN
  C:000EH         PUBLIC        _STRLEN
  -------         ENDMOD        STRLEN

  -------         MODULE        ATOI
  C:889FH         PUBLIC        _atoi
  -------         ENDMOD        ATOI

  -------         MODULE        ?C?ISTPTR
  C:3889H         PUBLIC        ?C?ISTPTR
  -------         ENDMOD        ?C?ISTPTR

  -------         MODULE        ?C?LNEG
  C:38A8H         PUBLIC        ?C?LNEG
  -------         ENDMOD        ?C?LNEG

  -------         MODULE        ?C?LSTPTR
  C:38B6H         PUBLIC        ?C?LSTPTR
  -------         ENDMOD        ?C?LSTPTR

  -------         MODULE        ?C?LLDIDATA
  C:38D0H         PUBLIC        ?C?LLDIDATA
  -------         ENDMOD        ?C?LLDIDATA

  -------         MODULE        ?C?LLDXDATA
  C:38DCH         PUBLIC        ?C?LLDXDATA
  -------         ENDMOD        ?C?LLDXDATA

BL51 BANKED LINKER/LOCATER V6.22.2.0                                                  06/18/2021  17:32:22  PAGE 93


  -------         MODULE        ?C?LLDPDATA
  C:38E8H         PUBLIC        ?C?LLDPDATA
  -------         ENDMOD        ?C?LLDPDATA

  -------         MODULE        ?C?LLDCODE
  C:38F4H         PUBLIC        ?C?LLDCODE
  -------         ENDMOD        ?C?LLDCODE

  -------         MODULE        ?C?PLDIDATA
  C:3904H         PUBLIC        ?C?PLDIDATA
  -------         ENDMOD        ?C?PLDIDATA

  -------         MODULE        ?C?PSTIDATA
  C:390DH         PUBLIC        ?C?PSTIDATA
  -------         ENDMOD        ?C?PSTIDATA

  -------         MODULE        ?C?PLDXDATA
  C:3916H         PUBLIC        ?C?PLDXDATA
  -------         ENDMOD        ?C?PLDXDATA

  -------         MODULE        ?C?PLDIXDATA
  C:391FH         PUBLIC        ?C?PLDIXDATA
  -------         ENDMOD        ?C?PLDIXDATA

  -------         MODULE        ?C?PILDXDATA
  C:3936H         PUBLIC        ?C?PILDXDATA
  -------         ENDMOD        ?C?PILDXDATA

  -------         MODULE        ?C?PSTXDATA
  C:394DH         PUBLIC        ?C?PSTXDATA
  -------         ENDMOD        ?C?PSTXDATA

  -------         MODULE        ?C?PLDPDATA
  C:3956H         PUBLIC        ?C?PLDPDATA
  -------         ENDMOD        ?C?PLDPDATA

  -------         MODULE        ?C?PSTPDATA
  C:395FH         PUBLIC        ?C?PSTPDATA
  -------         ENDMOD        ?C?PSTPDATA

  -------         MODULE        ?C?PLDCODE
  C:3968H         PUBLIC        ?C?PLDCODE
  -------         ENDMOD        ?C?PLDCODE

  -------         MODULE        GETCHAR
  B:0024H.4       PUBLIC        ?C?CHARLOADED
  X:0192H         PUBLIC        ?_UNGETCHAR?BYTE
  C:A075H         PUBLIC        GETCHAR
  -------         ENDMOD        GETCHAR

  -------         MODULE        UNGETC
  C:A181H         PUBLIC        _UNGETCHAR
  -------         ENDMOD        UNGETC

  -------         MODULE        ISDIGIT
  C:A134H         PUBLIC        _isdigit
  -------         ENDMOD        ISDIGIT
BL51 BANKED LINKER/LOCATER V6.22.2.0                                                  06/18/2021  17:32:22  PAGE 94



  -------         MODULE        ISSPACE
  C:A089H         PUBLIC        _isspace
  -------         ENDMOD        ISSPACE

  -------         MODULE        ?C?LSTIDATA
  C:3974H         PUBLIC        ?C?LSTIDATA
  -------         ENDMOD        ?C?LSTIDATA

  -------         MODULE        ?C?LSTPDATA
  C:3980H         PUBLIC        ?C?LSTPDATA
  -------         ENDMOD        ?C?LSTPDATA

  -------         MODULE        PUTCHAR
  C:9E17H         PUBLIC        _PUTCHAR
  -------         ENDMOD        PUTCHAR

  -------         MODULE        _GETKEY
  C:A15DH         PUBLIC        _GETKEY
  -------         ENDMOD        _GETKEY

*** WARNING L16: UNCALLED SEGMENT, IGNORED FOR OVERLAY PROCESS
    SEGMENT: ?PR?RS2_READY?MONITOR

*** WARNING L16: UNCALLED SEGMENT, IGNORED FOR OVERLAY PROCESS
    SEGMENT: ?PR?RS2_RX?MONITOR

*** WARNING L16: UNCALLED SEGMENT, IGNORED FOR OVERLAY PROCESS
    SEGMENT: ?PR?_RS2_TX?MONITOR

*** WARNING L16: UNCALLED SEGMENT, IGNORED FOR OVERLAY PROCESS
    SEGMENT: ?PR?_A2I?MONITOR

*** WARNING L16: UNCALLED SEGMENT, IGNORED FOR OVERLAY PROCESS
    SEGMENT: ?PR?MONREADI2C?MONITOR

*** WARNING L16: UNCALLED SEGMENT, IGNORED FOR OVERLAY PROCESS
    SEGMENT: ?PR?MONWRITEI2C?MONITOR

*** WARNING L16: UNCALLED SEGMENT, IGNORED FOR OVERLAY PROCESS
    SEGMENT: ?PR?MONDUMPI2C?MONITOR

*** WARNING L16: UNCALLED SEGMENT, IGNORED FOR OVERLAY PROCESS
    SEGMENT: ?PR?MONNEWREADI2C?MONITOR

*** WARNING L16: UNCALLED SEGMENT, IGNORED FOR OVERLAY PROCESS
    SEGMENT: ?PR?MONNEWWRITEI2C?MONITOR

*** WARNING L16: UNCALLED SEGMENT, IGNORED FOR OVERLAY PROCESS
    SEGMENT: ?PR?MONNEWDUMPI2C?MONITOR

*** WARNING L16: UNCALLED SEGMENT, IGNORED FOR OVERLAY PROCESS
    SEGMENT: ?PR?MONWRITEBIT?MONITOR

*** WARNING L16: UNCALLED SEGMENT, IGNORED FOR OVERLAY PROCESS
    SEGMENT: ?PR?MONTXDUMP?MONITOR

BL51 BANKED LINKER/LOCATER V6.22.2.0                                                  06/18/2021  17:32:22  PAGE 95


*** WARNING L16: UNCALLED SEGMENT, IGNORED FOR OVERLAY PROCESS
    SEGMENT: ?PR?_DUMP_REG?MONITOR

*** WARNING L16: UNCALLED SEGMENT, IGNORED FOR OVERLAY PROCESS
    SEGMENT: ?PR?_DEBUG_MESSAGE?PRINTF

Program Size: data=46.5 xdata=403 code=41383
LINK/LOCATE RUN COMPLETE.  14 WARNING(S),  0 ERROR(S)
