BL51 BANKED LINKER/LOCATER V6.22.2.0                                                    07/01/2021  14:04:24  PAGE 1


BL51 BANKED LINKER/LOCATER V6.22.2.0, INVOKED BY:
C:\KEIL_V5\C51\BIN\BL51.EXE .\OBJ\STARTUP.obj, .\OBJ\UART.obj, .\OBJ\BusCtrl.obj, .\OBJ\CommandShell.obj, .\OBJ\Main.obj
>> , .\OBJ\OSD_Graph.obj, .\OBJ\OSDAction.obj, .\OBJ\OSDCtrl.obj, .\OBJ\Timer.obj, .\OBJ\TW28xx_Audio.obj, .\OBJ\TW28xx_
>> Video.obj, .\OBJ\TW2835_Init.obj TO .\OBJ\TW2835 PRINT (.\OBJ\TW2835.m51) RAMSIZE (256)


MEMORY MODEL: LARGE


INPUT MODULES INCLUDED:
  .\OBJ\STARTUP.obj (?C_STARTUP)
  .\OBJ\UART.obj (UART)
  .\OBJ\BusCtrl.obj (BUSCTRL)
  .\OBJ\CommandShell.obj (COMMANDSHELL)
  .\OBJ\Main.obj (MAIN)
  .\OBJ\OSD_Graph.obj (OSD_GRAPH)
  .\OBJ\OSDAction.obj (OSDACTION)
  .\OBJ\OSDCtrl.obj (OSDCTRL)
  .\OBJ\Timer.obj (TIMER)
  .\OBJ\TW28xx_Audio.obj (TW28XX_AUDIO)
  .\OBJ\TW28xx_Video.obj (TW28XX_VIDEO)
  .\OBJ\TW2835_Init.obj (TW2835_INIT)
  C:\KEIL_V5\C51\LIB\C51L.LIB (?C_INIT)
  C:\KEIL_V5\C51\LIB\C51L.LIB (?C?CLDPTR)
  C:\KEIL_V5\C51\LIB\C51L.LIB (?C?CLDOPTR)
  C:\KEIL_V5\C51\LIB\C51L.LIB (?C?CSTPTR)
  C:\KEIL_V5\C51\LIB\C51L.LIB (?C?IMUL)
  C:\KEIL_V5\C51\LIB\C51L.LIB (?C?IILDX)
  C:\KEIL_V5\C51\LIB\C51L.LIB (?C?ILDIX)
  C:\KEIL_V5\C51\LIB\C51L.LIB (?C?ILDPTR)
  C:\KEIL_V5\C51\LIB\C51L.LIB (?C?IILDOPTR)
  C:\KEIL_V5\C51\LIB\C51L.LIB (?C?ULCMP)
  C:\KEIL_V5\C51\LIB\C51L.LIB (?C?PLDPTR)
  C:\KEIL_V5\C51\LIB\C51L.LIB (?C?PSTPTR)
  C:\KEIL_V5\C51\LIB\C51L.LIB (?C?CCASE)
  C:\KEIL_V5\C51\LIB\C51L.LIB (PRINTF)
  C:\KEIL_V5\C51\LIB\C51L.LIB (PUTS)
  C:\KEIL_V5\C51\LIB\C51L.LIB (SCANF)
  C:\KEIL_V5\C51\LIB\C51L.LIB (?C?STRCMP)
  C:\KEIL_V5\C51\LIB\C51L.LIB (STRLEN)
  C:\KEIL_V5\C51\LIB\C51L.LIB (ATOI)
  C:\KEIL_V5\C51\LIB\C51L.LIB (?C?ISTPTR)
  C:\KEIL_V5\C51\LIB\C51L.LIB (?C?LNEG)
  C:\KEIL_V5\C51\LIB\C51L.LIB (?C?LSTPTR)
  C:\KEIL_V5\C51\LIB\C51L.LIB (?C?PLDIDATA)
  C:\KEIL_V5\C51\LIB\C51L.LIB (?C?PSTIDATA)
  C:\KEIL_V5\C51\LIB\C51L.LIB (?C?PLDXDATA)
  C:\KEIL_V5\C51\LIB\C51L.LIB (?C?PLDIXDATA)
  C:\KEIL_V5\C51\LIB\C51L.LIB (?C?PILDXDATA)
  C:\KEIL_V5\C51\LIB\C51L.LIB (?C?PSTXDATA)
  C:\KEIL_V5\C51\LIB\C51L.LIB (?C?PLDPDATA)
  C:\KEIL_V5\C51\LIB\C51L.LIB (?C?PSTPDATA)
  C:\KEIL_V5\C51\LIB\C51L.LIB (?C?PLDCODE)
  C:\KEIL_V5\C51\LIB\C51L.LIB (PUTCHAR)
  C:\KEIL_V5\C51\LIB\C51L.LIB (GETCHAR)
  C:\KEIL_V5\C51\LIB\C51L.LIB (UNGETC)
  C:\KEIL_V5\C51\LIB\C51L.LIB (ISDIGIT)
  C:\KEIL_V5\C51\LIB\C51L.LIB (ISSPACE)
BL51 BANKED LINKER/LOCATER V6.22.2.0                                                  07/01/2021  14:04:24  PAGE 2


  C:\KEIL_V5\C51\LIB\C51L.LIB (?C?LSTIDATA)
  C:\KEIL_V5\C51\LIB\C51L.LIB (?C?LSTXDATA)
  C:\KEIL_V5\C51\LIB\C51L.LIB (?C?LSTPDATA)
  C:\KEIL_V5\C51\LIB\C51L.LIB (_GETKEY)


LINK MAP OF MODULE:  .\OBJ\TW2835 (?C_STARTUP)


            TYPE    BASE      LENGTH    RELOCATION   SEGMENT NAME
            -----------------------------------------------------

            * * * * * * *   D A T A   M E M O R Y   * * * * * * *
            REG     0000H     0008H     ABSOLUTE     "REG BANK 0"
            DATA    0008H     0011H     UNIT         _DATA_GROUP_
            DATA    0019H     0006H     UNIT         ?DT?TIMER
                    001FH     0001H                  *** GAP ***
            DATA    0020H     0001H     BIT_ADDR     ?BA?MAIN
            DATA    0021H     0001H     BIT_ADDR     ?BA?OSDACTION
            DATA    0022H     0001H     BIT_ADDR     ?BA?OSDCTRL
            BIT     0023H.0   0001H.1   UNIT         _BIT_GROUP_
            BIT     0024H.1   0000H.1   UNIT         ?BI?MAIN
            BIT     0024H.2   0000H.1   UNIT         ?BI?GETCHAR
                    0024H.3   0000H.5                *** GAP ***
            DATA    0025H     0002H     UNIT         ?DT?OSDCTRL
            IDATA   0027H     0001H     UNIT         ?STACK

            * * * * * * *  X D A T A   M E M O R Y  * * * * * * *
            XDATA   0000H     0052H     UNIT         ?XD?UART
            XDATA   0052H     003EH     UNIT         _XDATA_GROUP_
            XDATA   0090H     002DH     UNIT         ?XD?MAIN
            XDATA   00BDH     001AH     UNIT         ?XD?COMMANDSHELL
            XDATA   00D7H     0001H     UNIT         ?XD?OSD_GRAPH
            XDATA   00D8H     0001H     UNIT         ?XD?OSDACTION
            XDATA   00D9H     0001H     UNIT         ?XD?TW2835_INIT
            XDATA   00DAH     0001H     UNIT         ?XD?GETCHAR

            * * * * * * *   C O D E   M E M O R Y   * * * * * * *
            CODE    0000H     0003H     ABSOLUTE     
            CODE    0003H     0008H     UNIT         ?PR?_RS_TX?UART
            CODE    000BH     0003H     ABSOLUTE     
            CODE    000EH     0015H     UNIT         ?PR?_STRLEN?STRLEN
            CODE    0023H     0003H     ABSOLUTE     
            CODE    0026H     24E6H     UNIT         ?CO?OSD_GRAPH
            CODE    250CH     0EA0H     UNIT         ?CO?OSDCTRL
            CODE    33ACH     0910H     UNIT         ?CO?TW2835_INIT
            CODE    3CBCH     057AH     UNIT         ?PR?PCT_SHOWVLOSS?OSDACTION
            CODE    4236H     04F5H     UNIT         ?PR?_PCT_SHOWMIRRORICON?OSDACTION
            CODE    472BH     04D8H     UNIT         ?PR?_PCT_SHOWSPEAKICON?OSDACTION
            CODE    4C03H     0463H     UNIT         ?CO?TW28XX_VIDEO
            CODE    5066H     042AH     UNIT         ?C?LIB_CODE
            CODE    5490H     0400H     UNIT         ?PR?_PCT_SETVIDEOHDELAY?TW28XX_VIDEO
            CODE    5890H     039AH     UNIT         ?PR?_PCT_OSD_ACTIONPTHX?OSDACTION
            CODE    5C2AH     0365H     UNIT         ?PR?PRINTF?PRINTF
            CODE    5F8FH     0322H     UNIT         ?PR?SCANF?SCANF
            CODE    62B1H     02DFH     UNIT         ?CO?COMMANDSHELL
            CODE    6590H     02AEH     UNIT         ?PR?_PCT_SHOWINDICATEICON?OSDACTION
BL51 BANKED LINKER/LOCATER V6.22.2.0                                                  07/01/2021  14:04:24  PAGE 3


            CODE    683EH     0298H     UNIT         ?PR?_PCT_RUNCOMMSHELL?COMMANDSHELL
            CODE    6AD6H     0217H     UNIT         ?PR?_MONIVIDEOMIXATTR?COMMANDSHELL
            CODE    6CEDH     0216H     UNIT         ?PR?COMMANDSHELL
            CODE    6F03H     01F5H     UNIT         ?PR?_PCT_OSD16X16GRAPHX?OSD_GRAPH
            CODE    70F8H     01EEH     UNIT         ?PR?PCT_TW2835_INITIAL?TW2835_INIT
            CODE    72E6H     01D9H     UNIT         ?PR?PCT_AUDIOREGLIST?TW28XX_AUDIO
            CODE    74BFH     0197H     UNIT         ?PR?_PCT_SETXVIDEOMIXING?TW28XX_VIDEO
            CODE    7656H     0191H     UNIT         ?PR?_MONIAUDIOMIXING?COMMANDSHELL
            CODE    77E7H     017CH     UNIT         ?PR?_PCT_WRITEOSDDATABUFFERX?OSDCTRL
            CODE    7963H     0173H     UNIT         ?PR?OSDCTRL
            CODE    7AD6H     0154H     UNIT         ?PR?_MONIHSCOMM?COMMANDSHELL
            CODE    7C2AH     0147H     UNIT         ?PR?_PCT_RECOMPENSEYHDELAY?TW28XX_VIDEO
            CODE    7D71H     0144H     UNIT         ?PR?_MONIAUDIOGAIN?COMMANDSHELL
            CODE    7EB5H     013AH     UNIT         ?PR?PCT_INITOSDCOLOR?OSDCTRL
            CODE    7FEFH     012CH     UNIT         ?PR?_PCT_WRITEOSDFNTX?OSDCTRL
            CODE    811BH     0124H     UNIT         ?PR?_PCT_WRITEOSDDATABUFFERY?OSDCTRL
            CODE    823FH     011DH     UNIT         ?PR?_MONISETVIDEOFORMAT?COMMANDSHELL
            CODE    835CH     0112H     UNIT         ?PR?TW28XX_VIDEO
            CODE    846EH     010CH     UNIT         ?PR?OSDACTION
            CODE    857AH     00FAH     UNIT         ?PR?_PCT_WRITEOSDFNTY?OSDCTRL
            CODE    8674H     00DBH     UNIT         ?PR?_ATOI?ATOI
            CODE    874FH     00C5H     UNIT         ?PR?_PCT_CLEARWORDSPATHX?OSDCTRL
            CODE    8814H     00AAH     UNIT         ?PR?_PCT_FULLCOLORONOSD?OSDCTRL
            CODE    88BEH     009DH     UNIT         ?PR?_PCT_SETCHANELSCALE?TW28XX_VIDEO
            CODE    895BH     009CH     UNIT         ?PR?_PCT_CHANGESYSTEMTYPE?TW2835_INIT
            CODE    89F7H     008CH     UNIT         ?C_C51STARTUP
            CODE    8A83H     007EH     UNIT         ?PR?_PCT_WRITEASICTABLE?BUSCTRL
            CODE    8B01H     007CH     UNIT         ?PR?MAIN?MAIN
            CODE    8B7DH     0071H     UNIT         ?PR?PCT_CHECKSYSTEM?COMMANDSHELL
            CODE    8BEEH     0071H     UNIT         ?PR?_PCT_AUDIOMIXCTRL?TW28XX_AUDIO
            CODE    8C5FH     0070H     UNIT         ?PR?_PCT_GETFIRSTSTR?COMMANDSHELL
            CODE    8CCFH     006BH     UNIT         ?PR?_PCT_AUDIOGAINCTRL?TW28XX_AUDIO
            CODE    8D3AH     0067H     UNIT         ?PR?_PCT_SHOWGRAPHSTRING?OSD_GRAPH
            CODE    8DA1H     0064H     UNIT         ?PR?_PCT_SHOWOSDSTRING?OSDCTRL
            CODE    8E05H     0062H     UNIT         ?PR?_PCT_WRITEASICBYTE?BUSCTRL
            CODE    8E67H     0062H     UNIT         ?PR?_PCT_READASICBYTE?BUSCTRL
            CODE    8EC9H     0061H     UNIT         ?PR?_MONISHOWSODSTR?COMMANDSHELL
            CODE    8F2AH     005CH     UNIT         ?PR?_PCT_SETOSDCOLOR?OSDCTRL
            CODE    8F86H     0056H     UNIT         ?PR?_MONIVIDEOMIXWIN?COMMANDSHELL
            CODE    8FDCH     0054H     UNIT         ?PR?TIMER0_INTERRUPT?TIMER
            CODE    9030H     0052H     UNIT         ?PR?_PCT_WRITESTABLE?BUSCTRL
            CODE    9082H     0052H     UNIT         ?PR?PCT_INITIALOSD?OSDACTION
            CODE    90D4H     0051H     UNIT         ?PR?MONIREGISTERDUMP?COMMANDSHELL
            CODE    9125H     0050H     UNIT         ?PR?_WAIT_MS?MAIN
            CODE    9175H     0050H     UNIT         ?PR?_PCT_DETECTVIDEOFORMAT?TW28XX_VIDEO
            CODE    91C5H     004FH     UNIT         ?PR?COMMANDSHELL?MAIN
            CODE    9214H     004DH     UNIT         ?PR?_MONIWRITEASICBYTE?COMMANDSHELL
            CODE    9261H     004DH     UNIT         ?PR?PCT_AUDIOACTIONFORHS?COMMANDSHELL
            CODE    92AEH     0048H     UNIT         ?PR?_PCT_CHECKVMIXTYPE?COMMANDSHELL
            CODE    92F6H     0048H     UNIT         ?PR?_MONIREADASICBYTE?COMMANDSHELL
            CODE    933EH     0047H     UNIT         ?PR?_MONIREADPAGEBUFFER?COMMANDSHELL
            CODE    9385H     0047H     UNIT         ?PR?PCT_INITIALTW2835?TW2835_INIT
            CODE    93CCH     0045H     UNIT         ?PR?MONIHSCOMMVERSION?COMMANDSHELL
            CODE    9411H     0045H     UNIT         ?PR?PCT_SHOWMODEICON?OSDACTION
            CODE    9456H     0044H     UNIT         ?PR?_PCT_WINATTRCLEAR?TW28XX_VIDEO
            CODE    949AH     0041H     UNIT         ?PR?OSD_GRAPH
            CODE    94DBH     0040H     UNIT         ?CO?TW28XX_AUDIO
BL51 BANKED LINKER/LOCATER V6.22.2.0                                                  07/01/2021  14:04:24  PAGE 4


            CODE    951BH     003DH     UNIT         ?PR?_PCT_STRTOCOMMCODE?COMMANDSHELL
            CODE    9558H     003DH     UNIT         ?PR?PCT_GETVIDEOSIGNALSTATUS?OSDACTION
            CODE    9595H     003CH     UNIT         ?PR?_PCT_WINATTRCTRLY?TW28XX_VIDEO
            CODE    95D1H     003AH     UNIT         ?PR?MONIVIDEOAUTODETECT?COMMANDSHELL
            CODE    960BH     0037H     UNIT         ?PR?_MONIREADONEBUFFER?COMMANDSHELL
            CODE    9642H     0037H     UNIT         ?PR?_PCT_AUDIOMIXMUTE?TW28XX_AUDIO
            CODE    9679H     0037H     UNIT         ?PR?TW28XX_AUDIO
            CODE    96B0H     0036H     UNIT         ?PR?_PCT_ENSHOWOSDPAGE?OSDCTRL
            CODE    96E6H     0035H     UNIT         ?PR?_PUTSP?MAIN
            CODE    971BH     0035H     UNIT         ?PR?_PCT_WINATTRCTRL?TW28XX_VIDEO
            CODE    9750H     0034H     UNIT         ?PR?_MONIWRITEONEBUFFER?COMMANDSHELL
            CODE    9784H     0034H     UNIT         ?PR?_PCT_DISSHOWOSDPAGE?OSDCTRL
            CODE    97B8H     0030H     UNIT         ?PR?_CHKSTARTCOMMSHELL?MAIN
            CODE    97E8H     002EH     UNIT         ?PR?TW2835_INIT
            CODE    9816H     002DH     UNIT         ?PR?_PCT_AUDIOSELLIVE?TW28XX_AUDIO
            CODE    9843H     002AH     UNIT         ?PR?_PCT_SETVIDEOFORMAT?TW28XX_VIDEO
            CODE    986DH     002AH     UNIT         ?PR?_PUTS?PUTS
            CODE    9897H     0029H     UNIT         ?PR?RS_INTERRUPT?UART
            CODE    98C0H     0029H     UNIT         ?PR?BUSCTRL
            CODE    98E9H     0029H     UNIT         ?PR?PCT_OSDACTIONFORHS?OSDACTION
            CODE    9912H     0027H     UNIT         ?PR?PUTCHAR?PUTCHAR
            CODE    9939H     0026H     UNIT         ?PR?_PCT_PAGECHANGE?BUSCTRL
            CODE    995FH     0026H     UNIT         ?PR?INITIALTIMER0?TIMER
            CODE    9985H     0025H     UNIT         ?CO?OSDACTION
            CODE    99AAH     0023H     UNIT         ?PR?INITIALMPU?MAIN
            CODE    99CDH     001FH     UNIT         ?PR?_PCT_SETOSDDRAWPAGE?OSDCTRL
            CODE    99ECH     001BH     UNIT         ?PR?PCT_TW2837IDCHECK?TW2835_INIT
            CODE    9A07H     001AH     UNIT         ?PR?_PCT_CLEAROSDPAGEX?OSDCTRL
            CODE    9A21H     0018H     UNIT         ?PR?RESETCOMMSELL?MAIN
            CODE    9A39H     0017H     UNIT         ?PR?RS_RX?UART
            CODE    9A50H     0017H     UNIT         ?PR?UART
            CODE    9A67H     0017H     UNIT         ?CO?MAIN
            CODE    9A7EH     0016H     UNIT         ?PR?_MONIHSCOMMSJMODE?COMMANDSHELL
            CODE    9A94H     0014H     UNIT         ?PR?_MONIAUDIOLIVE?COMMANDSHELL
            CODE    9AA8H     0014H     UNIT         ?PR?_PCT_SETYVIDEOMIXING?TW28XX_VIDEO
            CODE    9ABCH     0014H     UNIT         ?PR?GETCHAR?GETCHAR
            CODE    9AD0H     0014H     UNIT         ?PR?_ISSPACE?ISSPACE
            CODE    9AE4H     0013H     UNIT         ?PR?PCT_TW2835RESETN?TW2835_INIT
            CODE    9AF7H     0012H     UNIT         ?PR?_MONIYVIDEOMIX?COMMANDSHELL
            CODE    9B09H     0011H     UNIT         ?PR?INITIALUART?UART
            CODE    9B1AH     0010H     UNIT         ?PR?RS_RXREADY?UART
            CODE    9B2AH     000FH     UNIT         ?PR?PCT_SENDACK?COMMANDSHELL
            CODE    9B39H     000FH     UNIT         ?PR?MONIAUDIOMUTE?COMMANDSHELL
            CODE    9B48H     000FH     UNIT         ?PR?_ISDIGIT?ISDIGIT
            CODE    9B57H     000EH     UNIT         ?PR?MAIN
            CODE    9B65H     000CH     UNIT         ?C_INITSEG
            CODE    9B71H     000CH     UNIT         ?PR?INITIALCOMMSHELL?MAIN
            CODE    9B7DH     000AH     UNIT         ?PR?_GETKEY?_GETKEY
            CODE    9B87H     0009H     UNIT         ?PR?NEWLINE?MAIN
            CODE    9B90H     0009H     UNIT         ?PR?_PCT_FLASHOSDCTRL?MAIN
            CODE    9B99H     0008H     UNIT         ?PR?PCT_ENFALSHVLOSS?OSDACTION
            CODE    9BA1H     0008H     UNIT         ?PR?GETCHAR?UNGETCHAR
            CODE    9BA9H     0006H     UNIT         ?PR?PCT_CLEARGRAPHATTR?OSD_GRAPH
            CODE    9BAFH     0005H     UNIT         ?PR?MONIHSCOMMDISSCROLL?COMMANDSHELL
            CODE    9BB4H     0003H     UNIT         ?PR?_PCT_PRESETFOREGROUNDCOLOR?OSDCTRL
            CODE    9BB7H     0003H     UNIT         ?PR?_PCT_PRESETBACKGROUNDCOLOR?OSDCTRL
            CODE    9BBAH     0001H     UNIT         ?PR?PTC_SWITCHTOI2CMODE?BUSCTRL
BL51 BANKED LINKER/LOCATER V6.22.2.0                                                  07/01/2021  14:04:24  PAGE 5





OVERLAY MAP OF MODULE:   .\OBJ\TW2835 (?C_STARTUP)


SEGMENT                                            BIT_GROUP          DATA_GROUP          XDATA_GROUP
  +--> CALLED SEGMENT                           START    LENGTH     START    LENGTH     START    LENGTH
-------------------------------------------------------------------------------------------------------
?C_C51STARTUP                                   -----    -----      -----    -----      -----    -----
  +--> ?PR?MAIN?MAIN
  +--> ?C_INITSEG

?PR?MAIN?MAIN                                   -----    -----      -----    -----      0052H    0003H
  +--> ?PR?INITIALMPU?MAIN
  +--> ?PR?INITIALCOMMSHELL?MAIN
  +--> ?PR?PTC_SWITCHTOI2CMODE?BUSCTRL
  +--> ?PR?PCT_INITIALTW2835?TW2835_INIT
  +--> ?PR?RESETCOMMSELL?MAIN
  +--> ?PR?COMMANDSHELL?MAIN
  +--> ?PR?_PCT_RUNCOMMSHELL?COMMANDSHELL
  +--> ?PR?PCT_CHECKSYSTEM?COMMANDSHELL
  +--> ?PR?RS_RXREADY?UART
  +--> ?PR?PCT_GETVIDEOSIGNALSTATUS?OSDACTION

?PR?INITIALMPU?MAIN                             -----    -----      -----    -----      -----    -----
  +--> ?PR?INITIALUART?UART
  +--> ?PR?INITIALTIMER0?TIMER

?PR?PCT_INITIALTW2835?TW2835_INIT               -----    -----      -----    -----      -----    -----
  +--> ?PR?PCT_TW2835RESETN?TW2835_INIT
  +--> ?PR?_PCT_READASICBYTE?BUSCTRL
  +--> ?PR?_PCT_DETECTVIDEOFORMAT?TW28XX_VIDEO
  +--> ?PR?_WAIT_MS?MAIN
  +--> ?PR?PCT_TW2837IDCHECK?TW2835_INIT
  +--> ?PR?PCT_TW2835_INITIAL?TW2835_INIT
  +--> ?PR?PCT_INITIALOSD?OSDACTION

?PR?_PCT_READASICBYTE?BUSCTRL                   -----    -----      -----    -----      -----    -----
  +--> ?PR?BUSCTRL
  +--> ?PR?_PCT_PAGECHANGE?BUSCTRL

?PR?_PCT_PAGECHANGE?BUSCTRL                     -----    -----      -----    -----      008FH    0001H
  +--> ?PR?BUSCTRL

?PR?_PCT_DETECTVIDEOFORMAT?TW28XX_VIDEO         -----    -----      -----    -----      005BH    0002H
  +--> ?PR?_PCT_READASICBYTE?BUSCTRL

?PR?_WAIT_MS?MAIN                               -----    -----      -----    -----      005BH    0004H

?PR?PCT_TW2837IDCHECK?TW2835_INIT               -----    -----      -----    -----      -----    -----
  +--> ?PR?_PCT_READASICBYTE?BUSCTRL

?PR?PCT_TW2835_INITIAL?TW2835_INIT              -----    -----      -----    -----      005BH    0002H
  +--> ?PR?TW2835_INIT
  +--> ?CO?TW2835_INIT
  +--> ?PR?_PCT_WRITEASICTABLE?BUSCTRL
BL51 BANKED LINKER/LOCATER V6.22.2.0                                                  07/01/2021  14:04:24  PAGE 6


  +--> ?PR?_PCT_WRITEASICBYTE?BUSCTRL

?PR?TW2835_INIT                                 -----    -----      -----    -----      -----    -----
  +--> ?CO?TW2835_INIT

?PR?_PCT_WRITEASICTABLE?BUSCTRL                 -----    -----      -----    -----      005DH    0007H
  +--> ?PR?BUSCTRL
  +--> ?PR?_PCT_PAGECHANGE?BUSCTRL

?PR?_PCT_WRITEASICBYTE?BUSCTRL                  -----    -----      -----    -----      008BH    0004H
  +--> ?PR?BUSCTRL
  +--> ?PR?_PCT_PAGECHANGE?BUSCTRL

?PR?PCT_INITIALOSD?OSDACTION                    -----    -----      000AH    0001H      -----    -----
  +--> ?PR?PCT_INITOSDCOLOR?OSDCTRL
  +--> ?PR?PCT_CLEARGRAPHATTR?OSD_GRAPH
  +--> ?PR?_PCT_PRESETFOREGROUNDCOLOR?OSDCTRL
  +--> ?PR?_PCT_PRESETBACKGROUNDCOLOR?OSDCTRL
  +--> ?PR?_PCT_ENSHOWOSDPAGE?OSDCTRL
  +--> ?PR?_PCT_SETOSDDRAWPAGE?OSDCTRL
  +--> ?PR?_PCT_FULLCOLORONOSD?OSDCTRL

?PR?PCT_INITOSDCOLOR?OSDCTRL                    -----    -----      -----    -----      -----    -----
  +--> ?PR?_PCT_WRITEASICBYTE?BUSCTRL
  +--> ?PR?OSDCTRL
  +--> ?PR?_PCT_SETOSDCOLOR?OSDCTRL

?PR?OSDCTRL                                     -----    -----      -----    -----      -----    -----
  +--> ?CO?OSDCTRL

?PR?_PCT_SETOSDCOLOR?OSDCTRL                    -----    -----      -----    -----      005BH    0005H
  +--> ?PR?_PCT_WRITEASICBYTE?BUSCTRL

?PR?_PCT_ENSHOWOSDPAGE?OSDCTRL                  -----    -----      -----    -----      0061H    0001H
  +--> ?PR?OSDCTRL
  +--> ?PR?_PCT_WRITEASICBYTE?BUSCTRL
  +--> ?PR?_PCT_READASICBYTE?BUSCTRL

?PR?_PCT_SETOSDDRAWPAGE?OSDCTRL                 -----    -----      -----    -----      0061H    0001H
  +--> ?PR?OSDCTRL
  +--> ?PR?_PCT_READASICBYTE?BUSCTRL
  +--> ?PR?_PCT_WRITEASICBYTE?BUSCTRL

?PR?_PCT_FULLCOLORONOSD?OSDCTRL                 -----    -----      -----    -----      005BH    0006H
  +--> ?PR?OSDCTRL
  +--> ?PR?_PCT_WRITEASICBYTE?BUSCTRL
  +--> ?PR?_PCT_READASICBYTE?BUSCTRL

?PR?RESETCOMMSELL?MAIN                          -----    -----      -----    -----      -----    -----
  +--> ?CO?MAIN
  +--> ?PR?_PUTSP?MAIN

?PR?_PUTSP?MAIN                                 -----    -----      0008H    0001H      0055H    0003H
  +--> ?PR?_RS_TX?UART

?PR?COMMANDSHELL?MAIN                           -----    -----      0008H    0001H      -----    -----
  +--> ?PR?RS_RXREADY?UART
BL51 BANKED LINKER/LOCATER V6.22.2.0                                                  07/01/2021  14:04:24  PAGE 7


  +--> ?PR?RS_RX?UART
  +--> ?PR?_RS_TX?UART
  +--> ?PR?MAIN
  +--> ?PR?_CHKSTARTCOMMSHELL?MAIN
  +--> ?PR?NEWLINE?MAIN

?PR?RS_RX?UART                                  -----    -----      -----    -----      -----    -----
  +--> ?PR?UART

?PR?_CHKSTARTCOMMSHELL?MAIN                     -----    -----      -----    -----      0055H    0003H
  +--> ?CO?MAIN

?PR?NEWLINE?MAIN                                -----    -----      -----    -----      -----    -----
  +--> ?CO?MAIN
  +--> ?PR?_PUTS?PUTS

?PR?_PUTS?PUTS                                  -----    -----      -----    -----      -----    -----
  +--> ?PR?PUTCHAR?PUTCHAR

?PR?_PCT_RUNCOMMSHELL?COMMANDSHELL              -----    -----      0008H    0002H      0055H    0006H
  +--> ?PR?COMMANDSHELL
  +--> ?PR?_PCT_GETFIRSTSTR?COMMANDSHELL
  +--> ?PR?_PCT_STRTOCOMMCODE?COMMANDSHELL
  +--> ?CO?COMMANDSHELL
  +--> ?PR?_MONIREADPAGEBUFFER?COMMANDSHELL
  +--> ?PR?_MONIREADONEBUFFER?COMMANDSHELL
  +--> ?PR?_MONIWRITEONEBUFFER?COMMANDSHELL
  +--> ?PR?_MONIWRITEASICBYTE?COMMANDSHELL
  +--> ?PR?_MONIREADASICBYTE?COMMANDSHELL
  +--> ?PR?_MONIAUDIOMIXING?COMMANDSHELL
  +--> ?PR?MONIAUDIOMUTE?COMMANDSHELL
  +--> ?PR?PCT_AUDIOREGLIST?TW28XX_AUDIO
  +--> ?PR?_MONIAUDIOGAIN?COMMANDSHELL
  +--> ?PR?_MONIAUDIOLIVE?COMMANDSHELL
  +--> ?PR?MONIREGISTERDUMP?COMMANDSHELL
  +--> ?PR?_PCT_WINATTRCLEAR?TW28XX_VIDEO
  +--> ?PR?_MONIVIDEOMIXWIN?COMMANDSHELL
  +--> ?PR?PCT_SENDACK?COMMANDSHELL
  +--> ?PR?_MONIVIDEOMIXATTR?COMMANDSHELL
  +--> ?PR?_MONIYVIDEOMIX?COMMANDSHELL
  +--> ?PR?PCT_INITIALTW2835?TW2835_INIT
  +--> ?PR?MONIVIDEOAUTODETECT?COMMANDSHELL
  +--> ?PR?_MONISETVIDEOFORMAT?COMMANDSHELL
  +--> ?PR?_MONISHOWSODSTR?COMMANDSHELL
  +--> ?PR?_MONIHSCOMM?COMMANDSHELL
  +--> ?PR?PCT_AUDIOACTIONFORHS?COMMANDSHELL
  +--> ?PR?PCT_OSDACTIONFORHS?OSDACTION
  +--> ?PR?_PCT_FLASHOSDCTRL?MAIN
  +--> ?PR?_MONIHSCOMMSJMODE?COMMANDSHELL
  +--> ?PR?MONIHSCOMMDISSCROLL?COMMANDSHELL
  +--> ?PR?MONIHSCOMMVERSION?COMMANDSHELL

?PR?COMMANDSHELL                                -----    -----      -----    -----      -----    -----
  +--> ?CO?COMMANDSHELL

?PR?_PCT_GETFIRSTSTR?COMMANDSHELL               -----    -----      -----    -----      0061H    0006H
  +--> ?PR?COMMANDSHELL
BL51 BANKED LINKER/LOCATER V6.22.2.0                                                  07/01/2021  14:04:24  PAGE 8



?PR?_PCT_STRTOCOMMCODE?COMMANDSHELL             -----    -----      0014H    0002H      0061H    0003H
  +--> ?PR?COMMANDSHELL

?PR?_MONIREADPAGEBUFFER?COMMANDSHELL            -----    -----      000AH    0003H      -----    -----
  +--> ?PR?COMMANDSHELL
  +--> ?CO?COMMANDSHELL
  +--> ?PR?SCANF?SCANF
  +--> ?PR?_PCT_READASICBYTE?BUSCTRL
  +--> ?PR?PRINTF?PRINTF

?PR?SCANF?SCANF                                 0023H.0  0000H.6    0014H    0005H      0061H    002EH
  +--> ?PR?GETCHAR?UNGETCHAR
  +--> ?PR?_ISSPACE?ISSPACE
  +--> ?PR?GETCHAR?GETCHAR

?PR?GETCHAR?GETCHAR                             -----    -----      -----    -----      -----    -----
  +--> ?PR?_GETKEY?_GETKEY
  +--> ?PR?PUTCHAR?PUTCHAR

?PR?PRINTF?PRINTF                               0023H.0  0001H.1    000EH    0005H      005BH    0028H
  +--> ?PR?PUTCHAR?PUTCHAR

?PR?_MONIREADONEBUFFER?COMMANDSHELL             -----    -----      000AH    0002H      -----    -----
  +--> ?PR?COMMANDSHELL
  +--> ?CO?COMMANDSHELL
  +--> ?PR?SCANF?SCANF
  +--> ?PR?_PCT_READASICBYTE?BUSCTRL
  +--> ?PR?PRINTF?PRINTF

?PR?_MONIWRITEONEBUFFER?COMMANDSHELL            -----    -----      000AH    0003H      -----    -----
  +--> ?PR?COMMANDSHELL
  +--> ?CO?COMMANDSHELL
  +--> ?PR?SCANF?SCANF
  +--> ?PR?_PCT_WRITEASICBYTE?BUSCTRL

?PR?_MONIWRITEASICBYTE?COMMANDSHELL             -----    -----      000AH    0004H      -----    -----
  +--> ?PR?COMMANDSHELL
  +--> ?CO?COMMANDSHELL
  +--> ?PR?SCANF?SCANF
  +--> ?PR?_PCT_WRITEASICBYTE?BUSCTRL

?PR?_MONIREADASICBYTE?COMMANDSHELL              -----    -----      000AH    0004H      -----    -----
  +--> ?PR?COMMANDSHELL
  +--> ?CO?COMMANDSHELL
  +--> ?PR?SCANF?SCANF
  +--> ?PR?_PCT_READASICBYTE?BUSCTRL
  +--> ?PR?PRINTF?PRINTF

?PR?_MONIAUDIOMIXING?COMMANDSHELL               -----    -----      000AH    000AH      005BH    0006H
  +--> ?PR?COMMANDSHELL
  +--> ?PR?_PCT_GETFIRSTSTR?COMMANDSHELL
  +--> ?PR?_PCT_AUDIOMIXMUTE?TW28XX_AUDIO
  +--> ?PR?_ATOI?ATOI
  +--> ?PR?SCANF?SCANF
  +--> ?PR?_PCT_AUDIOMIXCTRL?TW28XX_AUDIO
  +--> ?CO?COMMANDSHELL
BL51 BANKED LINKER/LOCATER V6.22.2.0                                                  07/01/2021  14:04:24  PAGE 9



?PR?_PCT_AUDIOMIXMUTE?TW28XX_AUDIO              -----    -----      0014H    0001H      0061H    0002H
  +--> ?PR?_PCT_READASICBYTE?BUSCTRL
  +--> ?PR?_PCT_WRITEASICBYTE?BUSCTRL

?PR?_ATOI?ATOI                                  0023H.0  0000H.1    -----    -----      0061H    0005H
  +--> ?PR?_ISSPACE?ISSPACE
  +--> ?PR?_ISDIGIT?ISDIGIT

?PR?_PCT_AUDIOMIXCTRL?TW28XX_AUDIO              -----    -----      -----    -----      0061H    0004H
  +--> ?PR?TW28XX_AUDIO
  +--> ?PR?_PCT_READASICBYTE?BUSCTRL
  +--> ?CO?TW28XX_AUDIO
  +--> ?PR?_PCT_WRITEASICBYTE?BUSCTRL
  +--> ?PR?_PCT_AUDIOSELLIVE?TW28XX_AUDIO

?PR?TW28XX_AUDIO                                -----    -----      -----    -----      -----    -----
  +--> ?CO?TW28XX_AUDIO

?PR?_PCT_AUDIOSELLIVE?TW28XX_AUDIO              -----    -----      -----    -----      0065H    0001H
  +--> ?PR?_PCT_WRITEASICBYTE?BUSCTRL

?PR?MONIAUDIOMUTE?COMMANDSHELL                  -----    -----      -----    -----      -----    -----
  +--> ?PR?_PCT_AUDIOMIXMUTE?TW28XX_AUDIO
  +--> ?PR?_PCT_AUDIOSELLIVE?TW28XX_AUDIO

?PR?PCT_AUDIOREGLIST?TW28XX_AUDIO               -----    -----      -----    -----      -----    -----
  +--> ?PR?PRINTF?PRINTF
  +--> ?PR?_PCT_READASICBYTE?BUSCTRL
  +--> ?CO?TW28XX_AUDIO

?PR?_MONIAUDIOGAIN?COMMANDSHELL                 -----    -----      000AH    000AH      005BH    0006H
  +--> ?PR?COMMANDSHELL
  +--> ?PR?_PCT_GETFIRSTSTR?COMMANDSHELL
  +--> ?PR?_ATOI?ATOI
  +--> ?PR?SCANF?SCANF
  +--> ?CO?COMMANDSHELL
  +--> ?PR?_PCT_AUDIOGAINCTRL?TW28XX_AUDIO

?PR?_PCT_AUDIOGAINCTRL?TW28XX_AUDIO             -----    -----      -----    -----      0061H    0003H
  +--> ?PR?TW28XX_AUDIO
  +--> ?PR?_PCT_READASICBYTE?BUSCTRL
  +--> ?CO?TW28XX_AUDIO
  +--> ?PR?_PCT_WRITEASICBYTE?BUSCTRL

?PR?_MONIAUDIOLIVE?COMMANDSHELL                 -----    -----      000AH    0001H      -----    -----
  +--> ?PR?COMMANDSHELL
  +--> ?PR?SCANF?SCANF
  +--> ?PR?_PCT_AUDIOSELLIVE?TW28XX_AUDIO

?PR?MONIREGISTERDUMP?COMMANDSHELL               -----    -----      000AH    0002H      -----    -----
  +--> ?CO?COMMANDSHELL
  +--> ?PR?PRINTF?PRINTF
  +--> ?PR?_PCT_READASICBYTE?BUSCTRL

?PR?_PCT_WINATTRCLEAR?TW28XX_VIDEO              -----    -----      -----    -----      005BH    0003H
  +--> ?PR?TW28XX_VIDEO
BL51 BANKED LINKER/LOCATER V6.22.2.0                                                  07/01/2021  14:04:24  PAGE 10


  +--> ?PR?_PCT_READASICBYTE?BUSCTRL
  +--> ?PR?_PCT_WRITEASICBYTE?BUSCTRL

?PR?TW28XX_VIDEO                                -----    -----      -----    -----      -----    -----
  +--> ?CO?TW28XX_VIDEO

?PR?_MONIVIDEOMIXWIN?COMMANDSHELL               -----    -----      000AH    0002H      -----    -----
  +--> ?PR?COMMANDSHELL
  +--> ?CO?COMMANDSHELL
  +--> ?PR?SCANF?SCANF
  +--> ?PR?_PCT_SETXVIDEOMIXING?TW28XX_VIDEO

?PR?_PCT_SETXVIDEOMIXING?TW28XX_VIDEO           -----    -----      -----    -----      005BH    0007H
  +--> ?PR?TW28XX_VIDEO
  +--> ?PR?_PCT_WRITEASICBYTE?BUSCTRL
  +--> ?CO?TW28XX_VIDEO
  +--> ?PR?_PCT_SETCHANELSCALE?TW28XX_VIDEO
  +--> ?PR?_PCT_WRITESTABLE?BUSCTRL

?PR?_PCT_SETCHANELSCALE?TW28XX_VIDEO            -----    -----      -----    -----      0062H    0008H
  +--> ?PR?TW28XX_VIDEO
  +--> ?CO?TW28XX_VIDEO
  +--> ?PR?_PCT_WRITEASICBYTE?BUSCTRL

?PR?_PCT_WRITESTABLE?BUSCTRL                    -----    -----      -----    -----      0062H    0003H
  +--> ?PR?BUSCTRL
  +--> ?PR?_PCT_READASICBYTE?BUSCTRL
  +--> ?PR?_PCT_WRITEASICBYTE?BUSCTRL

?PR?PCT_SENDACK?COMMANDSHELL                    -----    -----      -----    -----      -----    -----
  +--> ?PR?_RS_TX?UART

?PR?_MONIVIDEOMIXATTR?COMMANDSHELL              -----    -----      000AH    000AH      005BH    0006H
  +--> ?PR?COMMANDSHELL
  +--> ?PR?_PCT_GETFIRSTSTR?COMMANDSHELL
  +--> ?PR?_ATOI?ATOI
  +--> ?PR?_PCT_STRTOCOMMCODE?COMMANDSHELL
  +--> ?CO?COMMANDSHELL
  +--> ?PR?_PCT_WINATTRCTRL?TW28XX_VIDEO

?PR?_PCT_WINATTRCTRL?TW28XX_VIDEO               -----    -----      -----    -----      0061H    0003H
  +--> ?PR?TW28XX_VIDEO
  +--> ?PR?_PCT_READASICBYTE?BUSCTRL
  +--> ?PR?_PCT_WRITEASICBYTE?BUSCTRL

?PR?_MONIYVIDEOMIX?COMMANDSHELL                 -----    -----      000AH    0001H      -----    -----
  +--> ?PR?COMMANDSHELL
  +--> ?PR?SCANF?SCANF
  +--> ?PR?_PCT_SETYVIDEOMIXING?TW28XX_VIDEO

?PR?_PCT_SETYVIDEOMIXING?TW28XX_VIDEO           -----    -----      -----    -----      -----    -----
  +--> ?CO?TW28XX_VIDEO
  +--> ?PR?_PCT_WRITESTABLE?BUSCTRL

?PR?MONIVIDEOAUTODETECT?COMMANDSHELL            -----    -----      -----    -----      -----    -----
  +--> ?PR?_PCT_DETECTVIDEOFORMAT?TW28XX_VIDEO
  +--> ?CO?COMMANDSHELL
BL51 BANKED LINKER/LOCATER V6.22.2.0                                                  07/01/2021  14:04:24  PAGE 11


  +--> ?PR?PRINTF?PRINTF

?PR?_MONISETVIDEOFORMAT?COMMANDSHELL            -----    -----      000AH    0008H      005BH    0006H
  +--> ?PR?COMMANDSHELL
  +--> ?PR?_PCT_GETFIRSTSTR?COMMANDSHELL
  +--> ?PR?_ATOI?ATOI
  +--> ?CO?COMMANDSHELL
  +--> ?PR?_PCT_SETVIDEOFORMAT?TW28XX_VIDEO
  +--> ?PR?SCANF?SCANF

?PR?_PCT_SETVIDEOFORMAT?TW28XX_VIDEO            -----    -----      -----    -----      0061H    0002H
  +--> ?PR?_PCT_READASICBYTE?BUSCTRL
  +--> ?PR?TW28XX_VIDEO
  +--> ?PR?_PCT_WRITEASICBYTE?BUSCTRL

?PR?_MONISHOWSODSTR?COMMANDSHELL                -----    -----      000AH    0002H      005BH    0006H
  +--> ?PR?COMMANDSHELL
  +--> ?PR?_ATOI?ATOI
  +--> ?PR?_PCT_PRESETFOREGROUNDCOLOR?OSDCTRL
  +--> ?PR?_PCT_PRESETBACKGROUNDCOLOR?OSDCTRL
  +--> ?PR?_PCT_SETOSDDRAWPAGE?OSDCTRL
  +--> ?PR?_PCT_SHOWOSDSTRING?OSDCTRL
  +--> ?PR?_PCT_ENSHOWOSDPAGE?OSDCTRL
  +--> ?PR?_PCT_GETFIRSTSTR?COMMANDSHELL

?PR?_PCT_SHOWOSDSTRING?OSDCTRL                  -----    -----      -----    -----      0061H    0007H
  +--> ?PR?OSDCTRL
  +--> ?PR?_STRLEN?STRLEN
  +--> ?PR?_PCT_WRITEOSDFNTX?OSDCTRL
  +--> ?PR?_PCT_WRITEOSDFNTY?OSDCTRL
  +--> ?PR?PTC_SWITCHTOI2CMODE?BUSCTRL

?PR?_PCT_WRITEOSDFNTX?OSDCTRL                   -----    -----      000CH    0003H      0068H    0013H
  +--> ?PR?OSDCTRL
  +--> ?PR?_PCT_WRITEOSDDATABUFFERX?OSDCTRL
  +--> ?PR?_PCT_WRITEASICBYTE?BUSCTRL
  +--> ?PR?_PCT_READASICBYTE?BUSCTRL

?PR?_PCT_WRITEOSDDATABUFFERX?OSDCTRL            -----    -----      -----    -----      007BH    0004H
  +--> ?PR?OSDCTRL
  +--> ?PR?_PCT_WRITEASICBYTE?BUSCTRL

?PR?_PCT_WRITEOSDFNTY?OSDCTRL                   -----    -----      000CH    0002H      0068H    001FH
  +--> ?PR?OSDCTRL
  +--> ?PR?_PCT_WRITEOSDDATABUFFERY?OSDCTRL
  +--> ?PR?_PCT_WRITEASICBYTE?BUSCTRL
  +--> ?PR?_PCT_READASICBYTE?BUSCTRL

?PR?_PCT_WRITEOSDDATABUFFERY?OSDCTRL            -----    -----      -----    -----      0087H    0004H
  +--> ?PR?OSDCTRL
  +--> ?PR?_PCT_WRITEASICBYTE?BUSCTRL

?PR?_MONIHSCOMM?COMMANDSHELL                    -----    -----      000AH    0003H      -----    -----
  +--> ?PR?COMMANDSHELL
  +--> ?CO?COMMANDSHELL
  +--> ?PR?SCANF?SCANF
  +--> ?PR?_PCT_WINATTRCTRLY?TW28XX_VIDEO
BL51 BANKED LINKER/LOCATER V6.22.2.0                                                  07/01/2021  14:04:24  PAGE 12


  +--> ?PR?_PCT_RECOMPENSEYHDELAY?TW28XX_VIDEO
  +--> ?PR?_PCT_SETVIDEOHDELAY?TW28XX_VIDEO
  +--> ?PR?_PCT_SETXVIDEOMIXING?TW28XX_VIDEO
  +--> ?PR?_PCT_WINATTRCTRL?TW28XX_VIDEO
  +--> ?PR?_PCT_FLASHOSDCTRL?MAIN
  +--> ?PR?_PCT_CHECKVMIXTYPE?COMMANDSHELL
  +--> ?PR?_PCT_DISSHOWOSDPAGE?OSDCTRL
  +--> ?PR?_PCT_CLEAROSDPAGEX?OSDCTRL
  +--> ?PR?PCT_SHOWMODEICON?OSDACTION
  +--> ?PR?_PCT_OSD_ACTIONPTHX?OSDACTION

?PR?_PCT_WINATTRCTRLY?TW28XX_VIDEO              -----    -----      -----    -----      005BH    0003H
  +--> ?PR?TW28XX_VIDEO
  +--> ?PR?_PCT_READASICBYTE?BUSCTRL
  +--> ?PR?_PCT_WRITEASICBYTE?BUSCTRL

?PR?_PCT_RECOMPENSEYHDELAY?TW28XX_VIDEO         -----    -----      -----    -----      005BH    0003H
  +--> ?PR?TW28XX_VIDEO
  +--> ?PR?_PCT_READASICBYTE?BUSCTRL
  +--> ?CO?TW28XX_VIDEO
  +--> ?PR?_PCT_WRITEASICBYTE?BUSCTRL

?PR?_PCT_SETVIDEOHDELAY?TW28XX_VIDEO            -----    -----      -----    -----      005BH    000BH
  +--> ?PR?TW28XX_VIDEO
  +--> ?CO?TW28XX_VIDEO
  +--> ?PR?_PCT_WRITEASICBYTE?BUSCTRL
  +--> ?PR?_PCT_READASICBYTE?BUSCTRL

?PR?_PCT_CHECKVMIXTYPE?COMMANDSHELL             -----    -----      000DH    0001H      -----    -----
  +--> ?PR?COMMANDSHELL

?PR?_PCT_DISSHOWOSDPAGE?OSDCTRL                 -----    -----      -----    -----      005BH    0003H
  +--> ?PR?OSDCTRL
  +--> ?PR?_PCT_READASICBYTE?BUSCTRL
  +--> ?PR?_PCT_WRITEASICBYTE?BUSCTRL

?PR?_PCT_CLEAROSDPAGEX?OSDCTRL                  -----    -----      -----    -----      -----    -----
  +--> ?PR?_PCT_SETOSDDRAWPAGE?OSDCTRL
  +--> ?PR?_PCT_PRESETBACKGROUNDCOLOR?OSDCTRL
  +--> ?PR?_PCT_FULLCOLORONOSD?OSDCTRL

?PR?PCT_SHOWMODEICON?OSDACTION                  -----    -----      -----    -----      -----    -----
  +--> ?PR?_PCT_SETOSDDRAWPAGE?OSDCTRL
  +--> ?PR?OSDACTION
  +--> ?CO?OSDACTION
  +--> ?PR?_PCT_SHOWGRAPHSTRING?OSD_GRAPH
  +--> ?PR?_PCT_PRESETBACKGROUNDCOLOR?OSDCTRL
  +--> ?PR?_PCT_PRESETFOREGROUNDCOLOR?OSDCTRL

?PR?OSDACTION                                   -----    -----      -----    -----      -----    -----
  +--> ?CO?OSDACTION

?PR?_PCT_SHOWGRAPHSTRING?OSD_GRAPH              -----    -----      -----    -----      005EH    0007H
  +--> ?PR?OSD_GRAPH
  +--> ?PR?_STRLEN?STRLEN
  +--> ?PR?_PCT_OSD16X16GRAPHX?OSD_GRAPH
  +--> ?PR?PTC_SWITCHTOI2CMODE?BUSCTRL
BL51 BANKED LINKER/LOCATER V6.22.2.0                                                  07/01/2021  14:04:24  PAGE 13



?PR?_PCT_OSD16X16GRAPHX?OSD_GRAPH               -----    -----      -----    -----      0065H    000BH
  +--> ?CO?OSD_GRAPH
  +--> ?PR?OSD_GRAPH
  +--> ?PR?_PCT_WRITEASICBYTE?BUSCTRL
  +--> ?PR?_PCT_READASICBYTE?BUSCTRL

?PR?_PCT_OSD_ACTIONPTHX?OSDACTION               -----    -----      -----    -----      005BH    0003H
  +--> ?PR?OSDACTION
  +--> ?PR?_PCT_PRESETFOREGROUNDCOLOR?OSDCTRL
  +--> ?PR?_PCT_PRESETBACKGROUNDCOLOR?OSDCTRL
  +--> ?PR?_PCT_SHOWGRAPHSTRING?OSD_GRAPH

?PR?PCT_AUDIOACTIONFORHS?COMMANDSHELL           -----    -----      000AH    0002H      -----    -----
  +--> ?PR?_PCT_AUDIOSELLIVE?TW28XX_AUDIO
  +--> ?PR?_PCT_AUDIOMIXMUTE?TW28XX_AUDIO

?PR?PCT_OSDACTIONFORHS?OSDACTION                -----    -----      -----    -----      -----    -----
  +--> ?PR?_PCT_SETOSDDRAWPAGE?OSDCTRL
  +--> ?PR?OSDACTION
  +--> ?PR?_PCT_SHOWMIRRORICON?OSDACTION
  +--> ?PR?_PCT_SHOWSPEAKICON?OSDACTION
  +--> ?PR?_PCT_SHOWINDICATEICON?OSDACTION
  +--> ?PR?PCT_ENFALSHVLOSS?OSDACTION
  +--> ?PR?_PCT_ENSHOWOSDPAGE?OSDCTRL

?PR?_PCT_SHOWMIRRORICON?OSDACTION               -----    -----      -----    -----      005BH    0003H
  +--> ?PR?OSDACTION
  +--> ?PR?_PCT_PRESETFOREGROUNDCOLOR?OSDCTRL
  +--> ?PR?_PCT_CLEARWORDSPATHX?OSDCTRL
  +--> ?PR?_PCT_SHOWGRAPHSTRING?OSD_GRAPH

?PR?_PCT_CLEARWORDSPATHX?OSDCTRL                -----    -----      -----    -----      005EH    0007H
  +--> ?PR?OSDCTRL
  +--> ?PR?_PCT_WRITEASICBYTE?BUSCTRL
  +--> ?PR?_PCT_READASICBYTE?BUSCTRL

?PR?_PCT_SHOWSPEAKICON?OSDACTION                -----    -----      -----    -----      005BH    0003H
  +--> ?PR?OSDACTION
  +--> ?PR?_PCT_PRESETFOREGROUNDCOLOR?OSDCTRL
  +--> ?PR?_PCT_CLEARWORDSPATHX?OSDCTRL
  +--> ?PR?_PCT_SHOWGRAPHSTRING?OSD_GRAPH
  +--> ?CO?OSDACTION

?PR?_PCT_SHOWINDICATEICON?OSDACTION             -----    -----      000AH    0001H      005BH    0003H
  +--> ?PR?OSDACTION
  +--> ?PR?_PCT_PRESETFOREGROUNDCOLOR?OSDCTRL
  +--> ?PR?_PCT_SHOWGRAPHSTRING?OSD_GRAPH
  +--> ?PR?_PCT_CLEARWORDSPATHX?OSDCTRL
  +--> ?CO?OSDACTION

?PR?_MONIHSCOMMSJMODE?COMMANDSHELL              -----    -----      -----    -----      -----    -----
  +--> ?PR?COMMANDSHELL
  +--> ?CO?COMMANDSHELL
  +--> ?PR?SCANF?SCANF

?PR?MONIHSCOMMDISSCROLL?COMMANDSHELL            -----    -----      -----    -----      -----    -----
BL51 BANKED LINKER/LOCATER V6.22.2.0                                                  07/01/2021  14:04:24  PAGE 14


  +--> ?PR?_PCT_ENSHOWOSDPAGE?OSDCTRL

?PR?MONIHSCOMMVERSION?COMMANDSHELL              -----    -----      -----    -----      005BH    0001H
  +--> ?PR?_RS_TX?UART
  +--> ?CO?COMMANDSHELL

?PR?PCT_CHECKSYSTEM?COMMANDSHELL                -----    -----      -----    -----      -----    -----
  +--> ?PR?_PCT_DETECTVIDEOFORMAT?TW28XX_VIDEO
  +--> ?PR?_PCT_ENSHOWOSDPAGE?OSDCTRL
  +--> ?PR?_PCT_CHANGESYSTEMTYPE?TW2835_INIT
  +--> ?PR?_PCT_RECOMPENSEYHDELAY?TW28XX_VIDEO
  +--> ?PR?COMMANDSHELL
  +--> ?PR?_PCT_SETVIDEOHDELAY?TW28XX_VIDEO
  +--> ?PR?_PCT_SETXVIDEOMIXING?TW28XX_VIDEO
  +--> ?PR?_PCT_CLEAROSDPAGEX?OSDCTRL
  +--> ?PR?PCT_SHOWMODEICON?OSDACTION
  +--> ?PR?_PCT_OSD_ACTIONPTHX?OSDACTION
  +--> ?PR?PCT_OSDACTIONFORHS?OSDACTION

?PR?_PCT_CHANGESYSTEMTYPE?TW2835_INIT           -----    -----      -----    -----      0055H    0002H
  +--> ?PR?TW2835_INIT
  +--> ?CO?TW2835_INIT
  +--> ?PR?_PCT_WRITEASICTABLE?BUSCTRL

?PR?PCT_GETVIDEOSIGNALSTATUS?OSDACTION          -----    -----      -----    -----      -----    -----
  +--> ?PR?_PCT_READASICBYTE?BUSCTRL
  +--> ?PR?_PCT_WRITEASICBYTE?BUSCTRL
  +--> ?PR?PCT_SHOWVLOSS?OSDACTION

?PR?PCT_SHOWVLOSS?OSDACTION                     -----    -----      -----    -----      -----    -----
  +--> ?PR?OSDACTION
  +--> ?PR?_PCT_SHOWGRAPHSTRING?OSD_GRAPH
  +--> ?PR?_PCT_CLEARWORDSPATHX?OSDCTRL

*** NEW ROOT ***************************************************

?PR?RS_INTERRUPT?UART                           -----    -----      -----    -----      -----    -----
  +--> ?PR?UART



SYMBOL TABLE OF MODULE:  .\OBJ\TW2835 (?C_STARTUP)

  VALUE           TYPE          NAME
  ----------------------------------

  -------         MODULE        ?C_STARTUP
  C:89F7H         SEGMENT       ?C_C51STARTUP
  I:0027H         SEGMENT       ?STACK
  C:0000H         PUBLIC        ?C_STARTUP
  D:00E0H         SYMBOL        ACC
  D:00F0H         SYMBOL        B
  D:0083H         SYMBOL        DPH
  D:0082H         SYMBOL        DPL
  N:0000H         SYMBOL        IBPSTACK
  N:0100H         SYMBOL        IBPSTACKTOP
  N:0080H         SYMBOL        IDATALEN
BL51 BANKED LINKER/LOCATER V6.22.2.0                                                  07/01/2021  14:04:24  PAGE 15


  C:89FAH         SYMBOL        IDATALOOP
  N:0000H         SYMBOL        PBPSTACK
  N:0100H         SYMBOL        PBPSTACKTOP
  N:0000H         SYMBOL        PDATALEN
  N:0000H         SYMBOL        PDATASTART
  N:0000H         SYMBOL        PPAGE
  N:0000H         SYMBOL        PPAGEENABLE
  D:00A0H         SYMBOL        PPAGE_SFR
  D:0081H         SYMBOL        SP
  C:89F7H         SYMBOL        STARTUP1
  N:0000H         SYMBOL        XBPSTACK
  N:0000H         SYMBOL        XBPSTACKTOP
  N:0000H         SYMBOL        XDATALEN
  N:0000H         SYMBOL        XDATASTART
  C:0000H         LINE#         126
  C:89F7H         LINE#         133
  C:89F9H         LINE#         134
  C:89FAH         LINE#         135
  C:89FBH         LINE#         136
  C:89FDH         LINE#         185
  C:8A00H         LINE#         196
  -------         ENDMOD        ?C_STARTUP

  -------         MODULE        UART
  C:0000H         SYMBOL        _ICE_DUMMY_
  D:0090H         PUBLIC        P1
  D:00B0H         PUBLIC        P3
  C:9B09H         PUBLIC        InitialUART
  D:00A8H         PUBLIC        IE
  X:0000H         PUBLIC        RS_RECVBUF
  B:00A8H.4       PUBLIC        ES
  D:00B8H         PUBLIC        IP
  B:0098H.0       PUBLIC        RI
  B:0098H.1       PUBLIC        TI
  B:00B8H.4       PUBLIC        PS
  D:00D8H         PUBLIC        CCON
  D:0099H         PUBLIC        SBUF
  D:00C0H         PUBLIC        WDTC
  D:0098H         PUBLIC        SCON
  D:0088H         PUBLIC        TCON
  C:9B1AH         PUBLIC        RS_RxReady
  D:008DH         PUBLIC        TH1
  D:00E8H         PUBLIC        IEA
  X:0050H         PUBLIC        RsRxRp
  B:0088H.6       PUBLIC        TR1
  X:0051H         PUBLIC        RsRxWp
  D:00F8H         PUBLIC        IPA
  D:00C8H         PUBLIC        T2CON
  C:9A39H         PUBLIC        RS_rx
  C:0003H         PUBLIC        _RS_tx
  C:9897H         PUBLIC        RS_interrupt
  D:00D0H         PUBLIC        PSW
  C:9A50H         SYMBOL        Com000E
  C:9A50H         SYMBOL        L?0015
  C:9A5CH         SYMBOL        L?0016
  -------         PROC          COM000E
  -------         ENDPROC       COM000E
BL51 BANKED LINKER/LOCATER V6.22.2.0                                                  07/01/2021  14:04:24  PAGE 16


  -------         PROC          INITIALUART
  C:9B09H         LINE#         66
  C:9B09H         LINE#         67
  C:9B09H         LINE#         69
  C:9B0BH         LINE#         70
  C:9B0DH         LINE#         77
  C:9B10H         LINE#         84
  C:9B12H         LINE#         86
  C:9B17H         LINE#         87
  C:9B19H         LINE#         88
  -------         ENDPROC       INITIALUART
  -------         PROC          RS_RXREADY
  C:9B1AH         LINE#         94
  C:9B1AH         LINE#         95
  C:9B1AH         LINE#         96
  C:9B27H         LINE#         97
  C:9B29H         LINE#         98
  -------         ENDPROC       RS_RXREADY
  -------         PROC          RS_RX
  -------         DO            
  D:0007H         SYMBOL        ret
  -------         ENDDO         
  C:9A39H         LINE#         104
  C:9A39H         LINE#         105
  C:9A39H         LINE#         108
  C:9A3BH         LINE#         112
  C:9A43H         LINE#         113
  C:9A46H         LINE#         114
  C:9A4BH         LINE#         115
  C:9A4DH         LINE#         116
  C:9A4FH         LINE#         118
  C:9A4FH         LINE#         119
  -------         ENDPROC       RS_RX
  -------         PROC          _RS_TX
  D:0007H         SYMBOL        tx_buf
  C:0003H         LINE#         125
  C:0003H         LINE#         126
  C:0003H         LINE#         127
  C:0003H         LINE#         128
  C:0006H         LINE#         129
  C:0008H         LINE#         130
  C:000AH         LINE#         131
  C:000AH         LINE#         132
  C:000AH         LINE#         133
  C:000AH         LINE#         134
  -------         ENDPROC       _RS_TX
  -------         PROC          RS_INTERRUPT
  C:9897H         LINE#         140
  C:989FH         LINE#         142
  C:98A2H         LINE#         143
  C:98A4H         LINE#         147
  C:98ADH         LINE#         148
  C:98B0H         LINE#         149
  C:98B7H         LINE#         161
  C:98B7H         LINE#         162
  -------         ENDPROC       RS_INTERRUPT
  -------         ENDMOD        UART
BL51 BANKED LINKER/LOCATER V6.22.2.0                                                  07/01/2021  14:04:24  PAGE 17



  -------         MODULE        BUSCTRL
  C:0000H         SYMBOL        _ICE_DUMMY_
  D:0080H         PUBLIC        P0
  D:0090H         PUBLIC        P1
  D:00B0H         PUBLIC        P3
  B:00A8H.7       PUBLIC        EA
  D:00A8H         PUBLIC        IE
  C:9939H         PUBLIC        _PCT_PageChange
  C:9030H         PUBLIC        _PCT_WriteSTable
  D:00B8H         PUBLIC        IP
  B:0090H.3       PUBLIC        HALE
  B:0090H.2       PUBLIC        HRDB
  D:00D8H         PUBLIC        CCON
  D:00C0H         PUBLIC        WDTC
  B:0090H.1       PUBLIC        HWRB
  D:0098H         PUBLIC        SCON
  D:0088H         PUBLIC        TCON
  C:8A83H         PUBLIC        _PCT_WriteAsicTable
  C:9BBAH         PUBLIC        PTC_SwitchToI2CMode
  D:00E8H         PUBLIC        IEA
  B:00B0H.6       PUBLIC        HCSB0
  B:00B0H.7       PUBLIC        HCSB1
  D:00F8H         PUBLIC        IPA
  C:8E67H         PUBLIC        _PCT_ReadAsicByte
  D:00C8H         PUBLIC        T2CON
  C:8E05H         PUBLIC        _PCT_WriteAsicByte
  D:00D0H         PUBLIC        PSW
  C:98C0H         SYMBOL        Com002C
  C:98C0H         SYMBOL        L?0045
  C:98C0H         SYMBOL        L?0046
  C:98C2H         SYMBOL        L?0047
  C:98C9H         SYMBOL        L?0048
  C:98CBH         SYMBOL        L?0049
  C:98D2H         SYMBOL        L?0050
  C:98DEH         SYMBOL        L?0051
  -------         PROC          COM002C
  -------         ENDPROC       COM002C
  -------         PROC          _PCT_PAGECHANGE
  D:0007H         SYMBOL        _pg
  -------         DO            
  X:008FH         SYMBOL        _dvc
  D:0006H         SYMBOL        _addr
  -------         ENDDO         
  C:9939H         LINE#         67
  C:9939H         LINE#         68
  C:9939H         LINE#         69
  C:993EH         LINE#         70
  C:9940H         LINE#         72
  C:9942H         LINE#         74
  C:9945H         LINE#         78
  C:9947H         LINE#         79
  C:9949H         LINE#         81
  C:9949H         LINE#         82
  C:9949H         LINE#         83
  C:994CH         LINE#         84
  C:994EH         LINE#         85
BL51 BANKED LINKER/LOCATER V6.22.2.0                                                  07/01/2021  14:04:24  PAGE 18


  C:9950H         LINE#         86
  C:9952H         LINE#         88
  C:9955H         LINE#         89
  C:9957H         LINE#         90
  C:9959H         LINE#         91
  C:995CH         LINE#         92
  C:995EH         LINE#         93
  -------         ENDPROC       _PCT_PAGECHANGE
  -------         PROC          _PCT_WRITEASICBYTE
  D:0007H         SYMBOL        _dvc
  D:0005H         SYMBOL        _pg
  D:0003H         SYMBOL        _addr
  X:008EH         SYMBOL        _wdat
  C:8E05H         LINE#         95
  C:8E05H         LINE#         96
  C:8E05H         LINE#         97
  C:8E05H         LINE#         99
  C:8E05H         LINE#         102
  C:8E0AH         LINE#         103
  C:8E0FH         LINE#         105
  C:8E0FH         LINE#         107
  C:8E14H         LINE#         108
  C:8E14H         LINE#         109
  C:8E16H         LINE#         110
  C:8E18H         LINE#         111
  C:8E1AH         LINE#         113
  C:8E1AH         LINE#         115
  C:8E28H         LINE#         116
  C:8E36H         LINE#         117
  C:8E42H         LINE#         118
  C:8E42H         LINE#         120
  C:8E42H         LINE#         121
  C:8E42H         LINE#         122
  C:8E45H         LINE#         123
  C:8E4BH         LINE#         124
  C:8E4DH         LINE#         125
  C:8E4FH         LINE#         127
  C:8E52H         LINE#         129
  C:8E57H         LINE#         130
  C:8E57H         LINE#         131
  C:8E59H         LINE#         132
  C:8E5BH         LINE#         133
  C:8E5DH         LINE#         135
  C:8E5DH         LINE#         136
  C:8E5FH         LINE#         137
  C:8E61H         LINE#         138
  C:8E61H         LINE#         139
  C:8E64H         LINE#         140
  C:8E66H         LINE#         141
  -------         ENDPROC       _PCT_WRITEASICBYTE
  -------         PROC          _PCT_WRITEASICTABLE
  D:0007H         SYMBOL        _dvc
  D:0005H         SYMBOL        _pg
  D:0004H         SYMBOL        _addr
  X:0060H         SYMBOL        _tbl_ptr
  X:0063H         SYMBOL        _tbl_cnt
  C:8A83H         LINE#         147
BL51 BANKED LINKER/LOCATER V6.22.2.0                                                  07/01/2021  14:04:24  PAGE 19


  C:8A85H         LINE#         148
  C:8A85H         LINE#         149
  C:8A85H         LINE#         151
  C:8A85H         LINE#         155
  C:8A8AH         LINE#         156
  C:8A8FH         LINE#         158
  C:8A92H         LINE#         160
  C:8A97H         LINE#         161
  C:8A97H         LINE#         162
  C:8A99H         LINE#         163
  C:8A9BH         LINE#         164
  C:8A9DH         LINE#         166
  C:8A9DH         LINE#         168
  C:8AA9H         LINE#         169
  C:8AB5H         LINE#         170
  C:8ABFH         LINE#         171
  C:8ABFH         LINE#         173
  C:8ABFH         LINE#         174
  C:8AC4H         LINE#         176
  C:8AC6H         LINE#         177
  C:8AC8H         LINE#         179
  C:8ADDH         LINE#         180
  C:8ADFH         LINE#         181
  C:8AE1H         LINE#         182
  C:8AE9H         LINE#         186
  C:8AECH         LINE#         188
  C:8AF1H         LINE#         189
  C:8AF1H         LINE#         190
  C:8AF3H         LINE#         191
  C:8AF5H         LINE#         192
  C:8AF7H         LINE#         194
  C:8AF7H         LINE#         195
  C:8AF9H         LINE#         196
  C:8AFBH         LINE#         197
  C:8AFBH         LINE#         198
  C:8AFEH         LINE#         200
  C:8B00H         LINE#         201
  -------         ENDPROC       _PCT_WRITEASICTABLE
  -------         PROC          _PCT_READASICBYTE
  D:0004H         SYMBOL        _dvc
  D:0005H         SYMBOL        _pg
  D:0003H         SYMBOL        _addr
  -------         DO            
  D:0006H         SYMBOL        _rdat_
  -------         ENDDO         
  C:8E67H         LINE#         208
  C:8E69H         LINE#         209
  C:8E69H         LINE#         212
  C:8E69H         LINE#         214
  C:8E6EH         LINE#         215
  C:8E73H         LINE#         218
  C:8E73H         LINE#         220
  C:8E73H         LINE#         222
  C:8E78H         LINE#         223
  C:8E78H         LINE#         224
  C:8E7AH         LINE#         225
  C:8E7CH         LINE#         226
BL51 BANKED LINKER/LOCATER V6.22.2.0                                                  07/01/2021  14:04:24  PAGE 20


  C:8E7EH         LINE#         228
  C:8E7EH         LINE#         230
  C:8E8CH         LINE#         231
  C:8E9AH         LINE#         232
  C:8EA6H         LINE#         233
  C:8EA6H         LINE#         235
  C:8EA6H         LINE#         236
  C:8EA6H         LINE#         237
  C:8EA9H         LINE#         238
  C:8EACH         LINE#         239
  C:8EAEH         LINE#         240
  C:8EB0H         LINE#         241
  C:8EB2H         LINE#         243
  C:8EB5H         LINE#         245
  C:8EBAH         LINE#         246
  C:8EBAH         LINE#         247
  C:8EBCH         LINE#         248
  C:8EBEH         LINE#         249
  C:8EC0H         LINE#         251
  C:8EC0H         LINE#         252
  C:8EC2H         LINE#         253
  C:8EC4H         LINE#         254
  C:8EC4H         LINE#         256
  C:8EC6H         LINE#         257
  C:8EC8H         LINE#         258
  -------         ENDPROC       _PCT_READASICBYTE
  -------         PROC          _PCT_WRITESTABLE
  D:0007H         SYMBOL        _dvc
  X:0062H         SYMBOL        _tbl_ptr
  C:9030H         LINE#         265
  C:903BH         LINE#         266
  C:903BH         LINE#         270
  C:903BH         LINE#         271
  C:9049H         LINE#         272
  C:9063H         LINE#         273
  C:9063H         LINE#         274
  C:9075H         LINE#         275
  C:9075H         LINE#         276
  C:907FH         LINE#         277
  C:9081H         LINE#         278
  -------         ENDPROC       _PCT_WRITESTABLE
  -------         PROC          PTC_SWITCHTOI2CMODE
  C:9BBAH         LINE#         284
  C:9BBAH         LINE#         285
  C:9BBAH         LINE#         295
  -------         ENDPROC       PTC_SWITCHTOI2CMODE
  -------         ENDMOD        BUSCTRL

  -------         MODULE        COMMANDSHELL
  C:0000H         SYMBOL        _ICE_DUMMY_
  D:0090H         PUBLIC        P1
  D:00B0H         PUBLIC        P3
  C:9A7EH         PUBLIC        _MoniHSCommSJmode
  C:95D1H         PUBLIC        MoniVideoAutoDetect
  C:683EH         PUBLIC        _PCT_RunCommShell
  C:7D71H         PUBLIC        _MoniAudioGain
  D:00A8H         PUBLIC        IE
BL51 BANKED LINKER/LOCATER V6.22.2.0                                                  07/01/2021  14:04:24  PAGE 21


  C:960BH         PUBLIC        _MoniReadOneBuffer
  D:00B8H         PUBLIC        IP
  C:9AF7H         PUBLIC        _MoniYVideoMix
  X:00BDH         PUBLIC        sysdat
  C:9A94H         PUBLIC        _MoniAudioLive
  D:00D8H         PUBLIC        CCON
  C:9B2AH         PUBLIC        PCT_SendACK
  C:9750H         PUBLIC        _MoniWriteOneBuffer
  C:9B39H         PUBLIC        MoniAudioMute
  C:93CCH         PUBLIC        MoniHSCommVersion
  C:823FH         PUBLIC        _MoniSetVideoFormat
  C:92F6H         PUBLIC        _MoniReadAsicByte
  C:8C5FH         PUBLIC        _PCT_GetFirstStr
  C:8B7DH         PUBLIC        PCT_CheckSystem
  D:00C0H         PUBLIC        WDTC
  D:0098H         PUBLIC        SCON
  D:0088H         PUBLIC        TCON
  C:9214H         PUBLIC        _MoniWriteAsicByte
  C:7AD6H         PUBLIC        _MoniHSComm
  X:00CEH         PUBLIC        msg
  D:00E8H         PUBLIC        IEA
  C:951BH         PUBLIC        _PCT_StrToCommCode
  C:92AEH         PUBLIC        _PCT_CheckVMixType
  C:9BAFH         PUBLIC        MoniHSCommDisScroll
  D:00F8H         PUBLIC        IPA
  C:8EC9H         PUBLIC        _MoniShowSODStr
  C:6AD6H         PUBLIC        _MoniVideoMixAttr
  C:9261H         PUBLIC        PCT_AudioActionForHS
  D:00C8H         PUBLIC        T2CON
  C:8F86H         PUBLIC        _MoniVideoMixWin
  C:933EH         PUBLIC        _MoniReadPageBuffer
  X:00D6H         PUBLIC        Original_selwintype
  C:90D4H         PUBLIC        MoniRegisterDump
  D:00D0H         PUBLIC        PSW
  C:7656H         PUBLIC        _MoniAudioMixing
  C:6CEDH         SYMBOL        Com00E8
  C:6CEDH         SYMBOL        L?0233
  C:6CEEH         SYMBOL        L?0234
  C:6D24H         SYMBOL        L?0235
  C:6D2BH         SYMBOL        L?0236
  C:6D2CH         SYMBOL        L?0237
  C:6D62H         SYMBOL        L?0238
  C:6D69H         SYMBOL        L?0239
  C:6D69H         SYMBOL        L?0240
  C:6D6CH         SYMBOL        L?0241
  C:6D75H         SYMBOL        L?0242
  C:6D76H         SYMBOL        L?0243
  C:6D96H         SYMBOL        L?0244
  C:6D9DH         SYMBOL        L?0245
  C:6D9DH         SYMBOL        L?0246
  C:6DA9H         SYMBOL        L?0247
  C:6DB0H         SYMBOL        L?0248
  C:6DC0H         SYMBOL        L?0249
  C:6DC7H         SYMBOL        L?0250
  C:6DD7H         SYMBOL        L?0251
  C:6DDEH         SYMBOL        L?0252
  C:6DEEH         SYMBOL        L?0253
BL51 BANKED LINKER/LOCATER V6.22.2.0                                                  07/01/2021  14:04:24  PAGE 22


  C:6DF5H         SYMBOL        L?0254
  C:6E01H         SYMBOL        L?0255
  C:6E08H         SYMBOL        L?0256
  C:6E14H         SYMBOL        L?0257
  C:6E1BH         SYMBOL        L?0258
  C:6E20H         SYMBOL        L?0259
  C:6E27H         SYMBOL        L?0260
  C:6E2CH         SYMBOL        L?0261
  C:6E33H         SYMBOL        L?0263
  C:6E33H         SYMBOL        L?0264
  C:6E3BH         SYMBOL        L?0265
  C:6E3BH         SYMBOL        L?0266
  C:6E43H         SYMBOL        L?0267
  C:6E4BH         SYMBOL        L?0268
  C:6E57H         SYMBOL        L?0269
  C:6E58H         SYMBOL        L?0270
  C:6E5FH         SYMBOL        L?0272
  C:6E66H         SYMBOL        L?0276
  C:6E6DH         SYMBOL        L?0280
  C:6E74H         SYMBOL        L?0283
  C:6E7BH         SYMBOL        L?0288
  C:6E82H         SYMBOL        L?0289
  C:6E83H         SYMBOL        L?0290
  C:6E90H         SYMBOL        L?0292
  C:6EA0H         SYMBOL        L?0293
  C:6EA7H         SYMBOL        L?0295
  C:6EAEH         SYMBOL        L?0298
  C:6EB5H         SYMBOL        L?0303
  C:6EB5H         SYMBOL        L?0304
  C:6EB6H         SYMBOL        L?0305
  C:6EBEH         SYMBOL        L?0306
  C:6EBEH         SYMBOL        L?0307
  C:6EC8H         SYMBOL        L?0308
  C:6ED3H         SYMBOL        L?0310
  C:6EDAH         SYMBOL        L?0311
  C:6EDAH         SYMBOL        L?0312
  C:6EE1H         SYMBOL        L?0314
  C:6EE1H         SYMBOL        L?0315
  C:6EEAH         SYMBOL        L?0318
  C:6EF6H         SYMBOL        L?0320
  C:6EF6H         SYMBOL        L?0321
  C:6EFCH         SYMBOL        L?0322
  -------         PROC          COM00E8
  -------         ENDPROC       COM00E8
  -------         PROC          _PCT_GETFIRSTSTR
  X:0061H         SYMBOL        tagStr
  X:0064H         SYMBOL        sourceStr
  C:8C5FH         LINE#         110
  C:8C65H         LINE#         111
  C:8C65H         LINE#         112
  C:8C70H         LINE#         113
  C:8C87H         LINE#         114
  C:8C9FH         LINE#         115
  C:8CA1H         LINE#         116
  C:8CA1H         LINE#         117
  C:8CAEH         LINE#         118
  C:8CB2H         LINE#         119
BL51 BANKED LINKER/LOCATER V6.22.2.0                                                  07/01/2021  14:04:24  PAGE 23


  C:8CBBH         LINE#         120
  C:8CBEH         LINE#         121
  C:8CC1H         LINE#         122
  C:8CC4H         LINE#         123
  C:8CCDH         LINE#         124
  -------         ENDPROC       _PCT_GETFIRSTSTR
  -------         PROC          _PCT_STRTOCOMMCODE
  X:0061H         SYMBOL        Str
  -------         DO            
  D:0014H         SYMBOL        ret
  -------         ENDDO         
  C:951BH         LINE#         131
  C:9521H         LINE#         132
  C:9521H         LINE#         133
  C:9526H         LINE#         135
  C:9553H         LINE#         136
  C:9557H         LINE#         137
  -------         ENDPROC       _PCT_STRTOCOMMCODE
  -------         PROC          PCT_SENDACK
  C:9B2AH         LINE#         143
  C:9B2AH         LINE#         144
  C:9B2AH         LINE#         145
  C:9B2FH         LINE#         146
  C:9B34H         LINE#         147
  -------         ENDPROC       PCT_SENDACK
  -------         PROC          _PCT_CHECKVMIXTYPE
  D:0007H         SYMBOL        _typ
  -------         DO            
  D:000DH         SYMBOL        tmplktp
  -------         ENDDO         
  C:92AEH         LINE#         154
  C:92AEH         LINE#         155
  C:92AEH         LINE#         156
  C:92B1H         LINE#         158
  C:92B7H         LINE#         159
  C:92BEH         LINE#         160
  C:92C4H         LINE#         161
  C:92D0H         LINE#         163
  C:92DEH         LINE#         164
  C:92E4H         LINE#         166
  C:92E4H         LINE#         167
  C:92EAH         LINE#         168
  C:92F0H         LINE#         169
  C:92F5H         LINE#         170
  -------         ENDPROC       _PCT_CHECKVMIXTYPE
  -------         PROC          _MONIREADPAGEBUFFER
  D:0001H         SYMBOL        szParam
  -------         DO            
  D:000AH         SYMBOL        page
  D:000BH         SYMBOL        start
  D:000CH         SYMBOL        end
  -------         ENDDO         
  C:933EH         LINE#         180
  C:933EH         LINE#         181
  C:933EH         LINE#         184
  C:9363H         LINE#         186
  C:9363H         LINE#         187
BL51 BANKED LINKER/LOCATER V6.22.2.0                                                  07/01/2021  14:04:24  PAGE 24


  C:937DH         LINE#         188
  C:937FH         LINE#         189
  C:9384H         LINE#         190
  -------         ENDPROC       _MONIREADPAGEBUFFER
  -------         PROC          _MONIREADONEBUFFER
  D:0001H         SYMBOL        szParam
  -------         DO            
  D:000AH         SYMBOL        page
  D:000BH         SYMBOL        addr
  -------         ENDDO         
  C:960BH         LINE#         196
  C:960BH         LINE#         197
  C:960BH         LINE#         200
  C:9628H         LINE#         202
  -------         ENDPROC       _MONIREADONEBUFFER
  -------         PROC          _MONIWRITEONEBUFFER
  D:0001H         SYMBOL        szParam
  -------         DO            
  D:000AH         SYMBOL        page
  D:000BH         SYMBOL        addr
  D:000CH         SYMBOL        dat
  -------         ENDDO         
  C:9750H         LINE#         209
  C:9750H         LINE#         210
  C:9750H         LINE#         213
  C:9775H         LINE#         214
  -------         ENDPROC       _MONIWRITEONEBUFFER
  -------         PROC          _MONIWRITEASICBYTE
  D:0001H         SYMBOL        szParam
  -------         DO            
  D:000AH         SYMBOL        _dev
  D:000BH         SYMBOL        _pg
  D:000CH         SYMBOL        _addr
  D:000DH         SYMBOL        _wdat
  -------         ENDDO         
  C:9214H         LINE#         221
  C:9214H         LINE#         222
  C:9214H         LINE#         223
  C:9217H         LINE#         224
  C:9219H         LINE#         225
  C:921BH         LINE#         226
  C:921DH         LINE#         228
  C:9252H         LINE#         229
  -------         ENDPROC       _MONIWRITEASICBYTE
  -------         PROC          _MONIREADASICBYTE
  D:0001H         SYMBOL        szParam
  -------         DO            
  D:000AH         SYMBOL        _dev
  D:000BH         SYMBOL        _pg
  D:000CH         SYMBOL        _addr
  D:000DH         SYMBOL        _rdat
  -------         ENDDO         
  C:92F6H         LINE#         236
  C:92F6H         LINE#         237
  C:92F6H         LINE#         238
  C:92F9H         LINE#         239
  C:92FBH         LINE#         240
BL51 BANKED LINKER/LOCATER V6.22.2.0                                                  07/01/2021  14:04:24  PAGE 25


  C:92FDH         LINE#         241
  C:92FFH         LINE#         243
  C:9324H         LINE#         244
  C:932FH         LINE#         245
  -------         ENDPROC       _MONIREADASICBYTE
  C:7798H         SYMBOL        L?0273
  C:77AEH         SYMBOL        L?0284
  C:77C4H         SYMBOL        L?0287
  -------         PROC          _MONIAUDIOMIXING
  X:005BH         SYMBOL        szParam
  -------         DO            
  D:000AH         SYMBOL        selch0
  D:000BH         SYMBOL        selch1
  D:000CH         SYMBOL        selch2
  D:000DH         SYMBOL        selch3
  D:000EH         SYMBOL        selch4
  D:000FH         SYMBOL        valch0
  D:0010H         SYMBOL        valch1
  D:0011H         SYMBOL        valch2
  D:0012H         SYMBOL        valch3
  D:0013H         SYMBOL        valch4
  X:005EH         SYMBOL        getStr
  C:658BH         SYMBOL        chaddr
  -------         ENDDO         
  C:7656H         LINE#         253
  C:7659H         LINE#         254
  C:7659H         LINE#         265
  C:766CH         LINE#         267
  C:7674H         LINE#         273
  C:769EH         LINE#         274
  C:769EH         LINE#         275
  C:76B4H         LINE#         276
  C:76BDH         LINE#         277
  C:76C3H         LINE#         278
  C:76C6H         LINE#         280
  C:76C6H         LINE#         281
  C:76E9H         LINE#         283
  C:76E9H         LINE#         284
  C:76ECH         LINE#         285
  C:76EFH         LINE#         286
  C:76F2H         LINE#         288
  C:76F2H         LINE#         289
  C:770AH         LINE#         291
  C:770AH         LINE#         292
  C:770DH         LINE#         293
  C:7711H         LINE#         294
  C:7714H         LINE#         295
  C:7717H         LINE#         297
  C:7717H         LINE#         298
  C:7732H         LINE#         300
  C:7732H         LINE#         301
  C:7732H         LINE#         302
  C:7732H         LINE#         303
  C:7735H         LINE#         305
  C:773DH         LINE#         306
  C:7740H         LINE#         308
  C:7740H         LINE#         309
BL51 BANKED LINKER/LOCATER V6.22.2.0                                                  07/01/2021  14:04:24  PAGE 26


  C:776CH         LINE#         311
  C:776CH         LINE#         312
  C:776CH         LINE#         313
  C:776CH         LINE#         314
  C:7774H         LINE#         315
  C:777DH         LINE#         317
  C:7797H         LINE#         318
  C:7797H         LINE#         320
  C:7797H         LINE#         321
  C:7797H         LINE#         322
  C:7797H         LINE#         323
  -------         ENDPROC       _MONIAUDIOMIXING
  -------         PROC          MONIAUDIOMUTE
  C:9B39H         LINE#         330
  C:9B39H         LINE#         331
  C:9B39H         LINE#         332
  C:9B41H         LINE#         337
  -------         ENDPROC       MONIAUDIOMUTE
  C:7E80H         SYMBOL        L?0279
  C:7E9AH         SYMBOL        L?0309
  C:7EABH         SYMBOL        L?0323
  -------         PROC          _MONIAUDIOGAIN
  X:005BH         SYMBOL        szParam
  -------         DO            
  D:000AH         SYMBOL        selch0
  D:000BH         SYMBOL        selch1
  D:000CH         SYMBOL        selch2
  D:000DH         SYMBOL        selch3
  D:000EH         SYMBOL        selch4
  D:000FH         SYMBOL        ch0val
  D:0010H         SYMBOL        ch1val
  D:0011H         SYMBOL        ch2val
  D:0012H         SYMBOL        ch3val
  D:0013H         SYMBOL        ch4val
  X:005EH         SYMBOL        getStr
  -------         ENDDO         
  C:7D71H         LINE#         345
  C:7D74H         LINE#         346
  C:7D74H         LINE#         351
  C:7D87H         LINE#         353
  C:7DAEH         LINE#         354
  C:7DAEH         LINE#         355
  C:7DC4H         LINE#         356
  C:7DC8H         LINE#         357
  C:7DCBH         LINE#         359
  C:7DCBH         LINE#         360
  C:7DEEH         LINE#         362
  C:7DEEH         LINE#         363
  C:7DF1H         LINE#         364
  C:7DF4H         LINE#         366
  C:7DF4H         LINE#         367
  C:7E0CH         LINE#         369
  C:7E0CH         LINE#         370
  C:7E0CH         LINE#         371
  C:7E0FH         LINE#         372
  C:7E12H         LINE#         374
  C:7E12H         LINE#         375
BL51 BANKED LINKER/LOCATER V6.22.2.0                                                  07/01/2021  14:04:24  PAGE 27


  C:7E2DH         LINE#         377
  C:7E2DH         LINE#         378
  C:7E2DH         LINE#         379
  C:7E30H         LINE#         380
  C:7E33H         LINE#         381
  C:7E36H         LINE#         383
  C:7E36H         LINE#         384
  C:7E62H         LINE#         386
  C:7E62H         LINE#         387
  C:7E6AH         LINE#         388
  C:7E6EH         LINE#         389
  C:7E76H         LINE#         390
  C:7E7FH         LINE#         391
  C:7E7FH         LINE#         393
  C:7E7FH         LINE#         394
  C:7E7FH         LINE#         395
  C:7E7FH         LINE#         396
  -------         ENDPROC       _MONIAUDIOGAIN
  -------         PROC          _MONIAUDIOLIVE
  D:0001H         SYMBOL        szParam
  -------         DO            
  D:000AH         SYMBOL        chan
  -------         ENDDO         
  C:9A94H         LINE#         403
  C:9A94H         LINE#         404
  C:9A94H         LINE#         407
  C:9AA1H         LINE#         409
  -------         ENDPROC       _MONIAUDIOLIVE
  -------         PROC          MONIREGISTERDUMP
  -------         DO            
  D:000AH         SYMBOL        addr
  D:000BH         SYMBOL        page
  -------         ENDDO         
  C:90D4H         LINE#         416
  C:90D4H         LINE#         417
  C:90D4H         LINE#         421
  C:90E2H         LINE#         422
  C:90F1H         LINE#         423
  C:90F4H         LINE#         424
  C:90F4H         LINE#         425
  C:910BH         LINE#         426
  C:910DH         LINE#         427
  C:911CH         LINE#         428
  C:9120H         LINE#         429
  C:9124H         LINE#         430
  -------         ENDPROC       MONIREGISTERDUMP
  -------         PROC          _MONIVIDEOMIXWIN
  D:0001H         SYMBOL        szParam
  -------         DO            
  D:000AH         SYMBOL        chose
  D:000BH         SYMBOL        wintp
  -------         ENDDO         
  C:8F86H         LINE#         436
  C:8F86H         LINE#         437
  C:8F86H         LINE#         440
  C:8FC8H         LINE#         442
  C:8FD5H         LINE#         443
BL51 BANKED LINKER/LOCATER V6.22.2.0                                                  07/01/2021  14:04:24  PAGE 28


  -------         ENDPROC       _MONIVIDEOMIXWIN
  C:6CABH         SYMBOL        L?0278
  C:6CB2H         SYMBOL        L?0282
  C:6CB9H         SYMBOL        L?0286
  C:6CC0H         SYMBOL        L?0294
  C:6CC7H         SYMBOL        L?0297
  C:6CCEH         SYMBOL        L?0300
  C:6CDFH         SYMBOL        L?0302
  C:6CE6H         SYMBOL        L?0316
  -------         PROC          _MONIVIDEOMIXATTR
  X:005BH         SYMBOL        szParam
  -------         DO            
  D:000AH         SYMBOL        chose
  D:000CH         SYMBOL        attrsel
  D:000DH         SYMBOL        setval
  D:000EH         SYMBOL        winNm
  D:0012H         SYMBOL        wincnt
  D:0013H         SYMBOL        division
  X:005EH         SYMBOL        getStr
  -------         ENDDO         
  C:6AD6H         LINE#         450
  C:6ADCH         LINE#         451
  C:6ADCH         LINE#         454
  C:6ADFH         LINE#         458
  C:6AF5H         LINE#         459
  C:6B00H         LINE#         461
  C:6B06H         LINE#         462
  C:6B13H         LINE#         464
  C:6B21H         LINE#         465
  C:6B24H         LINE#         466
  C:6B24H         LINE#         467
  C:6B35H         LINE#         468
  C:6B38H         LINE#         469
  C:6B38H         LINE#         470
  C:6B49H         LINE#         471
  C:6B4CH         LINE#         472
  C:6B4CH         LINE#         473
  C:6B5CH         LINE#         474
  C:6B5FH         LINE#         475
  C:6B5FH         LINE#         476
  C:6B6FH         LINE#         477
  C:6B72H         LINE#         478
  C:6B72H         LINE#         479
  C:6B82H         LINE#         480
  C:6B85H         LINE#         481
  C:6B85H         LINE#         482
  C:6B95H         LINE#         483
  C:6B98H         LINE#         484
  C:6B98H         LINE#         485
  C:6BA8H         LINE#         486
  C:6BABH         LINE#         487
  C:6BAEH         LINE#         488
  C:6BBFH         LINE#         489
  C:6BC2H         LINE#         490
  C:6BC2H         LINE#         491
  C:6BD3H         LINE#         492
  C:6BD6H         LINE#         493
BL51 BANKED LINKER/LOCATER V6.22.2.0                                                  07/01/2021  14:04:24  PAGE 29


  C:6BD6H         LINE#         494
  C:6BE6H         LINE#         495
  C:6BE9H         LINE#         496
  C:6BE9H         LINE#         497
  C:6BF9H         LINE#         498
  C:6BFCH         LINE#         499
  C:6BFCH         LINE#         500
  C:6C0CH         LINE#         501
  C:6C0FH         LINE#         502
  C:6C0FH         LINE#         503
  C:6C1FH         LINE#         504
  C:6C22H         LINE#         505
  C:6C22H         LINE#         506
  C:6C35H         LINE#         507
  C:6C38H         LINE#         508
  C:6C3BH         LINE#         509
  C:6C50H         LINE#         510
  C:6C53H         LINE#         511
  C:6C55H         LINE#         512
  C:6C55H         LINE#         514
  C:6C55H         LINE#         516
  C:6C5EH         LINE#         517
  C:6C7CH         LINE#         518
  C:6C7CH         LINE#         519
  C:6C8DH         LINE#         520
  C:6C8FH         LINE#         521
  C:6C8FH         LINE#         522
  C:6C91H         LINE#         523
  C:6C95H         LINE#         524
  C:6C9FH         LINE#         525
  C:6CA6H         LINE#         526
  C:6CA6H         LINE#         527
  C:6CAAH         LINE#         528
  -------         ENDPROC       _MONIVIDEOMIXATTR
  -------         PROC          _MONIYVIDEOMIX
  D:0001H         SYMBOL        szParam
  -------         DO            
  D:000AH         SYMBOL        chan
  -------         ENDDO         
  C:9AF7H         LINE#         535
  C:9AF7H         LINE#         536
  C:9AF7H         LINE#         539
  C:9B04H         LINE#         540
  -------         ENDPROC       _MONIYVIDEOMIX
  -------         PROC          MONIVIDEOAUTODETECT
  C:95D1H         LINE#         547
  C:95D1H         LINE#         548
  C:95D1H         LINE#         549
  -------         ENDPROC       MONIVIDEOAUTODETECT
  C:8332H         SYMBOL        L?0275
  C:8350H         SYMBOL        L?0319
  -------         PROC          _MONISETVIDEOFORMAT
  X:005BH         SYMBOL        szParam
  -------         DO            
  D:000AH         SYMBOL        selch0
  D:000BH         SYMBOL        selch1
  D:000CH         SYMBOL        selch2
BL51 BANKED LINKER/LOCATER V6.22.2.0                                                  07/01/2021  14:04:24  PAGE 30


  D:000DH         SYMBOL        selch3
  D:000EH         SYMBOL        valch0
  D:000FH         SYMBOL        valch1
  D:0010H         SYMBOL        valch2
  D:0011H         SYMBOL        valch3
  X:005EH         SYMBOL        getStr
  -------         ENDDO         
  C:823FH         LINE#         561
  C:8242H         LINE#         562
  C:8242H         LINE#         567
  C:8255H         LINE#         569
  C:8276H         LINE#         570
  C:8276H         LINE#         571
  C:828EH         LINE#         572
  C:8291H         LINE#         573
  C:8294H         LINE#         575
  C:8294H         LINE#         576
  C:82ACH         LINE#         578
  C:82B4H         LINE#         579
  C:82BCH         LINE#         580
  C:82BFH         LINE#         582
  C:82BFH         LINE#         583
  C:82DAH         LINE#         585
  C:82DAH         LINE#         586
  C:82DDH         LINE#         587
  C:82E5H         LINE#         588
  C:82E8H         LINE#         590
  C:82E8H         LINE#         591
  C:8314H         LINE#         593
  C:8314H         LINE#         594
  C:8317H         LINE#         595
  C:8324H         LINE#         596
  C:8331H         LINE#         597
  C:8331H         LINE#         599
  C:8331H         LINE#         600
  C:8331H         LINE#         601
  C:8331H         LINE#         602
  -------         ENDPROC       _MONISETVIDEOFORMAT
  C:8F16H         SYMBOL        L?0301
  -------         PROC          _MONISHOWSODSTR
  X:005BH         SYMBOL        szParam
  -------         DO            
  D:000AH         SYMBOL        addrx
  D:000BH         SYMBOL        addry
  X:005EH         SYMBOL        getStr
  -------         ENDDO         
  C:8EC9H         LINE#         608
  C:8ECCH         LINE#         609
  C:8ECCH         LINE#         613
  C:8ECFH         LINE#         614
  C:8EDAH         LINE#         615
  C:8EDDH         LINE#         616
  C:8EE8H         LINE#         618
  C:8EEDH         LINE#         619
  C:8EF2H         LINE#         620
  C:8EF7H         LINE#         621
  C:8F11H         LINE#         622
BL51 BANKED LINKER/LOCATER V6.22.2.0                                                  07/01/2021  14:04:24  PAGE 31


  C:8F16H         LINE#         623
  -------         ENDPROC       _MONISHOWSODSTR
  -------         PROC          PCT_AUDIOACTIONFORHS
  -------         DO            
  D:000AH         SYMBOL        winid
  D:000BH         SYMBOL        muteFlage
  -------         ENDDO         
  C:9261H         LINE#         629
  C:9261H         LINE#         630
  C:9261H         LINE#         632
  C:9264H         LINE#         635
  C:9272H         LINE#         636
  C:9281H         LINE#         637
  C:9293H         LINE#         638
  C:9296H         LINE#         639
  C:9296H         LINE#         640
  C:929AH         LINE#         642
  C:929EH         LINE#         644
  C:92A6H         LINE#         649
  C:92ADH         LINE#         650
  C:92ADH         LINE#         652
  -------         ENDPROC       PCT_AUDIOACTIONFORHS
  -------         PROC          _MONIHSCOMM
  D:0001H         SYMBOL        szParam
  -------         DO            
  D:000AH         SYMBOL        winid
  D:000BH         SYMBOL        chose
  D:000CH         SYMBOL        wintp
  -------         ENDDO         
  C:7AD6H         LINE#         659
  C:7AD6H         LINE#         663
  C:7B40H         LINE#         666
  C:7B5CH         LINE#         670
  C:7B66H         LINE#         671
  C:7B70H         LINE#         672
  C:7B7BH         LINE#         673
  C:7B86H         LINE#         675
  C:7B91H         LINE#         676
  C:7B9CH         LINE#         677
  C:7BA7H         LINE#         678
  C:7BB2H         LINE#         683
  C:7BBBH         LINE#         684
  C:7BC4H         LINE#         686
  C:7BCFH         LINE#         688
  C:7BDDH         LINE#         689
  C:7BF4H         LINE#         693
  C:7BF9H         LINE#         694
  C:7BFEH         LINE#         695
  C:7C03H         LINE#         696
  C:7C0BH         LINE#         697
  C:7C10H         LINE#         698
  C:7C15H         LINE#         699
  C:7C18H         LINE#         700
  C:7C21H         LINE#         701
  C:7C29H         LINE#         703
  -------         ENDPROC       _MONIHSCOMM
  -------         PROC          PCT_CHECKSYSTEM
BL51 BANKED LINKER/LOCATER V6.22.2.0                                                  07/01/2021  14:04:24  PAGE 32


  -------         DO            
  D:0007H         SYMBOL        TempSystem
  -------         ENDDO         
  C:8B7DH         LINE#         709
  C:8B7DH         LINE#         710
  C:8B7DH         LINE#         713
  C:8B82H         LINE#         715
  C:8B8EH         LINE#         716
  C:8B90H         LINE#         717
  C:8B97H         LINE#         718
  C:8B99H         LINE#         720
  C:8B9EH         LINE#         723
  C:8BAEH         LINE#         725
  C:8BB3H         LINE#         727
  C:8BBBH         LINE#         728
  C:8BC4H         LINE#         729
  C:8BCDH         LINE#         731
  C:8BD8H         LINE#         734
  C:8BDDH         LINE#         735
  C:8BE0H         LINE#         736
  C:8BE9H         LINE#         737
  C:8BECH         LINE#         739
  C:8BEDH         LINE#         740
  -------         ENDPROC       PCT_CHECKSYSTEM
  -------         PROC          _MONIHSCOMMSJMODE
  D:0001H         SYMBOL        szParam
  C:9A7EH         LINE#         746
  C:9A7EH         LINE#         747
  C:9A7EH         LINE#         748
  -------         ENDPROC       _MONIHSCOMMSJMODE
  -------         PROC          MONIHSCOMMDISSCROLL
  C:9BAFH         LINE#         755
  C:9BAFH         LINE#         756
  C:9BAFH         LINE#         757
  -------         ENDPROC       MONIHSCOMMDISSCROLL
  C:9407H         SYMBOL        L?0317
  -------         PROC          MONIHSCOMMVERSION
  -------         DO            
  X:005BH         SYMBOL        version
  -------         ENDDO         
  C:93CCH         LINE#         765
  C:93CCH         LINE#         766
  C:93CCH         LINE#         767
  C:93D1H         LINE#         770
  C:93D6H         LINE#         777
  C:93D9H         LINE#         778
  C:93DDH         LINE#         779
  C:93E8H         LINE#         780
  C:93EDH         LINE#         782
  C:93F7H         LINE#         783
  C:93F7H         LINE#         784
  C:93FAH         LINE#         785
  C:93FCH         LINE#         786
  C:93FEH         LINE#         788
  C:93FEH         LINE#         789
  C:9401H         LINE#         790
  C:9406H         LINE#         791
[...]
  C:564EH         LINE#         258
  C:5654H         LINE#         259
  C:5657H         LINE#         261
  C:5657H         LINE#         262
  C:5657H         LINE#         265
  C:5657H         LINE#         266
  C:5657H         LINE#         267
  C:5665H         LINE#         268
  C:566BH         LINE#         270
  C:566BH         LINE#         271
  C:5674H         LINE#         272
  C:5682H         LINE#         273
  C:5688H         LINE#         275
  C:568CH         LINE#         276
  C:5695H         LINE#         277
  C:56A6H         LINE#         278
  C:56ACH         LINE#         279
  C:56AFH         LINE#         281
  C:56AFH         LINE#         282
  C:56AFH         LINE#         285
  C:56AFH         LINE#         286
  C:56AFH         LINE#         287
  C:56BDH         LINE#         288
  C:56C3H         LINE#         290
  C:56C3H         LINE#         291
  C:56CCH         LINE#         292
  C:56DAH         LINE#         293
  C:56E0H         LINE#         295
  C:56E4H         LINE#         296
  C:56EDH         LINE#         297
  C:56FBH         LINE#         298
  C:5707H         LINE#         300
  C:5707H         LINE#         301
  C:5713H         LINE#         302
  C:5724H         LINE#         303
  C:5730H         LINE#         304
  C:5730H         LINE#         306
  C:5730H         LINE#         307
  C:5730H         LINE#         308
  C:5730H         LINE#         309
  -------         ENDPROC       _PCT_SETVIDEOHDELAY
  C:763DH         SYMBOL        L?0161
  C:7644H         SYMBOL        L?0162
  C:764FH         SYMBOL        L?0168
  -------         PROC          _PCT_SETXVIDEOMIXING
  X:005BH         SYMBOL        _typ
  X:005CH         SYMBOL        _winch
  -------         DO            
BL51 BANKED LINKER/LOCATER V6.22.2.0                                                  07/01/2021  14:04:24  PAGE 74


  X:005FH         SYMBOL        wregptr
  -------         ENDDO         
  C:74BFH         LINE#         312
  C:74C9H         LINE#         313
  C:74C9H         LINE#         316
  C:74D7H         LINE#         317
  C:74E5H         LINE#         318
  C:74FAH         LINE#         319
  C:750FH         LINE#         321
  C:7546H         LINE#         322
  C:7546H         LINE#         323
  C:7546H         LINE#         327
  C:7556H         LINE#         328
  C:755FH         LINE#         329
  C:755FH         LINE#         330
  C:7562H         LINE#         332
  C:7562H         LINE#         333
  C:7562H         LINE#         334
  C:7562H         LINE#         335
  C:7562H         LINE#         336
  C:7572H         LINE#         337
  C:7574H         LINE#         339
  C:7580H         LINE#         340
  C:7589H         LINE#         341
  C:7589H         LINE#         342
  C:758CH         LINE#         344
  C:758CH         LINE#         345
  C:758CH         LINE#         346
  C:758CH         LINE#         347
  C:758CH         LINE#         348
  C:758CH         LINE#         349
  C:758CH         LINE#         350
  C:758CH         LINE#         351
  C:758CH         LINE#         352
  C:759CH         LINE#         353
  C:759EH         LINE#         355
  C:75AAH         LINE#         356
  C:75BCH         LINE#         357
  C:75D1H         LINE#         358
  C:75D6H         LINE#         359
  C:75D9H         LINE#         361
  C:75D9H         LINE#         362
  C:75D9H         LINE#         363
  C:75E9H         LINE#         364
  C:75F5H         LINE#         365
  C:7608H         LINE#         366
  C:761BH         LINE#         367
  C:762EH         LINE#         368
  C:763CH         LINE#         369
  C:763CH         LINE#         371
  C:763CH         LINE#         372
  C:763CH         LINE#         373
  C:763CH         LINE#         374
  -------         ENDPROC       _PCT_SETXVIDEOMIXING
  -------         PROC          _PCT_SETYVIDEOMIXING
  D:0007H         SYMBOL        _typ
  C:9AA8H         LINE#         380
BL51 BANKED LINKER/LOCATER V6.22.2.0                                                  07/01/2021  14:04:24  PAGE 75


  C:9AA8H         LINE#         381
  C:9AA8H         LINE#         382
  -------         ENDPROC       _PCT_SETYVIDEOMIXING
  C:7D3AH         SYMBOL        L?0148
  C:7D46H         SYMBOL        L?0151
  C:7D52H         SYMBOL        L?0156
  C:7D5EH         SYMBOL        L?0169
  C:7D65H         SYMBOL        L?0174
  -------         PROC          _PCT_RECOMPENSEYHDELAY
  X:005BH         SYMBOL        _chmiro
  C:7C2AH         LINE#         386
  C:7C31H         LINE#         387
  C:7C31H         LINE#         388
  C:7C5EH         LINE#         389
  C:7C5EH         LINE#         391
  C:7C72H         LINE#         392
  C:7C7CH         LINE#         393
  C:7C8DH         LINE#         394
  C:7C97H         LINE#         395
  C:7CABH         LINE#         396
  C:7CB8H         LINE#         397
  C:7CCCH         LINE#         398
  C:7CCCH         LINE#         399
  C:7CCFH         LINE#         401
  C:7CCFH         LINE#         402
  C:7CE0H         LINE#         403
  C:7CE7H         LINE#         404
  C:7CEAH         LINE#         406
  C:7CEAH         LINE#         407
  C:7CF8H         LINE#         408
  C:7CFFH         LINE#         409
  C:7D01H         LINE#         411
  C:7D01H         LINE#         412
  C:7D12H         LINE#         413
  C:7D19H         LINE#         414
  C:7D1BH         LINE#         416
  C:7D1BH         LINE#         417
  C:7D2CH         LINE#         418
  C:7D39H         LINE#         419
  C:7D39H         LINE#         420
  C:7D39H         LINE#         421
  -------         ENDPROC       _PCT_RECOMPENSEYHDELAY
  -------         PROC          _PCT_WINATTRCTRL
  X:0061H         SYMBOL        _wid
  X:0062H         SYMBOL        _attrsel
  X:0063H         SYMBOL        _setval
  -------         DO            
  D:0004H         SYMBOL        dat
  -------         ENDDO         
  C:971BH         LINE#         472
  C:9728H         LINE#         473
  C:9728H         LINE#         479
  C:9732H         LINE#         480
  C:9744H         LINE#         481
  -------         ENDPROC       _PCT_WINATTRCTRL
  -------         PROC          _PCT_WINATTRCTRLY
  X:005BH         SYMBOL        _wid
BL51 BANKED LINKER/LOCATER V6.22.2.0                                                  07/01/2021  14:04:24  PAGE 76


  X:005CH         SYMBOL        _attrsel
  X:005DH         SYMBOL        _setval
  -------         DO            
  D:0004H         SYMBOL        dat
  -------         ENDDO         
  C:9595H         LINE#         490
  C:95A2H         LINE#         491
  C:95A2H         LINE#         496
  C:95AFH         LINE#         497
  C:95C1H         LINE#         498
  -------         ENDPROC       _PCT_WINATTRCTRLY
  -------         PROC          _PCT_WINATTRCLEAR
  X:005BH         SYMBOL        _attrsel
  -------         DO            
  X:005CH         SYMBOL        _wid
  X:005DH         SYMBOL        dat
  -------         ENDDO         
  C:9456H         LINE#         507
  C:945BH         LINE#         508
  C:945BH         LINE#         515
  C:946CH         LINE#         516
  C:947AH         LINE#         517
  C:9485H         LINE#         518
  C:9491H         LINE#         519
  C:9499H         LINE#         520
  -------         ENDPROC       _PCT_WINATTRCLEAR
  -------         ENDMOD        TW28XX_VIDEO

  -------         MODULE        TW2835_INIT
  C:0000H         SYMBOL        _ICE_DUMMY_
  D:0090H         PUBLIC        P1
  D:00B0H         PUBLIC        P3
  D:00A8H         PUBLIC        IE
  C:33ACH         PUBLIC        TW2835_Page0
  C:35ACH         PUBLIC        TW2835_Page1
  C:37ACH         PUBLIC        TW2837_Page0
  C:39ACH         PUBLIC        TW2837_Page1
  C:3BACH         PUBLIC        TW2837_Page2
  C:9385H         PUBLIC        PCT_InitialTW2835
  D:00B8H         PUBLIC        IP
  C:3C2CH         PUBLIC        tbl_ntsc_pg1_pic_fl
  C:3C3CH         PUBLIC        tbl_ntsc_pg1_pic_qd
  C:9AE4H         PUBLIC        PCT_TW2835ResetN
  C:3C7CH         PUBLIC        tbl_pal_pg1_pic_qd
  D:00D8H         PUBLIC        CCON
  D:00C0H         PUBLIC        WDTC
  D:0098H         PUBLIC        SCON
  C:3C5CH         PUBLIC        tbl_ntsc_pg1_pic_9_rb
  D:0088H         PUBLIC        TCON
  C:3C9CH         PUBLIC        tbl_pal_pg1_pic_9_rb
  C:99ECH         PUBLIC        PCT_TW2837IDCheck
  C:3C4CH         PUBLIC        tbl_ntsc_pg1_pic_9_lt
  C:895BH         PUBLIC        _PCT_ChangeSystemType
  C:3C8CH         PUBLIC        tbl_pal_pg1_pic_9_lt
  D:00E8H         PUBLIC        IEA
  D:00F8H         PUBLIC        IPA
  C:3C6CH         PUBLIC        tbl_ntsc_pg1_enc
BL51 BANKED LINKER/LOCATER V6.22.2.0                                                  07/01/2021  14:04:24  PAGE 77


  C:3CACH         PUBLIC        tbl_pal_pg1_enc
  D:00C8H         PUBLIC        T2CON
  B:00B0H.4       PUBLIC        RSTn
  X:00D9H         PUBLIC        TW2837IDCheck
  C:70F8H         PUBLIC        PCT_TW2835_Initial
  D:00D0H         PUBLIC        PSW
  C:97E8H         SYMBOL        Com0017
  C:97E8H         SYMBOL        L?0024
  C:97F1H         SYMBOL        L?0025
  C:9801H         SYMBOL        L?0038
  C:980CH         SYMBOL        L?0039
  -------         PROC          COM0017
  -------         ENDPROC       COM0017
  -------         PROC          PCT_INITIALTW2835
  C:9385H         LINE#         73
  C:9385H         LINE#         74
  C:9385H         LINE#         75
  C:9388H         LINE#         76
  C:938DH         LINE#         79
  C:9392H         LINE#         80
  C:939AH         LINE#         81
  C:93A9H         LINE#         82
  C:93B3H         LINE#         83
  C:93B5H         LINE#         84
  C:93B5H         LINE#         85
  C:93BCH         LINE#         86
  C:93BEH         LINE#         87
  C:93C3H         LINE#         88
  C:93C6H         LINE#         89
  C:93C9H         LINE#         90
  -------         ENDPROC       PCT_INITIALTW2835
  -------         PROC          PCT_TW2835RESETN
  -------         DO            
  D:0006H         SYMBOL        _delay
  -------         ENDDO         
  C:9AE4H         LINE#         97
  C:9AE4H         LINE#         98
  C:9AE4H         LINE#         113
  C:9AE6H         LINE#         114
  C:9AF4H         LINE#         115
  C:9AF6H         LINE#         117
  -------         ENDPROC       PCT_TW2835RESETN
  -------         PROC          PCT_TW2837IDCHECK
  C:99ECH         LINE#         124
  C:99ECH         LINE#         125
  C:99ECH         LINE#         126
  C:99FBH         LINE#         127
  C:9A01H         LINE#         129
  C:9A06H         LINE#         130
  -------         ENDPROC       PCT_TW2837IDCHECK
  C:7245H         SYMBOL        L?0026
  C:725CH         SYMBOL        L?0027
  C:7270H         SYMBOL        L?0028
  C:7280H         SYMBOL        L?0029
  C:7297H         SYMBOL        L?0031
  C:72AAH         SYMBOL        L?0032
  C:72BAH         SYMBOL        L?0034
BL51 BANKED LINKER/LOCATER V6.22.2.0                                                  07/01/2021  14:04:24  PAGE 78


  C:72C9H         SYMBOL        L?0035
  C:72D7H         SYMBOL        L?0037
  -------         PROC          PCT_TW2835_INITIAL
  -------         DO            
  X:005BH         SYMBOL        offset
  -------         ENDDO         
  C:70F8H         LINE#         136
  C:70F8H         LINE#         137
  C:70F8H         LINE#         140
  C:70FFH         LINE#         141
  C:7107H         LINE#         142
  C:7107H         LINE#         144
  C:710FH         LINE#         146
  C:711FH         LINE#         147
  C:712FH         LINE#         149
  C:7145H         LINE#         151
  C:7154H         LINE#         153
  C:715FH         LINE#         155
  C:716FH         LINE#         158
  C:717FH         LINE#         159
  C:718FH         LINE#         160
  C:71A6H         LINE#         162
  C:71AFH         LINE#         163
  C:71B8H         LINE#         164
  C:71C0H         LINE#         165
  C:71CBH         LINE#         166
  C:71D0H         LINE#         167
  C:71D2H         LINE#         168
  C:71D2H         LINE#         169
  C:71DBH         LINE#         170
  C:71EBH         LINE#         171
  C:71F3H         LINE#         172
  C:71FEH         LINE#         173
  C:720CH         LINE#         174
  C:720CH         LINE#         176
  C:720CH         LINE#         178
  C:720CH         LINE#         179
  C:7217H         LINE#         180
  C:7222H         LINE#         182
  C:722DH         LINE#         184
  C:7244H         LINE#         186
  C:7244H         LINE#         190
  -------         ENDPROC       PCT_TW2835_INITIAL
  C:89BEH         SYMBOL        L?0030
  C:89D2H         SYMBOL        L?0033
  C:89E5H         SYMBOL        L?0036
  -------         PROC          _PCT_CHANGESYSTEMTYPE
  D:0007H         SYMBOL        _sys
  -------         DO            
  X:0055H         SYMBOL        offset
  -------         ENDDO         
  C:895BH         LINE#         196
  C:895BH         LINE#         197
  C:895BH         LINE#         200
  C:895FH         LINE#         202
  C:8967H         LINE#         203
  C:8967H         LINE#         204
BL51 BANKED LINKER/LOCATER V6.22.2.0                                                  07/01/2021  14:04:24  PAGE 79


  C:896AH         LINE#         206
  C:8975H         LINE#         208
  C:8980H         LINE#         209
  C:8988H         LINE#         210
  C:898AH         LINE#         212
  C:898AH         LINE#         213
  C:8990H         LINE#         215
  C:899BH         LINE#         217
  C:89A6H         LINE#         218
  C:89BDH         LINE#         220
  C:89BDH         LINE#         222
  -------         ENDPROC       _PCT_CHANGESYSTEMTYPE
  -------         ENDMOD        TW2835_INIT

  -------         MODULE        ?C?CLDPTR
  C:5066H         PUBLIC        ?C?CLDPTR
  -------         ENDMOD        ?C?CLDPTR

  -------         MODULE        ?C?CLDOPTR
  C:507FH         PUBLIC        ?C?CLDOPTR
  -------         ENDMOD        ?C?CLDOPTR

  -------         MODULE        ?C?CSTPTR
  C:50ACH         PUBLIC        ?C?CSTPTR
  -------         ENDMOD        ?C?CSTPTR

  -------         MODULE        ?C?IMUL
  C:50BEH         PUBLIC        ?C?IMUL
  -------         ENDMOD        ?C?IMUL

  -------         MODULE        ?C?IILDX
  C:50D0H         PUBLIC        ?C?IILDX
  -------         ENDMOD        ?C?IILDX

  -------         MODULE        ?C?ILDIX
  C:50E6H         PUBLIC        ?C?ILDIX
  -------         ENDMOD        ?C?ILDIX

  -------         MODULE        ?C?ILDPTR
  C:50FCH         PUBLIC        ?C?ILDPTR
  -------         ENDMOD        ?C?ILDPTR

  -------         MODULE        ?C?IILDOPTR
  C:5127H         PUBLIC        ?C?IILDOPTR
  -------         ENDMOD        ?C?IILDOPTR

  -------         MODULE        ?C?ULCMP
  C:5174H         PUBLIC        ?C?ULCMP
  -------         ENDMOD        ?C?ULCMP

  -------         MODULE        ?C?PLDPTR
  C:5185H         PUBLIC        ?C?PLDPTR
  -------         ENDMOD        ?C?PLDPTR

  -------         MODULE        ?C?PSTPTR
  C:51A5H         PUBLIC        ?C?PSTPTR
  -------         ENDMOD        ?C?PSTPTR
BL51 BANKED LINKER/LOCATER V6.22.2.0                                                  07/01/2021  14:04:24  PAGE 80



  -------         MODULE        ?C?CCASE
  C:51F4H         PUBLIC        ?C?CCASE
  -------         ENDMOD        ?C?CCASE

  -------         MODULE        PRINTF
  X:005BH         PUBLIC        ?_PRINTF517?BYTE
  X:005BH         PUBLIC        ?_PRINTF?BYTE
  X:005BH         PUBLIC        ?_SPRINTF517?BYTE
  X:005BH         PUBLIC        ?_SPRINTF?BYTE
  C:5C95H         PUBLIC        _PRINTF
  C:5C95H         PUBLIC        _PRINTF517
  C:5C8FH         PUBLIC        _SPRINTF
  C:5C8FH         PUBLIC        _SPRINTF517
  -------         ENDMOD        PRINTF

  -------         MODULE        PUTS
  C:986DH         PUBLIC        _PUTS
  -------         ENDMOD        PUTS

  -------         MODULE        SCANF
  X:0061H         PUBLIC        ?_SCANF517?BYTE
  X:0061H         PUBLIC        ?_SCANF?BYTE
  X:0061H         PUBLIC        ?_SSCANF517?BYTE
  X:0061H         PUBLIC        ?_SSCANF?BYTE
  C:601CH         PUBLIC        _SCANF
  C:601CH         PUBLIC        _SCANF517
  C:6018H         PUBLIC        _SSCANF
  C:6018H         PUBLIC        _SSCANF517
  -------         ENDMOD        SCANF

  -------         MODULE        ?C?STRCMP
  C:5398H         PUBLIC        ?C?STRCMP
  -------         ENDMOD        ?C?STRCMP

  -------         MODULE        STRLEN
  C:000EH         PUBLIC        _STRLEN
  -------         ENDMOD        STRLEN

  -------         MODULE        ATOI
  C:8674H         PUBLIC        _atoi
  -------         ENDMOD        ATOI

  -------         MODULE        ?C?ISTPTR
  C:53B5H         PUBLIC        ?C?ISTPTR
  -------         ENDMOD        ?C?ISTPTR

  -------         MODULE        ?C?LNEG
  C:53D4H         PUBLIC        ?C?LNEG
  -------         ENDMOD        ?C?LNEG

  -------         MODULE        ?C?LSTPTR
  C:53E2H         PUBLIC        ?C?LSTPTR
  -------         ENDMOD        ?C?LSTPTR

  -------         MODULE        ?C?PLDIDATA
  C:53FCH         PUBLIC        ?C?PLDIDATA
BL51 BANKED LINKER/LOCATER V6.22.2.0                                                  07/01/2021  14:04:24  PAGE 81


  -------         ENDMOD        ?C?PLDIDATA

  -------         MODULE        ?C?PSTIDATA
  C:5405H         PUBLIC        ?C?PSTIDATA
  -------         ENDMOD        ?C?PSTIDATA

  -------         MODULE        ?C?PLDXDATA
  C:540EH         PUBLIC        ?C?PLDXDATA
  -------         ENDMOD        ?C?PLDXDATA

  -------         MODULE        ?C?PLDIXDATA
  C:5417H         PUBLIC        ?C?PLDIXDATA
  -------         ENDMOD        ?C?PLDIXDATA

  -------         MODULE        ?C?PILDXDATA
  C:542EH         PUBLIC        ?C?PILDXDATA
  -------         ENDMOD        ?C?PILDXDATA

  -------         MODULE        ?C?PSTXDATA
  C:5445H         PUBLIC        ?C?PSTXDATA
  -------         ENDMOD        ?C?PSTXDATA

  -------         MODULE        ?C?PLDPDATA
  C:544EH         PUBLIC        ?C?PLDPDATA
  -------         ENDMOD        ?C?PLDPDATA

  -------         MODULE        ?C?PSTPDATA
  C:5457H         PUBLIC        ?C?PSTPDATA
  -------         ENDMOD        ?C?PSTPDATA

  -------         MODULE        ?C?PLDCODE
  C:5460H         PUBLIC        ?C?PLDCODE
  -------         ENDMOD        ?C?PLDCODE

  -------         MODULE        PUTCHAR
  C:9912H         PUBLIC        _PUTCHAR
  -------         ENDMOD        PUTCHAR

  -------         MODULE        GETCHAR
  B:0024H.2       PUBLIC        ?C?CHARLOADED
  X:00DAH         PUBLIC        ?_UNGETCHAR?BYTE
  C:9ABCH         PUBLIC        GETCHAR
  -------         ENDMOD        GETCHAR

  -------         MODULE        UNGETC
  C:9BA1H         PUBLIC        _UNGETCHAR
  -------         ENDMOD        UNGETC

  -------         MODULE        ISDIGIT
  C:9B48H         PUBLIC        _isdigit
  -------         ENDMOD        ISDIGIT

  -------         MODULE        ISSPACE
  C:9AD0H         PUBLIC        _isspace
  -------         ENDMOD        ISSPACE

  -------         MODULE        ?C?LSTIDATA
BL51 BANKED LINKER/LOCATER V6.22.2.0                                                  07/01/2021  14:04:24  PAGE 82


  C:546CH         PUBLIC        ?C?LSTIDATA
  -------         ENDMOD        ?C?LSTIDATA

  -------         MODULE        ?C?LSTXDATA
  C:5478H         PUBLIC        ?C?LSTXDATA
  -------         ENDMOD        ?C?LSTXDATA

  -------         MODULE        ?C?LSTPDATA
  C:5484H         PUBLIC        ?C?LSTPDATA
  -------         ENDMOD        ?C?LSTPDATA

  -------         MODULE        _GETKEY
  C:9B7DH         PUBLIC        _GETKEY
  -------         ENDMOD        _GETKEY

Program Size: data=38.3 xdata=219 code=39867
LINK/LOCATE RUN COMPLETE.  0 WARNING(S),  0 ERROR(S)
